../Core/Src/main.c:78:6:enable_clocks	4	static
../Core/Src/main.c:87:5:get_difference	24	static
../Core/Src/main.c:95:6:timer_comp	4	static
../Core/Src/main.c:108:5:main	424	static
../Core/Src/main.c:234:6:SystemClock_Config	128	static
../Core/Src/main.c:286:13:MX_ADC1_Init	48	static
../Core/Src/main.c:358:13:MX_ADC4_Init	32	static
../Core/Src/main.c:415:13:MX_I2C1_Init	8	static
../Core/Src/main.c:463:13:MX_SPI1_Init	8	static
../Core/Src/main.c:503:13:MX_USB_PCD_Init	8	static
../Core/Src/main.c:534:13:MX_GPIO_Init	56	static
../Core/Src/main.c:591:6:Error_Handler	4	static,ignoring_inline_asm
