../Drivers/CMSIS/Include/core_cm4.h:1688:22:__NVIC_EnableIRQ	16	static
../Drivers/CMSIS/Include/core_cm4.h:1816:22:__NVIC_SetPriority	16	static
../Core/Src/timer.c:14:6:timer_initialise	16	static
../Core/Src/timer.c:21:6:one_shot_func	4	static
../Core/Src/timer.c:31:6:reset_modes	4	static
../Core/Src/timer.c:38:6:one_shot	16	static
../Core/Src/timer.c:47:6:interval_mode	16	static
../Core/Src/timer.c:56:6:set_period	16	static
../Core/Src/timer.c:63:10:get_period	4	static
../Core/Src/timer.c:69:6:TIM2_IRQHandler	8	static
../Core/Src/timer.c:89:6:enable_interrupt_timer2	8	static,ignoring_inline_asm
../Core/Src/timer.c:98:6:trigger_prescaler	16	static
