Archive member included to satisfy reference by file (symbol)

C:\Users\61411\OneDrive\Desktop\MTRX2700-Game-Show\STMF3disco-BSP\Debug\libF3-components.a(stm32f3_discovery_accelerometer.o)
                              ./Core/Src/main.o (BSP_ACCELERO_Init)
C:\Users\61411\OneDrive\Desktop\MTRX2700-Game-Show\STMF3disco-BSP\Debug\libF3-components.a(stm32f3_discovery_gyroscope.o)
                              ./Core/Src/main.o (BSP_GYRO_Init)
C:\Users\61411\OneDrive\Desktop\MTRX2700-Game-Show\STMF3disco-BSP\Debug\libF3-components.a(i3g4250d.o)
                              C:\Users\61411\OneDrive\Desktop\MTRX2700-Game-Show\STMF3disco-BSP\Debug\libF3-components.a(stm32f3_discovery_gyroscope.o) (I3g4250Drv)
C:\Users\61411\OneDrive\Desktop\MTRX2700-Game-Show\STMF3disco-BSP\Debug\libF3-components.a(l3gd20.o)
                              C:\Users\61411\OneDrive\Desktop\MTRX2700-Game-Show\STMF3disco-BSP\Debug\libF3-components.a(stm32f3_discovery_gyroscope.o) (L3gd20Drv)
C:\Users\61411\OneDrive\Desktop\MTRX2700-Game-Show\STMF3disco-BSP\Debug\libF3-components.a(lsm303agr.o)
                              C:\Users\61411\OneDrive\Desktop\MTRX2700-Game-Show\STMF3disco-BSP\Debug\libF3-components.a(stm32f3_discovery_accelerometer.o) (Lsm303agrDrv)
C:\Users\61411\OneDrive\Desktop\MTRX2700-Game-Show\STMF3disco-BSP\Debug\libF3-components.a(lsm303dlhc.o)
                              C:\Users\61411\OneDrive\Desktop\MTRX2700-Game-Show\STMF3disco-BSP\Debug\libF3-components.a(stm32f3_discovery_accelerometer.o) (Lsm303dlhcDrv)
C:\Users\61411\OneDrive\Desktop\MTRX2700-Game-Show\STMF3disco-BSP\Debug\libF3-components.a(stm32f3_discovery.o)
                              C:\Users\61411\OneDrive\Desktop\MTRX2700-Game-Show\STMF3disco-BSP\Debug\libF3-components.a(i3g4250d.o) (GYRO_IO_Init)
C:/ST/STM32CubeIDE_1.14.1/STM32CubeIDE/plugins/com.st.stm32cube.ide.mcu.externaltools.gnu-tools-for-stm32.11.3.rel1.win32_1.1.100.202309141235/tools/bin/../lib/gcc/arm-none-eabi/11.3.1/../../../../arm-none-eabi/lib/thumb/v7e-m+fp/hard\libc_nano.a(libc_a-exit.o)
                              C:/ST/STM32CubeIDE_1.14.1/STM32CubeIDE/plugins/com.st.stm32cube.ide.mcu.externaltools.gnu-tools-for-stm32.11.3.rel1.win32_1.1.100.202309141235/tools/bin/../lib/gcc/arm-none-eabi/11.3.1/../../../../arm-none-eabi/lib/thumb/v7e-m+fp/hard/crt0.o (exit)
C:/ST/STM32CubeIDE_1.14.1/STM32CubeIDE/plugins/com.st.stm32cube.ide.mcu.externaltools.gnu-tools-for-stm32.11.3.rel1.win32_1.1.100.202309141235/tools/bin/../lib/gcc/arm-none-eabi/11.3.1/../../../../arm-none-eabi/lib/thumb/v7e-m+fp/hard\libc_nano.a(libc_a-nano-vfprintf_float.o)
                              (_printf_float)
C:/ST/STM32CubeIDE_1.14.1/STM32CubeIDE/plugins/com.st.stm32cube.ide.mcu.externaltools.gnu-tools-for-stm32.11.3.rel1.win32_1.1.100.202309141235/tools/bin/../lib/gcc/arm-none-eabi/11.3.1/../../../../arm-none-eabi/lib/thumb/v7e-m+fp/hard\libc_nano.a(libc_a-nano-vfprintf_i.o)
                              C:/ST/STM32CubeIDE_1.14.1/STM32CubeIDE/plugins/com.st.stm32cube.ide.mcu.externaltools.gnu-tools-for-stm32.11.3.rel1.win32_1.1.100.202309141235/tools/bin/../lib/gcc/arm-none-eabi/11.3.1/../../../../arm-none-eabi/lib/thumb/v7e-m+fp/hard\libc_nano.a(libc_a-nano-vfprintf_float.o) (_printf_common)
C:/ST/STM32CubeIDE_1.14.1/STM32CubeIDE/plugins/com.st.stm32cube.ide.mcu.externaltools.gnu-tools-for-stm32.11.3.rel1.win32_1.1.100.202309141235/tools/bin/../lib/gcc/arm-none-eabi/11.3.1/../../../../arm-none-eabi/lib/thumb/v7e-m+fp/hard\libc_nano.a(libc_a-findfp.o)
                              C:/ST/STM32CubeIDE_1.14.1/STM32CubeIDE/plugins/com.st.stm32cube.ide.mcu.externaltools.gnu-tools-for-stm32.11.3.rel1.win32_1.1.100.202309141235/tools/bin/../lib/gcc/arm-none-eabi/11.3.1/../../../../arm-none-eabi/lib/thumb/v7e-m+fp/hard\libc_nano.a(libc_a-exit.o) (__stdio_exit_handler)
C:/ST/STM32CubeIDE_1.14.1/STM32CubeIDE/plugins/com.st.stm32cube.ide.mcu.externaltools.gnu-tools-for-stm32.11.3.rel1.win32_1.1.100.202309141235/tools/bin/../lib/gcc/arm-none-eabi/11.3.1/../../../../arm-none-eabi/lib/thumb/v7e-m+fp/hard\libc_nano.a(libc_a-fwalk.o)
                              C:/ST/STM32CubeIDE_1.14.1/STM32CubeIDE/plugins/com.st.stm32cube.ide.mcu.externaltools.gnu-tools-for-stm32.11.3.rel1.win32_1.1.100.202309141235/tools/bin/../lib/gcc/arm-none-eabi/11.3.1/../../../../arm-none-eabi/lib/thumb/v7e-m+fp/hard\libc_nano.a(libc_a-findfp.o) (_fwalk_sglue)
C:/ST/STM32CubeIDE_1.14.1/STM32CubeIDE/plugins/com.st.stm32cube.ide.mcu.externaltools.gnu-tools-for-stm32.11.3.rel1.win32_1.1.100.202309141235/tools/bin/../lib/gcc/arm-none-eabi/11.3.1/../../../../arm-none-eabi/lib/thumb/v7e-m+fp/hard\libc_nano.a(libc_a-sprintf.o)
                              ./Core/Src/main.o (sprintf)
C:/ST/STM32CubeIDE_1.14.1/STM32CubeIDE/plugins/com.st.stm32cube.ide.mcu.externaltools.gnu-tools-for-stm32.11.3.rel1.win32_1.1.100.202309141235/tools/bin/../lib/gcc/arm-none-eabi/11.3.1/../../../../arm-none-eabi/lib/thumb/v7e-m+fp/hard\libc_nano.a(libc_a-stdio.o)
[...]
Memory Configuration

Name             Origin             Length             Attributes
CCMRAM           0x0000000010000000 0x0000000000002000 xrw
RAM              0x0000000020000000 0x000000000000a000 xrw
FLASH            0x0000000008000000 0x0000000000040000 xr
*default*        0x0000000000000000 0xffffffffffffffff

Linker script and memory map

LOAD C:/ST/STM32CubeIDE_1.14.1/STM32CubeIDE/plugins/com.st.stm32cube.ide.mcu.externaltools.gnu-tools-for-stm32.11.3.rel1.win32_1.1.100.202309141235/tools/bin/../lib/gcc/arm-none-eabi/11.3.1/thumb/v7e-m+fp/hard/crti.o
LOAD C:/ST/STM32CubeIDE_1.14.1/STM32CubeIDE/plugins/com.st.stm32cube.ide.mcu.externaltools.gnu-tools-for-stm32.11.3.rel1.win32_1.1.100.202309141235/tools/bin/../lib/gcc/arm-none-eabi/11.3.1/thumb/v7e-m+fp/hard/crtbegin.o
LOAD C:/ST/STM32CubeIDE_1.14.1/STM32CubeIDE/plugins/com.st.stm32cube.ide.mcu.externaltools.gnu-tools-for-stm32.11.3.rel1.win32_1.1.100.202309141235/tools/bin/../lib/gcc/arm-none-eabi/11.3.1/../../../../arm-none-eabi/lib/thumb/v7e-m+fp/hard/crt0.o
LOAD ./Core/Src/main.o
LOAD ./Core/Src/serial.o
LOAD ./Core/Src/serialise.o
LOAD ./Core/Src/stm32f3xx_hal_msp.o
LOAD ./Core/Src/stm32f3xx_it.o
LOAD ./Core/Src/syscalls.o
LOAD ./Core/Src/sysmem.o
LOAD ./Core/Src/system_stm32f3xx.o
LOAD ./Core/Src/timer.o
LOAD ./Core/Startup/startup_stm32f303vctx.o
LOAD ./Drivers/STM32F3xx_HAL_Driver/Src/stm32f3xx_hal.o
LOAD ./Drivers/STM32F3xx_HAL_Driver/Src/stm32f3xx_hal_cortex.o
LOAD ./Drivers/STM32F3xx_HAL_Driver/Src/stm32f3xx_hal_dma.o
LOAD ./Drivers/STM32F3xx_HAL_Driver/Src/stm32f3xx_hal_exti.o
LOAD ./Drivers/STM32F3xx_HAL_Driver/Src/stm32f3xx_hal_flash.o
LOAD ./Drivers/STM32F3xx_HAL_Driver/Src/stm32f3xx_hal_flash_ex.o
LOAD ./Drivers/STM32F3xx_HAL_Driver/Src/stm32f3xx_hal_gpio.o
LOAD ./Drivers/STM32F3xx_HAL_Driver/Src/stm32f3xx_hal_i2c.o
LOAD ./Drivers/STM32F3xx_HAL_Driver/Src/stm32f3xx_hal_i2c_ex.o
LOAD ./Drivers/STM32F3xx_HAL_Driver/Src/stm32f3xx_hal_pcd.o
LOAD ./Drivers/STM32F3xx_HAL_Driver/Src/stm32f3xx_hal_pcd_ex.o
LOAD ./Drivers/STM32F3xx_HAL_Driver/Src/stm32f3xx_hal_pwr.o
LOAD ./Drivers/STM32F3xx_HAL_Driver/Src/stm32f3xx_hal_pwr_ex.o
LOAD ./Drivers/STM32F3xx_HAL_Driver/Src/stm32f3xx_hal_rcc.o
LOAD ./Drivers/STM32F3xx_HAL_Driver/Src/stm32f3xx_hal_rcc_ex.o
LOAD ./Drivers/STM32F3xx_HAL_Driver/Src/stm32f3xx_hal_spi.o
LOAD ./Drivers/STM32F3xx_HAL_Driver/Src/stm32f3xx_hal_spi_ex.o
LOAD ./Drivers/STM32F3xx_HAL_Driver/Src/stm32f3xx_hal_tim.o
LOAD ./Drivers/STM32F3xx_HAL_Driver/Src/stm32f3xx_hal_tim_ex.o
LOAD ./Drivers/STM32F3xx_HAL_Driver/Src/stm32f3xx_ll_usb.o
LOAD C:\Users\61411\OneDrive\Desktop\MTRX2700-Game-Show\STMF3disco-BSP\Debug\libF3-components.a
START GROUP
LOAD C:/ST/STM32CubeIDE_1.14.1/STM32CubeIDE/plugins/com.st.stm32cube.ide.mcu.externaltools.gnu-tools-for-stm32.11.3.rel1.win32_1.1.100.202309141235/tools/bin/../lib/gcc/arm-none-eabi/11.3.1/../../../../arm-none-eabi/lib/thumb/v7e-m+fp/hard\libc_nano.a
LOAD C:/ST/STM32CubeIDE_1.14.1/STM32CubeIDE/plugins/com.st.stm32cube.ide.mcu.externaltools.gnu-tools-for-stm32.11.3.rel1.win32_1.1.100.202309141235/tools/bin/../lib/gcc/arm-none-eabi/11.3.1/../../../../arm-none-eabi/lib/thumb/v7e-m+fp/hard\libm.a
END GROUP
START GROUP
LOAD C:/ST/STM32CubeIDE_1.14.1/STM32CubeIDE/plugins/com.st.stm32cube.ide.mcu.externaltools.gnu-tools-for-stm32.11.3.rel1.win32_1.1.100.202309141235/tools/bin/../lib/gcc/arm-none-eabi/11.3.1/thumb/v7e-m+fp/hard\libgcc.a
LOAD C:/ST/STM32CubeIDE_1.14.1/STM32CubeIDE/plugins/com.st.stm32cube.ide.mcu.externaltools.gnu-tools-for-stm32.11.3.rel1.win32_1.1.100.202309141235/tools/bin/../lib/gcc/arm-none-eabi/11.3.1/../../../../arm-none-eabi/lib/thumb/v7e-m+fp/hard\libc_nano.a
END GROUP
START GROUP
LOAD C:/ST/STM32CubeIDE_1.14.1/STM32CubeIDE/plugins/com.st.stm32cube.ide.mcu.externaltools.gnu-tools-for-stm32.11.3.rel1.win32_1.1.100.202309141235/tools/bin/../lib/gcc/arm-none-eabi/11.3.1/thumb/v7e-m+fp/hard\libgcc.a
LOAD C:/ST/STM32CubeIDE_1.14.1/STM32CubeIDE/plugins/com.st.stm32cube.ide.mcu.externaltools.gnu-tools-for-stm32.11.3.rel1.win32_1.1.100.202309141235/tools/bin/../lib/gcc/arm-none-eabi/11.3.1/../../../../arm-none-eabi/lib/thumb/v7e-m+fp/hard\libc_nano.a
LOAD C:/ST/STM32CubeIDE_1.14.1/STM32CubeIDE/plugins/com.st.stm32cube.ide.mcu.externaltools.gnu-tools-for-stm32.11.3.rel1.win32_1.1.100.202309141235/tools/bin/../lib/gcc/arm-none-eabi/11.3.1/../../../../arm-none-eabi/lib/thumb/v7e-m+fp/hard\libnosys.a
END GROUP
START GROUP
LOAD C:/ST/STM32CubeIDE_1.14.1/STM32CubeIDE/plugins/com.st.stm32cube.ide.mcu.externaltools.gnu-tools-for-stm32.11.3.rel1.win32_1.1.100.202309141235/tools/bin/../lib/gcc/arm-none-eabi/11.3.1/thumb/v7e-m+fp/hard\libgcc.a
LOAD C:/ST/STM32CubeIDE_1.14.1/STM32CubeIDE/plugins/com.st.stm32cube.ide.mcu.externaltools.gnu-tools-for-stm32.11.3.rel1.win32_1.1.100.202309141235/tools/bin/../lib/gcc/arm-none-eabi/11.3.1/../../../../arm-none-eabi/lib/thumb/v7e-m+fp/hard\libc_nano.a
LOAD C:/ST/STM32CubeIDE_1.14.1/STM32CubeIDE/plugins/com.st.stm32cube.ide.mcu.externaltools.gnu-tools-for-stm32.11.3.rel1.win32_1.1.100.202309141235/tools/bin/../lib/gcc/arm-none-eabi/11.3.1/../../../../arm-none-eabi/lib/thumb/v7e-m+fp/hard\libnosys.a
END GROUP
LOAD C:/ST/STM32CubeIDE_1.14.1/STM32CubeIDE/plugins/com.st.stm32cube.ide.mcu.externaltools.gnu-tools-for-stm32.11.3.rel1.win32_1.1.100.202309141235/tools/bin/../lib/gcc/arm-none-eabi/11.3.1/thumb/v7e-m+fp/hard/crtend.o
LOAD C:/ST/STM32CubeIDE_1.14.1/STM32CubeIDE/plugins/com.st.stm32cube.ide.mcu.externaltools.gnu-tools-for-stm32.11.3.rel1.win32_1.1.100.202309141235/tools/bin/../lib/gcc/arm-none-eabi/11.3.1/thumb/v7e-m+fp/hard/crtn.o
                0x000000002000a000                _estack = (ORIGIN (RAM) + LENGTH (RAM))
                0x0000000000000200                _Min_Heap_Size = 0x200
                0x0000000000000400                _Min_Stack_Size = 0x400

.isr_vector     0x0000000008000000      0x188
                0x0000000008000000                . = ALIGN (0x4)
 *(.isr_vector)
 .isr_vector    0x0000000008000000      0x188 ./Core/Startup/startup_stm32f303vctx.o
                0x0000000008000000                g_pfnVectors
                0x0000000008000188                . = ALIGN (0x4)

.text           0x0000000008000190     0xa780
                0x0000000008000190                . = ALIGN (0x4)
 *(.text)
 .text          0x0000000008000190       0x40 C:/ST/STM32CubeIDE_1.14.1/STM32CubeIDE/plugins/com.st.stm32cube.ide.mcu.externaltools.gnu-tools-for-stm32.11.3.rel1.win32_1.1.100.202309141235/tools/bin/../lib/gcc/arm-none-eabi/11.3.1/thumb/v7e-m+fp/hard/crtbegin.o
 .text          0x00000000080001d0       0xa0 C:/ST/STM32CubeIDE_1.14.1/STM32CubeIDE/plugins/com.st.stm32cube.ide.mcu.externaltools.gnu-tools-for-stm32.11.3.rel1.win32_1.1.100.202309141235/tools/bin/../lib/gcc/arm-none-eabi/11.3.1/../../../../arm-none-eabi/lib/thumb/v7e-m+fp/hard\libc_nano.a(libc_a-memchr.o)
                0x00000000080001d0                memchr
 .text          0x0000000008000270       0x10 C:/ST/STM32CubeIDE_1.14.1/STM32CubeIDE/plugins/com.st.stm32cube.ide.mcu.externaltools.gnu-tools-for-stm32.11.3.rel1.win32_1.1.100.202309141235/tools/bin/../lib/gcc/arm-none-eabi/11.3.1/../../../../arm-none-eabi/lib/thumb/v7e-m+fp/hard\libc_nano.a(libc_a-strlen.o)
                0x0000000008000270                strlen
 .text          0x0000000008000280      0x378 C:/ST/STM32CubeIDE_1.14.1/STM32CubeIDE/plugins/com.st.stm32cube.ide.mcu.externaltools.gnu-tools-for-stm32.11.3.rel1.win32_1.1.100.202309141235/tools/bin/../lib/gcc/arm-none-eabi/11.3.1/thumb/v7e-m+fp/hard\libgcc.a(_arm_addsubdf3.o)
                0x0000000008000280                __aeabi_drsub
                0x0000000008000288                __aeabi_dsub
                0x0000000008000288                __subdf3
                0x000000000800028c                __aeabi_dadd
                0x000000000800028c                __adddf3
                0x0000000008000504                __floatunsidf
                0x0000000008000504                __aeabi_ui2d
                0x0000000008000524                __floatsidf
                0x0000000008000524                __aeabi_i2d
                0x0000000008000548                __aeabi_f2d
                0x0000000008000548                __extendsfdf2
                0x000000000800058c                __floatundidf
                0x000000000800058c                __aeabi_ul2d
                0x000000000800059c                __floatdidf
                0x000000000800059c                __aeabi_l2d
 .text          0x00000000080005f8      0x424 C:/ST/STM32CubeIDE_1.14.1/STM32CubeIDE/plugins/com.st.stm32cube.ide.mcu.externaltools.gnu-tools-for-stm32.11.3.rel1.win32_1.1.100.202309141235/tools/bin/../lib/gcc/arm-none-eabi/11.3.1/thumb/v7e-m+fp/hard\libgcc.a(_arm_muldivdf3.o)
                0x00000000080005f8                __aeabi_dmul
                0x00000000080005f8                __muldf3
                0x000000000800084c                __divdf3
                0x000000000800084c                __aeabi_ddiv
 .text          0x0000000008000a1c      0x110 C:/ST/STM32CubeIDE_1.14.1/STM32CubeIDE/plugins/com.st.stm32cube.ide.mcu.externaltools.gnu-tools-for-stm32.11.3.rel1.win32_1.1.100.202309141235/tools/bin/../lib/gcc/arm-none-eabi/11.3.1/thumb/v7e-m+fp/hard\libgcc.a(_arm_cmpdf2.o)
                0x0000000008000a1c                __gtdf2
                0x0000000008000a1c                __gedf2
                0x0000000008000a24                __ltdf2
                0x0000000008000a24                __ledf2
                0x0000000008000a2c                __nedf2
                0x0000000008000a2c                __eqdf2
                0x0000000008000a2c                __cmpdf2
                0x0000000008000aa8                __aeabi_cdrcmple
                0x0000000008000ab8                __aeabi_cdcmpeq
                0x0000000008000ab8                __aeabi_cdcmple
                0x0000000008000ac8                __aeabi_dcmpeq
                0x0000000008000adc                __aeabi_dcmplt
                0x0000000008000af0                __aeabi_dcmple
                0x0000000008000b04                __aeabi_dcmpge
                0x0000000008000b18                __aeabi_dcmpgt
 .text          0x0000000008000b2c       0x2c C:/ST/STM32CubeIDE_1.14.1/STM32CubeIDE/plugins/com.st.stm32cube.ide.mcu.externaltools.gnu-tools-for-stm32.11.3.rel1.win32_1.1.100.202309141235/tools/bin/../lib/gcc/arm-none-eabi/11.3.1/thumb/v7e-m+fp/hard\libgcc.a(_arm_unorddf2.o)
                0x0000000008000b2c                __unorddf2
                0x0000000008000b2c                __aeabi_dcmpun
 .text          0x0000000008000b58       0x50 C:/ST/STM32CubeIDE_1.14.1/STM32CubeIDE/plugins/com.st.stm32cube.ide.mcu.externaltools.gnu-tools-for-stm32.11.3.rel1.win32_1.1.100.202309141235/tools/bin/../lib/gcc/arm-none-eabi/11.3.1/thumb/v7e-m+fp/hard\libgcc.a(_arm_fixdfsi.o)
                0x0000000008000b58                __aeabi_d2iz
                0x0000000008000b58                __fixdfsi
 .text          0x0000000008000ba8       0xa0 C:/ST/STM32CubeIDE_1.14.1/STM32CubeIDE/plugins/com.st.stm32cube.ide.mcu.externaltools.gnu-tools-for-stm32.11.3.rel1.win32_1.1.100.202309141235/tools/bin/../lib/gcc/arm-none-eabi/11.3.1/thumb/v7e-m+fp/hard\libgcc.a(_arm_truncdfsf2.o)
                0x0000000008000ba8                __truncdfsf2
                0x0000000008000ba8                __aeabi_d2f
 *(.text*)
 .text.USART1_IRQHandler
                0x0000000008000c48       0xf8 ./Core/Src/main.o
                0x0000000008000c48                USART1_IRQHandler
 .text.enable_clocks
                0x0000000008000d40       0x2c ./Core/Src/main.o
                0x0000000008000d40                enable_clocks
 *fill*         0x0000000008000d6c        0x4 
 .text.read_and_transmit
                0x0000000008000d70      0x27c ./Core/Src/main.o
                0x0000000008000d70                read_and_transmit
 .text.main     0x0000000008000fec       0x50 ./Core/Src/main.o
                0x0000000008000fec                main
 .text.SystemClock_Config
                0x000000000800103c       0xc4 ./Core/Src/main.o
                0x000000000800103c                SystemClock_Config
 .text.MX_I2C1_Init
                0x0000000008001100       0x80 ./Core/Src/main.o
 .text.MX_SPI1_Init
                0x0000000008001180       0x7c ./Core/Src/main.o
 .text.MX_USB_PCD_Init
                0x00000000080011fc       0x44 ./Core/Src/main.o
 .text.MX_GPIO_Init
                0x0000000008001240       0xfc ./Core/Src/main.o
 .text.Error_Handler
                0x000000000800133c        0xa ./Core/Src/main.o
                0x000000000800133c                Error_Handler
 *fill*         0x0000000008001346        0x2 
 .text.__NVIC_EnableIRQ
                0x0000000008001348       0x3c ./Core/Src/serial.o
 .text.__NVIC_SetPriority
                0x0000000008001384       0x54 ./Core/Src/serial.o
 .text.SerialInitialise
                0x00000000080013d8       0xf8 ./Core/Src/serial.o
                0x00000000080013d8                SerialInitialise
 .text.SerialOutputChar
                0x00000000080014d0       0x32 ./Core/Src/serial.o
                0x00000000080014d0                SerialOutputChar
 .text.SerialOutputString
                0x0000000008001502       0x48 ./Core/Src/serial.o
                0x0000000008001502                SerialOutputString
 .text.SerialReceiveChar
                0x000000000800154a       0x7a ./Core/Src/serial.o
                0x000000000800154a                SerialReceiveChar
 .text.HAL_MspInit
                0x00000000080015c4       0x48 ./Core/Src/stm32f3xx_hal_msp.o
                0x00000000080015c4                HAL_MspInit
 .text.HAL_I2C_MspInit
                0x000000000800160c       0x88 ./Core/Src/stm32f3xx_hal_msp.o
                0x000000000800160c                HAL_I2C_MspInit
 .text.HAL_I2C_MspDeInit
                0x0000000008001694       0x44 ./Core/Src/stm32f3xx_hal_msp.o
                0x0000000008001694                HAL_I2C_MspDeInit
 .text.HAL_SPI_MspInit
                0x00000000080016d8       0x84 ./Core/Src/stm32f3xx_hal_msp.o
                0x00000000080016d8                HAL_SPI_MspInit
 .text.HAL_SPI_MspDeInit
                0x000000000800175c       0x38 ./Core/Src/stm32f3xx_hal_msp.o
                0x000000000800175c                HAL_SPI_MspDeInit
 .text.HAL_PCD_MspInit
                0x0000000008001794       0x88 ./Core/Src/stm32f3xx_hal_msp.o
                0x0000000008001794                HAL_PCD_MspInit
 .text.NMI_Handler
                0x000000000800181c        0x6 ./Core/Src/stm32f3xx_it.o
                0x000000000800181c                NMI_Handler
 .text.HardFault_Handler
                0x0000000008001822        0x6 ./Core/Src/stm32f3xx_it.o
                0x0000000008001822                HardFault_Handler
 .text.MemManage_Handler
                0x0000000008001828        0x6 ./Core/Src/stm32f3xx_it.o
                0x0000000008001828                MemManage_Handler
 .text.BusFault_Handler
                0x000000000800182e        0x6 ./Core/Src/stm32f3xx_it.o
                0x000000000800182e                BusFault_Handler
 .text.UsageFault_Handler
                0x0000000008001834        0x6 ./Core/Src/stm32f3xx_it.o
                0x0000000008001834                UsageFault_Handler
 .text.SVC_Handler
                0x000000000800183a        0xe ./Core/Src/stm32f3xx_it.o
                0x000000000800183a                SVC_Handler
 .text.DebugMon_Handler
                0x0000000008001848        0xe ./Core/Src/stm32f3xx_it.o
                0x0000000008001848                DebugMon_Handler
 .text.PendSV_Handler
                0x0000000008001856        0xe ./Core/Src/stm32f3xx_it.o
                0x0000000008001856                PendSV_Handler
 .text.SysTick_Handler
                0x0000000008001864        0xc ./Core/Src/stm32f3xx_it.o
                0x0000000008001864                SysTick_Handler
 .text._getpid  0x0000000008001870       0x10 ./Core/Src/syscalls.o
                0x0000000008001870                _getpid
 .text._kill    0x0000000008001880       0x20 ./Core/Src/syscalls.o
                0x0000000008001880                _kill
 .text._exit    0x00000000080018a0       0x14 ./Core/Src/syscalls.o
                0x00000000080018a0                _exit
 .text._read    0x00000000080018b4       0x3a ./Core/Src/syscalls.o
                0x00000000080018b4                _read
 .text._write   0x00000000080018ee       0x38 ./Core/Src/syscalls.o
                0x00000000080018ee                _write
 .text._close   0x0000000008001926       0x18 ./Core/Src/syscalls.o
                0x0000000008001926                _close
 .text._fstat   0x000000000800193e       0x20 ./Core/Src/syscalls.o
                0x000000000800193e                _fstat
 .text._isatty  0x000000000800195e       0x16 ./Core/Src/syscalls.o
                0x000000000800195e                _isatty
 .text._lseek   0x0000000008001974       0x1a ./Core/Src/syscalls.o
                0x0000000008001974                _lseek
 *fill*         0x000000000800198e        0x2 
 .text._sbrk    0x0000000008001990       0x6c ./Core/Src/sysmem.o
                0x0000000008001990                _sbrk
 .text.SystemInit
                0x00000000080019fc       0x24 ./Core/Src/system_stm32f3xx.o
                0x00000000080019fc                SystemInit
 .text.__NVIC_EnableIRQ
                0x0000000008001a20       0x3c ./Core/Src/timer.o
 .text.__NVIC_SetPriority
                0x0000000008001a5c       0x54 ./Core/Src/timer.o
 .text.reset_modes
                0x0000000008001ab0       0x24 ./Core/Src/timer.o
                0x0000000008001ab0                reset_modes
 .text.interval_mode
                0x0000000008001ad4       0x50 ./Core/Src/timer.o
                0x0000000008001ad4                interval_mode
 .text.set_period
                0x0000000008001b24       0x2c ./Core/Src/timer.o
                0x0000000008001b24                set_period
 .text.TIM2_IRQHandler
                0x0000000008001b50       0x38 ./Core/Src/timer.o
                0x0000000008001b50                TIM2_IRQHandler
 .text.enable_interrupt_timer2
                0x0000000008001b88       0x2e ./Core/Src/timer.o
                0x0000000008001b88                enable_interrupt_timer2
 .text.trigger_prescaler
                0x0000000008001bb6       0x38 ./Core/Src/timer.o
                0x0000000008001bb6                trigger_prescaler
 *fill*         0x0000000008001bee        0x2 
 .text.Reset_Handler
                0x0000000008001bf0       0x50 ./Core/Startup/startup_stm32f303vctx.o
                0x0000000008001bf0                Reset_Handler
 .text.Default_Handler
                0x0000000008001c40        0x2 ./Core/Startup/startup_stm32f303vctx.o
                0x0000000008001c40                RTC_Alarm_IRQHandler
                0x0000000008001c40                TIM8_TRG_COM_IRQHandler
                0x0000000008001c40                TIM8_CC_IRQHandler
                0x0000000008001c40                TIM1_CC_IRQHandler
                0x0000000008001c40                USB_HP_IRQHandler
                0x0000000008001c40                PVD_IRQHandler
                0x0000000008001c40                TAMP_STAMP_IRQHandler
                0x0000000008001c40                EXTI3_IRQHandler
                0x0000000008001c40                USB_HP_CAN_TX_IRQHandler
                0x0000000008001c40                EXTI0_IRQHandler
                0x0000000008001c40                I2C2_EV_IRQHandler
                0x0000000008001c40                FPU_IRQHandler
                0x0000000008001c40                TIM1_UP_TIM16_IRQHandler
                0x0000000008001c40                ADC1_2_IRQHandler
                0x0000000008001c40                SPI1_IRQHandler
                0x0000000008001c40                CAN_SCE_IRQHandler
                0x0000000008001c40                TIM6_DAC_IRQHandler
                0x0000000008001c40                TIM8_UP_IRQHandler
                0x0000000008001c40                DMA2_Channel2_IRQHandler
                0x0000000008001c40                DMA1_Channel4_IRQHandler
                0x0000000008001c40                USART3_IRQHandler
                0x0000000008001c40                DMA1_Channel7_IRQHandler
                0x0000000008001c40                UART5_IRQHandler
                0x0000000008001c40                ADC3_IRQHandler
                0x0000000008001c40                TIM4_IRQHandler
                0x0000000008001c40                CAN_RX1_IRQHandler
                0x0000000008001c40                DMA2_Channel1_IRQHandler
                0x0000000008001c40                I2C1_EV_IRQHandler
                0x0000000008001c40                DMA1_Channel6_IRQHandler
                0x0000000008001c40                UART4_IRQHandler
                0x0000000008001c40                DMA2_Channel4_IRQHandler
                0x0000000008001c40                TIM3_IRQHandler
                0x0000000008001c40                RCC_IRQHandler
                0x0000000008001c40                DMA1_Channel1_IRQHandler
                0x0000000008001c40                Default_Handler
                0x0000000008001c40                USBWakeUp_RMP_IRQHandler
                0x0000000008001c40                EXTI15_10_IRQHandler
                0x0000000008001c40                TIM7_IRQHandler
                0x0000000008001c40                EXTI9_5_IRQHandler
                0x0000000008001c40                RTC_WKUP_IRQHandler
                0x0000000008001c40                SPI2_IRQHandler
                0x0000000008001c40                USB_LP_CAN_RX0_IRQHandler
                0x0000000008001c40                DMA2_Channel5_IRQHandler
                0x0000000008001c40                DMA1_Channel5_IRQHandler
                0x0000000008001c40                USB_LP_IRQHandler
                0x0000000008001c40                EXTI4_IRQHandler
                0x0000000008001c40                TIM1_TRG_COM_TIM17_IRQHandler
                0x0000000008001c40                DMA1_Channel3_IRQHandler
                0x0000000008001c40                ADC4_IRQHandler
                0x0000000008001c40                WWDG_IRQHandler
                0x0000000008001c40                COMP7_IRQHandler
                0x0000000008001c40                COMP1_2_3_IRQHandler
                0x0000000008001c40                EXTI1_IRQHandler
                0x0000000008001c40                USART2_IRQHandler
                0x0000000008001c40                COMP4_5_6_IRQHandler
                0x0000000008001c40                I2C2_ER_IRQHandler
                0x0000000008001c40                DMA1_Channel2_IRQHandler
                0x0000000008001c40                TIM8_BRK_IRQHandler
                0x0000000008001c40                FLASH_IRQHandler
                0x0000000008001c40                SPI3_IRQHandler
                0x0000000008001c40                I2C1_ER_IRQHandler
                0x0000000008001c40                USBWakeUp_IRQHandler
                0x0000000008001c40                DMA2_Channel3_IRQHandler
                0x0000000008001c40                EXTI2_TSC_IRQHandler
                0x0000000008001c40                TIM1_BRK_TIM15_IRQHandler
 *fill*         0x0000000008001c42        0x2 
 .text.HAL_Init
                0x0000000008001c44       0x2c ./Drivers/STM32F3xx_HAL_Driver/Src/stm32f3xx_hal.o
                0x0000000008001c44                HAL_Init
 .text.HAL_InitTick
                0x0000000008001c70       0x60 ./Drivers/STM32F3xx_HAL_Driver/Src/stm32f3xx_hal.o
                0x0000000008001c70                HAL_InitTick
 .text.HAL_IncTick
                0x0000000008001cd0       0x28 ./Drivers/STM32F3xx_HAL_Driver/Src/stm32f3xx_hal.o
                0x0000000008001cd0                HAL_IncTick
 .text.HAL_GetTick
                0x0000000008001cf8       0x18 ./Drivers/STM32F3xx_HAL_Driver/Src/stm32f3xx_hal.o
                0x0000000008001cf8                HAL_GetTick
 .text.__NVIC_SetPriorityGrouping
                0x0000000008001d10       0x48 ./Drivers/STM32F3xx_HAL_Driver/Src/stm32f3xx_hal_cortex.o
 .text.__NVIC_GetPriorityGrouping
                0x0000000008001d58       0x1c ./Drivers/STM32F3xx_HAL_Driver/Src/stm32f3xx_hal_cortex.o
 .text.__NVIC_EnableIRQ
                0x0000000008001d74       0x3c ./Drivers/STM32F3xx_HAL_Driver/Src/stm32f3xx_hal_cortex.o
 .text.__NVIC_SetPriority
                0x0000000008001db0       0x54 ./Drivers/STM32F3xx_HAL_Driver/Src/stm32f3xx_hal_cortex.o
 .text.NVIC_EncodePriority
                0x0000000008001e04       0x66 ./Drivers/STM32F3xx_HAL_Driver/Src/stm32f3xx_hal_cortex.o
 *fill*         0x0000000008001e6a        0x2 
 .text.SysTick_Config
                0x0000000008001e6c       0x44 ./Drivers/STM32F3xx_HAL_Driver/Src/stm32f3xx_hal_cortex.o
 .text.HAL_NVIC_SetPriorityGrouping
                0x0000000008001eb0       0x16 ./Drivers/STM32F3xx_HAL_Driver/Src/stm32f3xx_hal_cortex.o
                0x0000000008001eb0                HAL_NVIC_SetPriorityGrouping
 .text.HAL_NVIC_SetPriority
                0x0000000008001ec6       0x38 ./Drivers/STM32F3xx_HAL_Driver/Src/stm32f3xx_hal_cortex.o
                0x0000000008001ec6                HAL_NVIC_SetPriority
 .text.HAL_NVIC_EnableIRQ
                0x0000000008001efe       0x1c ./Drivers/STM32F3xx_HAL_Driver/Src/stm32f3xx_hal_cortex.o
                0x0000000008001efe                HAL_NVIC_EnableIRQ
 .text.HAL_SYSTICK_Config
                0x0000000008001f1a       0x18 ./Drivers/STM32F3xx_HAL_Driver/Src/stm32f3xx_hal_cortex.o
                0x0000000008001f1a                HAL_SYSTICK_Config
 *fill*         0x0000000008001f32        0x2 
 .text.HAL_GPIO_Init
                0x0000000008001f34      0x2f4 ./Drivers/STM32F3xx_HAL_Driver/Src/stm32f3xx_hal_gpio.o
                0x0000000008001f34                HAL_GPIO_Init
 .text.HAL_GPIO_DeInit
                0x0000000008002228      0x1b8 ./Drivers/STM32F3xx_HAL_Driver/Src/stm32f3xx_hal_gpio.o
                0x0000000008002228                HAL_GPIO_DeInit
 .text.HAL_GPIO_WritePin
                0x00000000080023e0       0x30 ./Drivers/STM32F3xx_HAL_Driver/Src/stm32f3xx_hal_gpio.o
                0x00000000080023e0                HAL_GPIO_WritePin
 .text.HAL_I2C_Init
                0x0000000008002410      0x11e ./Drivers/STM32F3xx_HAL_Driver/Src/stm32f3xx_hal_i2c.o
                0x0000000008002410                HAL_I2C_Init
 .text.HAL_I2C_DeInit
                0x000000000800252e       0x5e ./Drivers/STM32F3xx_HAL_Driver/Src/stm32f3xx_hal_i2c.o
                0x000000000800252e                HAL_I2C_DeInit
 .text.HAL_I2C_Mem_Write
                0x000000000800258c      0x228 ./Drivers/STM32F3xx_HAL_Driver/Src/stm32f3xx_hal_i2c.o
                0x000000000800258c                HAL_I2C_Mem_Write
 .text.HAL_I2C_Mem_Read
                0x00000000080027b4      0x234 ./Drivers/STM32F3xx_HAL_Driver/Src/stm32f3xx_hal_i2c.o
                0x00000000080027b4                HAL_I2C_Mem_Read
 .text.HAL_I2C_GetState
                0x00000000080029e8       0x1c ./Drivers/STM32F3xx_HAL_Driver/Src/stm32f3xx_hal_i2c.o
                0x00000000080029e8                HAL_I2C_GetState
 .text.I2C_RequestMemoryWrite
                0x0000000008002a04       0xa8 ./Drivers/STM32F3xx_HAL_Driver/Src/stm32f3xx_hal_i2c.o
 .text.I2C_RequestMemoryRead
                0x0000000008002aac       0xa8 ./Drivers/STM32F3xx_HAL_Driver/Src/stm32f3xx_hal_i2c.o
 .text.I2C_Flush_TXDR
                0x0000000008002b54       0x48 ./Drivers/STM32F3xx_HAL_Driver/Src/stm32f3xx_hal_i2c.o
 .text.I2C_WaitOnFlagUntilTimeout
                0x0000000008002b9c       0x9e ./Drivers/STM32F3xx_HAL_Driver/Src/stm32f3xx_hal_i2c.o
 .text.I2C_WaitOnTXISFlagUntilTimeout
                0x0000000008002c3a       0x8e ./Drivers/STM32F3xx_HAL_Driver/Src/stm32f3xx_hal_i2c.o
 .text.I2C_WaitOnSTOPFlagUntilTimeout
                0x0000000008002cc8       0x86 ./Drivers/STM32F3xx_HAL_Driver/Src/stm32f3xx_hal_i2c.o
 *fill*         0x0000000008002d4e        0x2 
 .text.I2C_IsErrorOccurred
                0x0000000008002d50      0x1c0 ./Drivers/STM32F3xx_HAL_Driver/Src/stm32f3xx_hal_i2c.o
 .text.I2C_TransferConfig
                0x0000000008002f10       0x64 ./Drivers/STM32F3xx_HAL_Driver/Src/stm32f3xx_hal_i2c.o
 .text.HAL_I2CEx_ConfigAnalogFilter
                0x0000000008002f74       0x96 ./Drivers/STM32F3xx_HAL_Driver/Src/stm32f3xx_hal_i2c_ex.o
                0x0000000008002f74                HAL_I2CEx_ConfigAnalogFilter
 .text.HAL_I2CEx_ConfigDigitalFilter
                0x000000000800300a       0x98 ./Drivers/STM32F3xx_HAL_Driver/Src/stm32f3xx_hal_i2c_ex.o
                0x000000000800300a                HAL_I2CEx_ConfigDigitalFilter
 .text.HAL_PCD_Init
                0x00000000080030a2      0x1a4 ./Drivers/STM32F3xx_HAL_Driver/Src/stm32f3xx_hal_pcd.o
                0x00000000080030a2                HAL_PCD_Init
 *fill*         0x0000000008003246        0x2 
 .text.HAL_RCC_OscConfig
                0x0000000008003248     0x107c ./Drivers/STM32F3xx_HAL_Driver/Src/stm32f3xx_hal_rcc.o
                0x0000000008003248                HAL_RCC_OscConfig
 .text.HAL_RCC_ClockConfig
                0x00000000080042c4      0x2f8 ./Drivers/STM32F3xx_HAL_Driver/Src/stm32f3xx_hal_rcc.o
                0x00000000080042c4                HAL_RCC_ClockConfig
 .text.HAL_RCC_GetSysClockFreq
                0x00000000080045bc       0xd4 ./Drivers/STM32F3xx_HAL_Driver/Src/stm32f3xx_hal_rcc.o
                0x00000000080045bc                HAL_RCC_GetSysClockFreq
 .text.HAL_RCCEx_PeriphCLKConfig
                0x0000000008004690      0x360 ./Drivers/STM32F3xx_HAL_Driver/Src/stm32f3xx_hal_rcc_ex.o
                0x0000000008004690                HAL_RCCEx_PeriphCLKConfig
 .text.HAL_SPI_Init
                0x00000000080049f0      0x156 ./Drivers/STM32F3xx_HAL_Driver/Src/stm32f3xx_hal_spi.o
                0x00000000080049f0                HAL_SPI_Init
 .text.HAL_SPI_DeInit
                0x0000000008004b46       0x50 ./Drivers/STM32F3xx_HAL_Driver/Src/stm32f3xx_hal_spi.o
                0x0000000008004b46                HAL_SPI_DeInit
 .text.HAL_SPI_TransmitReceive
                0x0000000008004b96      0x444 ./Drivers/STM32F3xx_HAL_Driver/Src/stm32f3xx_hal_spi.o
                0x0000000008004b96                HAL_SPI_TransmitReceive
 .text.HAL_SPI_GetState
                0x0000000008004fda       0x1c ./Drivers/STM32F3xx_HAL_Driver/Src/stm32f3xx_hal_spi.o
                0x0000000008004fda                HAL_SPI_GetState
 *fill*         0x0000000008004ff6        0x2 
 .text.SPI_WaitFlagStateUntilTimeout
                0x0000000008004ff8      0x110 ./Drivers/STM32F3xx_HAL_Driver/Src/stm32f3xx_hal_spi.o
 .text.SPI_WaitFifoStateUntilTimeout
                0x0000000008005108      0x12c ./Drivers/STM32F3xx_HAL_Driver/Src/stm32f3xx_hal_spi.o
 .text.SPI_EndRxTxTransaction
                0x0000000008005234       0x8c ./Drivers/STM32F3xx_HAL_Driver/Src/stm32f3xx_hal_spi.o
 .text.USB_DisableGlobalInt
                0x00000000080052c0       0x36 ./Drivers/STM32F3xx_HAL_Driver/Src/stm32f3xx_ll_usb.o
                0x00000000080052c0                USB_DisableGlobalInt
 .text.USB_DevInit
                0x00000000080052f6       0x42 ./Drivers/STM32F3xx_HAL_Driver/Src/stm32f3xx_ll_usb.o
                0x00000000080052f6                USB_DevInit
 .text.BSP_ACCELERO_Init
                0x0000000008005338      0x184 C:\Users\61411\OneDrive\Desktop\MTRX2700-Game-Show\STMF3disco-BSP\Debug\libF3-components.a(stm32f3_discovery_accelerometer.o)
                0x0000000008005338                BSP_ACCELERO_Init
 .text.BSP_GYRO_Init
                0x00000000080054bc      0x16c C:\Users\61411\OneDrive\Desktop\MTRX2700-Game-Show\STMF3disco-BSP\Debug\libF3-components.a(stm32f3_discovery_gyroscope.o)
                0x00000000080054bc                BSP_GYRO_Init
 .text.BSP_GYRO_GetXYZ
                0x0000000008005628       0x28 C:\Users\61411\OneDrive\Desktop\MTRX2700-Game-Show\STMF3disco-BSP\Debug\libF3-components.a(stm32f3_discovery_gyroscope.o)
                0x0000000008005628                BSP_GYRO_GetXYZ
 .text.I3G4250D_Init
                0x0000000008005650       0x46 C:\Users\61411\OneDrive\Desktop\MTRX2700-Game-Show\STMF3disco-BSP\Debug\libF3-components.a(i3g4250d.o)
                0x0000000008005650                I3G4250D_Init
 .text.I3G4250D_DeInit
                0x0000000008005696        0xe C:\Users\61411\OneDrive\Desktop\MTRX2700-Game-Show\STMF3disco-BSP\Debug\libF3-components.a(i3g4250d.o)
                0x0000000008005696                I3G4250D_DeInit
 .text.I3G4250D_ReadID
                0x00000000080056a4       0x20 C:\Users\61411\OneDrive\Desktop\MTRX2700-Game-Show\STMF3disco-BSP\Debug\libF3-components.a(i3g4250d.o)
                0x00000000080056a4                I3G4250D_ReadID
 .text.I3G4250D_RebootCmd
                0x00000000080056c4       0x30 C:\Users\61411\OneDrive\Desktop\MTRX2700-Game-Show\STMF3disco-BSP\Debug\libF3-components.a(i3g4250d.o)
                0x00000000080056c4                I3G4250D_RebootCmd
 .text.I3G4250D_LowPower
                0x00000000080056f4       0x2a C:\Users\61411\OneDrive\Desktop\MTRX2700-Game-Show\STMF3disco-BSP\Debug\libF3-components.a(i3g4250d.o)
                0x00000000080056f4                I3G4250D_LowPower
 .text.I3G4250D_INT1InterruptConfig
                0x000000000800571e       0x86 C:\Users\61411\OneDrive\Desktop\MTRX2700-Game-Show\STMF3disco-BSP\Debug\libF3-components.a(i3g4250d.o)
                0x000000000800571e                I3G4250D_INT1InterruptConfig
 .text.I3G4250D_EnableIT
                0x00000000080057a4       0x64 C:\Users\61411\OneDrive\Desktop\MTRX2700-Game-Show\STMF3disco-BSP\Debug\libF3-components.a(i3g4250d.o)
                0x00000000080057a4                I3G4250D_EnableIT
 .text.I3G4250D_DisableIT
                0x0000000008005808       0x58 C:\Users\61411\OneDrive\Desktop\MTRX2700-Game-Show\STMF3disco-BSP\Debug\libF3-components.a(i3g4250d.o)
                0x0000000008005808                I3G4250D_DisableIT
 .text.I3G4250D_FilterConfig
                0x0000000008005860       0x42 C:\Users\61411\OneDrive\Desktop\MTRX2700-Game-Show\STMF3disco-BSP\Debug\libF3-components.a(i3g4250d.o)
                0x0000000008005860                I3G4250D_FilterConfig
 .text.I3G4250D_FilterCmd
                0x00000000080058a2       0x42 C:\Users\61411\OneDrive\Desktop\MTRX2700-Game-Show\STMF3disco-BSP\Debug\libF3-components.a(i3g4250d.o)
                0x00000000080058a2                I3G4250D_FilterCmd
 .text.I3G4250D_ReadXYZAngRate
                0x00000000080058e4      0x158 C:\Users\61411\OneDrive\Desktop\MTRX2700-Game-Show\STMF3disco-BSP\Debug\libF3-components.a(i3g4250d.o)
                0x00000000080058e4                I3G4250D_ReadXYZAngRate
 .text.L3GD20_Init
                0x0000000008005a3c       0x46 C:\Users\61411\OneDrive\Desktop\MTRX2700-Game-Show\STMF3disco-BSP\Debug\libF3-components.a(l3gd20.o)
                0x0000000008005a3c                L3GD20_Init
 .text.L3GD20_DeInit
                0x0000000008005a82        0xe C:\Users\61411\OneDrive\Desktop\MTRX2700-Game-Show\STMF3disco-BSP\Debug\libF3-components.a(l3gd20.o)
                0x0000000008005a82                L3GD20_DeInit
 .text.L3GD20_ReadID
                0x0000000008005a90       0x20 C:\Users\61411\OneDrive\Desktop\MTRX2700-Game-Show\STMF3disco-BSP\Debug\libF3-components.a(l3gd20.o)
                0x0000000008005a90                L3GD20_ReadID
 .text.L3GD20_RebootCmd
                0x0000000008005ab0       0x30 C:\Users\61411\OneDrive\Desktop\MTRX2700-Game-Show\STMF3disco-BSP\Debug\libF3-components.a(l3gd20.o)
                0x0000000008005ab0                L3GD20_RebootCmd
 .text.L3GD20_LowPower
                0x0000000008005ae0       0x2a C:\Users\61411\OneDrive\Desktop\MTRX2700-Game-Show\STMF3disco-BSP\Debug\libF3-components.a(l3gd20.o)
                0x0000000008005ae0                L3GD20_LowPower
 .text.L3GD20_INT1InterruptConfig
                0x0000000008005b0a       0x86 C:\Users\61411\OneDrive\Desktop\MTRX2700-Game-Show\STMF3disco-BSP\Debug\libF3-components.a(l3gd20.o)
                0x0000000008005b0a                L3GD20_INT1InterruptConfig
 .text.L3GD20_EnableIT
                0x0000000008005b90       0x64 C:\Users\61411\OneDrive\Desktop\MTRX2700-Game-Show\STMF3disco-BSP\Debug\libF3-components.a(l3gd20.o)
                0x0000000008005b90                L3GD20_EnableIT
 .text.L3GD20_DisableIT
                0x0000000008005bf4       0x58 C:\Users\61411\OneDrive\Desktop\MTRX2700-Game-Show\STMF3disco-BSP\Debug\libF3-components.a(l3gd20.o)
                0x0000000008005bf4                L3GD20_DisableIT
 .text.L3GD20_FilterConfig
                0x0000000008005c4c       0x42 C:\Users\61411\OneDrive\Desktop\MTRX2700-Game-Show\STMF3disco-BSP\Debug\libF3-components.a(l3gd20.o)
                0x0000000008005c4c                L3GD20_FilterConfig
 .text.L3GD20_FilterCmd
                0x0000000008005c8e       0x42 C:\Users\61411\OneDrive\Desktop\MTRX2700-Game-Show\STMF3disco-BSP\Debug\libF3-components.a(l3gd20.o)
                0x0000000008005c8e                L3GD20_FilterCmd
 .text.L3GD20_ReadXYZAngRate
                0x0000000008005cd0      0x158 C:\Users\61411\OneDrive\Desktop\MTRX2700-Game-Show\STMF3disco-BSP\Debug\libF3-components.a(l3gd20.o)
                0x0000000008005cd0                L3GD20_ReadXYZAngRate
 .text.LSM303AGR_AccInit
                0x0000000008005e28       0x3a C:\Users\61411\OneDrive\Desktop\MTRX2700-Game-Show\STMF3disco-BSP\Debug\libF3-components.a(lsm303agr.o)
                0x0000000008005e28                LSM303AGR_AccInit
 .text.LSM303AGR_AccDeInit
                0x0000000008005e62        0xe C:\Users\61411\OneDrive\Desktop\MTRX2700-Game-Show\STMF3disco-BSP\Debug\libF3-components.a(lsm303agr.o)
                0x0000000008005e62                LSM303AGR_AccDeInit
 .text.LSM303AGR_AccReadID
                0x0000000008005e70       0x24 C:\Users\61411\OneDrive\Desktop\MTRX2700-Game-Show\STMF3disco-BSP\Debug\libF3-components.a(lsm303agr.o)
                0x0000000008005e70                LSM303AGR_AccReadID
 .text.LSM303AGR_AccRebootCmd
                0x0000000008005e94       0x2e C:\Users\61411\OneDrive\Desktop\MTRX2700-Game-Show\STMF3disco-BSP\Debug\libF3-components.a(lsm303agr.o)
                0x0000000008005e94                LSM303AGR_AccRebootCmd
 .text.LSM303AGR_AccFilterConfig
                0x0000000008005ec2       0x3a C:\Users\61411\OneDrive\Desktop\MTRX2700-Game-Show\STMF3disco-BSP\Debug\libF3-components.a(lsm303agr.o)
                0x0000000008005ec2                LSM303AGR_AccFilterConfig
 .text.LSM303AGR_AccFilterCmd
                0x0000000008005efc       0x3a C:\Users\61411\OneDrive\Desktop\MTRX2700-Game-Show\STMF3disco-BSP\Debug\libF3-components.a(lsm303agr.o)
                0x0000000008005efc                LSM303AGR_AccFilterCmd
 .text.LSM303AGR_AccReadXYZ
                0x0000000008005f36      0x190 C:\Users\61411\OneDrive\Desktop\MTRX2700-Game-Show\STMF3disco-BSP\Debug\libF3-components.a(lsm303agr.o)
                0x0000000008005f36                LSM303AGR_AccReadXYZ
 .text.LSM303AGR_AccFilterClickCmd
                0x00000000080060c6       0x3e C:\Users\61411\OneDrive\Desktop\MTRX2700-Game-Show\STMF3disco-BSP\Debug\libF3-components.a(lsm303agr.o)
                0x00000000080060c6                LSM303AGR_AccFilterClickCmd
 .text.LSM303AGR_AccIT1Enable
                0x0000000008006104       0x36 C:\Users\61411\OneDrive\Desktop\MTRX2700-Game-Show\STMF3disco-BSP\Debug\libF3-components.a(lsm303agr.o)
                0x0000000008006104                LSM303AGR_AccIT1Enable
 .text.LSM303AGR_AccClickITEnable
                0x000000000800613a       0x72 C:\Users\61411\OneDrive\Desktop\MTRX2700-Game-Show\STMF3disco-BSP\Debug\libF3-components.a(lsm303agr.o)
                0x000000000800613a                LSM303AGR_AccClickITEnable
 .text.LSM303AGR_AccZClickITConfig
                0x00000000080061ac       0x1e C:\Users\61411\OneDrive\Desktop\MTRX2700-Game-Show\STMF3disco-BSP\Debug\libF3-components.a(lsm303agr.o)
                0x00000000080061ac                LSM303AGR_AccZClickITConfig
 .text.LSM303DLHC_AccInit
                0x00000000080061ca       0x3a C:\Users\61411\OneDrive\Desktop\MTRX2700-Game-Show\STMF3disco-BSP\Debug\libF3-components.a(lsm303dlhc.o)
                0x00000000080061ca                LSM303DLHC_AccInit
 .text.LSM303DLHC_AccDeInit
                0x0000000008006204        0xe C:\Users\61411\OneDrive\Desktop\MTRX2700-Game-Show\STMF3disco-BSP\Debug\libF3-components.a(lsm303dlhc.o)
                0x0000000008006204                LSM303DLHC_AccDeInit
 .text.LSM303DLHC_AccReadID
                0x0000000008006212       0x24 C:\Users\61411\OneDrive\Desktop\MTRX2700-Game-Show\STMF3disco-BSP\Debug\libF3-components.a(lsm303dlhc.o)
                0x0000000008006212                LSM303DLHC_AccReadID
 .text.LSM303DLHC_AccRebootCmd
                0x0000000008006236       0x2e C:\Users\61411\OneDrive\Desktop\MTRX2700-Game-Show\STMF3disco-BSP\Debug\libF3-components.a(lsm303dlhc.o)
                0x0000000008006236                LSM303DLHC_AccRebootCmd
 .text.LSM303DLHC_AccFilterConfig
                0x0000000008006264       0x3a C:\Users\61411\OneDrive\Desktop\MTRX2700-Game-Show\STMF3disco-BSP\Debug\libF3-components.a(lsm303dlhc.o)
                0x0000000008006264                LSM303DLHC_AccFilterConfig
 .text.LSM303DLHC_AccFilterCmd
                0x000000000800629e       0x3a C:\Users\61411\OneDrive\Desktop\MTRX2700-Game-Show\STMF3disco-BSP\Debug\libF3-components.a(lsm303dlhc.o)
                0x000000000800629e                LSM303DLHC_AccFilterCmd
 .text.LSM303DLHC_AccReadXYZ
                0x00000000080062d8      0x190 C:\Users\61411\OneDrive\Desktop\MTRX2700-Game-Show\STMF3disco-BSP\Debug\libF3-components.a(lsm303dlhc.o)
                0x00000000080062d8                LSM303DLHC_AccReadXYZ
 .text.LSM303DLHC_AccFilterClickCmd
                0x0000000008006468       0x3e C:\Users\61411\OneDrive\Desktop\MTRX2700-Game-Show\STMF3disco-BSP\Debug\libF3-components.a(lsm303dlhc.o)
                0x0000000008006468                LSM303DLHC_AccFilterClickCmd
 .text.LSM303DLHC_AccIT1Enable
                0x00000000080064a6       0x36 C:\Users\61411\OneDrive\Desktop\MTRX2700-Game-Show\STMF3disco-BSP\Debug\libF3-components.a(lsm303dlhc.o)
                0x00000000080064a6                LSM303DLHC_AccIT1Enable
 .text.LSM303DLHC_AccClickITEnable
                0x00000000080064dc       0x72 C:\Users\61411\OneDrive\Desktop\MTRX2700-Game-Show\STMF3disco-BSP\Debug\libF3-components.a(lsm303dlhc.o)
                0x00000000080064dc                LSM303DLHC_AccClickITEnable
 .text.LSM303DLHC_AccZClickITConfig
                0x000000000800654e       0x1e C:\Users\61411\OneDrive\Desktop\MTRX2700-Game-Show\STMF3disco-BSP\Debug\libF3-components.a(lsm303dlhc.o)
                0x000000000800654e                LSM303DLHC_AccZClickITConfig
 .text.I2Cx_MspInit
                0x000000000800656c       0x68 C:\Users\61411\OneDrive\Desktop\MTRX2700-Game-Show\STMF3disco-BSP\Debug\libF3-components.a(stm32f3_discovery.o)
 .text.I2Cx_Init
                0x00000000080065d4       0x54 C:\Users\61411\OneDrive\Desktop\MTRX2700-Game-Show\STMF3disco-BSP\Debug\libF3-components.a(stm32f3_discovery.o)
 .text.I2Cx_WriteData
                0x0000000008006628       0x50 C:\Users\61411\OneDrive\Desktop\MTRX2700-Game-Show\STMF3disco-BSP\Debug\libF3-components.a(stm32f3_discovery.o)
 .text.I2Cx_ReadData
                0x0000000008006678       0x58 C:\Users\61411\OneDrive\Desktop\MTRX2700-Game-Show\STMF3disco-BSP\Debug\libF3-components.a(stm32f3_discovery.o)
 .text.I2Cx_Error
                0x00000000080066d0       0x18 C:\Users\61411\OneDrive\Desktop\MTRX2700-Game-Show\STMF3disco-BSP\Debug\libF3-components.a(stm32f3_discovery.o)
 .text.SPIx_Init
                0x00000000080066e8       0x78 C:\Users\61411\OneDrive\Desktop\MTRX2700-Game-Show\STMF3disco-BSP\Debug\libF3-components.a(stm32f3_discovery.o)
 .text.SPIx_WriteRead
                0x0000000008006760       0x40 C:\Users\61411\OneDrive\Desktop\MTRX2700-Game-Show\STMF3disco-BSP\Debug\libF3-components.a(stm32f3_discovery.o)
 .text.SPIx_Error
                0x00000000080067a0       0x18 C:\Users\61411\OneDrive\Desktop\MTRX2700-Game-Show\STMF3disco-BSP\Debug\libF3-components.a(stm32f3_discovery.o)
 .text.SPIx_MspInit
                0x00000000080067b8       0x68 C:\Users\61411\OneDrive\Desktop\MTRX2700-Game-Show\STMF3disco-BSP\Debug\libF3-components.a(stm32f3_discovery.o)
 .text.GYRO_IO_Init
                0x0000000008006820       0x8c C:\Users\61411\OneDrive\Desktop\MTRX2700-Game-Show\STMF3disco-BSP\Debug\libF3-components.a(stm32f3_discovery.o)
                0x0000000008006820                GYRO_IO_Init
 .text.GYRO_IO_Write
                0x00000000080068ac       0x64 C:\Users\61411\OneDrive\Desktop\MTRX2700-Game-Show\STMF3disco-BSP\Debug\libF3-components.a(stm32f3_discovery.o)
                0x00000000080068ac                GYRO_IO_Write
 .text.GYRO_IO_Read
                0x0000000008006910       0x74 C:\Users\61411\OneDrive\Desktop\MTRX2700-Game-Show\STMF3disco-BSP\Debug\libF3-components.a(stm32f3_discovery.o)
                0x0000000008006910                GYRO_IO_Read
 .text.COMPASSACCELERO_IO_Init
                0x0000000008006984       0x94 C:\Users\61411\OneDrive\Desktop\MTRX2700-Game-Show\STMF3disco-BSP\Debug\libF3-components.a(stm32f3_discovery.o)
                0x0000000008006984                COMPASSACCELERO_IO_Init
 .text.COMPASSACCELERO_IO_ITConfig
                0x0000000008006a18       0x5c C:\Users\61411\OneDrive\Desktop\MTRX2700-Game-Show\STMF3disco-BSP\Debug\libF3-components.a(stm32f3_discovery.o)
                0x0000000008006a18                COMPASSACCELERO_IO_ITConfig
 .text.COMPASSACCELERO_IO_Write
                0x0000000008006a74       0x26 C:\Users\61411\OneDrive\Desktop\MTRX2700-Game-Show\STMF3disco-BSP\Debug\libF3-components.a(stm32f3_discovery.o)
                0x0000000008006a74                COMPASSACCELERO_IO_Write
 .text.COMPASSACCELERO_IO_Read
                0x0000000008006a9a       0x26 C:\Users\61411\OneDrive\Desktop\MTRX2700-Game-Show\STMF3disco-BSP\Debug\libF3-components.a(stm32f3_discovery.o)
                0x0000000008006a9a                COMPASSACCELERO_IO_Read
 .text.__cvt    0x0000000008006ac0       0xc4 C:/ST/STM32CubeIDE_1.14.1/STM32CubeIDE/plugins/com.st.stm32cube.ide.mcu.externaltools.gnu-tools-for-stm32.11.3.rel1.win32_1.1.100.202309141235/tools/bin/../lib/gcc/arm-none-eabi/11.3.1/../../../../arm-none-eabi/lib/thumb/v7e-m+fp/hard\libc_nano.a(libc_a-nano-vfprintf_float.o)
                0x0000000008006ac0                __cvt
 .text.__exponent
                0x0000000008006b84       0x7c C:/ST/STM32CubeIDE_1.14.1/STM32CubeIDE/plugins/com.st.stm32cube.ide.mcu.externaltools.gnu-tools-for-stm32.11.3.rel1.win32_1.1.100.202309141235/tools/bin/../lib/gcc/arm-none-eabi/11.3.1/../../../../arm-none-eabi/lib/thumb/v7e-m+fp/hard\libc_nano.a(libc_a-nano-vfprintf_float.o)
                0x0000000008006b84                __exponent
 .text._printf_float
                0x0000000008006c00      0x46c C:/ST/STM32CubeIDE_1.14.1/STM32CubeIDE/plugins/com.st.stm32cube.ide.mcu.externaltools.gnu-tools-for-stm32.11.3.rel1.win32_1.1.100.202309141235/tools/bin/../lib/gcc/arm-none-eabi/11.3.1/../../../../arm-none-eabi/lib/thumb/v7e-m+fp/hard\libc_nano.a(libc_a-nano-vfprintf_float.o)
                0x0000000008006c00                _printf_float
 .text._printf_common
                0x000000000800706c       0xda C:/ST/STM32CubeIDE_1.14.1/STM32CubeIDE/plugins/com.st.stm32cube.ide.mcu.externaltools.gnu-tools-for-stm32.11.3.rel1.win32_1.1.100.202309141235/tools/bin/../lib/gcc/arm-none-eabi/11.3.1/../../../../arm-none-eabi/lib/thumb/v7e-m+fp/hard\libc_nano.a(libc_a-nano-vfprintf_i.o)
                0x000000000800706c                _printf_common
 *fill*         0x0000000008007146        0x2 
 .text._printf_i
                0x0000000008007148      0x244 C:/ST/STM32CubeIDE_1.14.1/STM32CubeIDE/plugins/com.st.stm32cube.ide.mcu.externaltools.gnu-tools-for-stm32.11.3.rel1.win32_1.1.100.202309141235/tools/bin/../lib/gcc/arm-none-eabi/11.3.1/../../../../arm-none-eabi/lib/thumb/v7e-m+fp/hard\libc_nano.a(libc_a-nano-vfprintf_i.o)
                0x0000000008007148                _printf_i
 .text.std      0x000000000800738c       0x6c C:/ST/STM32CubeIDE_1.14.1/STM32CubeIDE/plugins/com.st.stm32cube.ide.mcu.externaltools.gnu-tools-for-stm32.11.3.rel1.win32_1.1.100.202309141235/tools/bin/../lib/gcc/arm-none-eabi/11.3.1/../../../../arm-none-eabi/lib/thumb/v7e-m+fp/hard\libc_nano.a(libc_a-findfp.o)
 .text.stdio_exit_handler
                0x00000000080073f8       0x18 C:/ST/STM32CubeIDE_1.14.1/STM32CubeIDE/plugins/com.st.stm32cube.ide.mcu.externaltools.gnu-tools-for-stm32.11.3.rel1.win32_1.1.100.202309141235/tools/bin/../lib/gcc/arm-none-eabi/11.3.1/../../../../arm-none-eabi/lib/thumb/v7e-m+fp/hard\libc_nano.a(libc_a-findfp.o)
 .text.cleanup_stdio
                0x0000000008007410       0x40 C:/ST/STM32CubeIDE_1.14.1/STM32CubeIDE/plugins/com.st.stm32cube.ide.mcu.externaltools.gnu-tools-for-stm32.11.3.rel1.win32_1.1.100.202309141235/tools/bin/../lib/gcc/arm-none-eabi/11.3.1/../../../../arm-none-eabi/lib/thumb/v7e-m+fp/hard\libc_nano.a(libc_a-findfp.o)
 .text.global_stdio_init.part.0
                0x0000000008007450       0x3c C:/ST/STM32CubeIDE_1.14.1/STM32CubeIDE/plugins/com.st.stm32cube.ide.mcu.externaltools.gnu-tools-for-stm32.11.3.rel1.win32_1.1.100.202309141235/tools/bin/../lib/gcc/arm-none-eabi/11.3.1/../../../../arm-none-eabi/lib/thumb/v7e-m+fp/hard\libc_nano.a(libc_a-findfp.o)
 .text.__sfp_lock_acquire
                0x000000000800748c        0xc C:/ST/STM32CubeIDE_1.14.1/STM32CubeIDE/plugins/com.st.stm32cube.ide.mcu.externaltools.gnu-tools-for-stm32.11.3.rel1.win32_1.1.100.202309141235/tools/bin/../lib/gcc/arm-none-eabi/11.3.1/../../../../arm-none-eabi/lib/thumb/v7e-m+fp/hard\libc_nano.a(libc_a-findfp.o)
                0x000000000800748c                __sfp_lock_acquire
 .text.__sfp_lock_release
                0x0000000008007498        0xc C:/ST/STM32CubeIDE_1.14.1/STM32CubeIDE/plugins/com.st.stm32cube.ide.mcu.externaltools.gnu-tools-for-stm32.11.3.rel1.win32_1.1.100.202309141235/tools/bin/../lib/gcc/arm-none-eabi/11.3.1/../../../../arm-none-eabi/lib/thumb/v7e-m+fp/hard\libc_nano.a(libc_a-findfp.o)
                0x0000000008007498                __sfp_lock_release
 .text.__sinit  0x00000000080074a4       0x30 C:/ST/STM32CubeIDE_1.14.1/STM32CubeIDE/plugins/com.st.stm32cube.ide.mcu.externaltools.gnu-tools-for-stm32.11.3.rel1.win32_1.1.100.202309141235/tools/bin/../lib/gcc/arm-none-eabi/11.3.1/../../../../arm-none-eabi/lib/thumb/v7e-m+fp/hard\libc_nano.a(libc_a-findfp.o)
                0x00000000080074a4                __sinit
 .text._fwalk_sglue
                0x00000000080074d4       0x3c C:/ST/STM32CubeIDE_1.14.1/STM32CubeIDE/plugins/com.st.stm32cube.ide.mcu.externaltools.gnu-tools-for-stm32.11.3.rel1.win32_1.1.100.202309141235/tools/bin/../lib/gcc/arm-none-eabi/11.3.1/../../../../arm-none-eabi/lib/thumb/v7e-m+fp/hard\libc_nano.a(libc_a-fwalk.o)
                0x00000000080074d4                _fwalk_sglue
 .text.sprintf  0x0000000008007510       0x40 C:/ST/STM32CubeIDE_1.14.1/STM32CubeIDE/plugins/com.st.stm32cube.ide.mcu.externaltools.gnu-tools-for-stm32.11.3.rel1.win32_1.1.100.202309141235/tools/bin/../lib/gcc/arm-none-eabi/11.3.1/../../../../arm-none-eabi/lib/thumb/v7e-m+fp/hard\libc_nano.a(libc_a-sprintf.o)
                0x0000000008007510                siprintf
                0x0000000008007510                sprintf
 .text.__sread  0x0000000008007550       0x22 C:/ST/STM32CubeIDE_1.14.1/STM32CubeIDE/plugins/com.st.stm32cube.ide.mcu.externaltools.gnu-tools-for-stm32.11.3.rel1.win32_1.1.100.202309141235/tools/bin/../lib/gcc/arm-none-eabi/11.3.1/../../../../arm-none-eabi/lib/thumb/v7e-m+fp/hard\libc_nano.a(libc_a-stdio.o)
                0x0000000008007550                __sread
 .text.__swrite
                0x0000000008007572       0x38 C:/ST/STM32CubeIDE_1.14.1/STM32CubeIDE/plugins/com.st.stm32cube.ide.mcu.externaltools.gnu-tools-for-stm32.11.3.rel1.win32_1.1.100.202309141235/tools/bin/../lib/gcc/arm-none-eabi/11.3.1/../../../../arm-none-eabi/lib/thumb/v7e-m+fp/hard\libc_nano.a(libc_a-stdio.o)
                0x0000000008007572                __swrite
 .text.__sseek  0x00000000080075aa       0x24 C:/ST/STM32CubeIDE_1.14.1/STM32CubeIDE/plugins/com.st.stm32cube.ide.mcu.externaltools.gnu-tools-for-stm32.11.3.rel1.win32_1.1.100.202309141235/tools/bin/../lib/gcc/arm-none-eabi/11.3.1/../../../../arm-none-eabi/lib/thumb/v7e-m+fp/hard\libc_nano.a(libc_a-stdio.o)
                0x00000000080075aa                __sseek
 .text.__sclose
                0x00000000080075ce        0x8 C:/ST/STM32CubeIDE_1.14.1/STM32CubeIDE/plugins/com.st.stm32cube.ide.mcu.externaltools.gnu-tools-for-stm32.11.3.rel1.win32_1.1.100.202309141235/tools/bin/../lib/gcc/arm-none-eabi/11.3.1/../../../../arm-none-eabi/lib/thumb/v7e-m+fp/hard\libc_nano.a(libc_a-stdio.o)
                0x00000000080075ce                __sclose
 .text.memset   0x00000000080075d6       0x10 C:/ST/STM32CubeIDE_1.14.1/STM32CubeIDE/plugins/com.st.stm32cube.ide.mcu.externaltools.gnu-tools-for-stm32.11.3.rel1.win32_1.1.100.202309141235/tools/bin/../lib/gcc/arm-none-eabi/11.3.1/../../../../arm-none-eabi/lib/thumb/v7e-m+fp/hard\libc_nano.a(libc_a-memset.o)
                0x00000000080075d6                memset
 *fill*         0x00000000080075e6        0x2 
 .text._localeconv_r
                0x00000000080075e8        0x8 C:/ST/STM32CubeIDE_1.14.1/STM32CubeIDE/plugins/com.st.stm32cube.ide.mcu.externaltools.gnu-tools-for-stm32.11.3.rel1.win32_1.1.100.202309141235/tools/bin/../lib/gcc/arm-none-eabi/11.3.1/../../../../arm-none-eabi/lib/thumb/v7e-m+fp/hard\libc_nano.a(libc_a-localeconv.o)
                0x00000000080075e8                _localeconv_r
 .text._close_r
                0x00000000080075f0       0x20 C:/ST/STM32CubeIDE_1.14.1/STM32CubeIDE/plugins/com.st.stm32cube.ide.mcu.externaltools.gnu-tools-for-stm32.11.3.rel1.win32_1.1.100.202309141235/tools/bin/../lib/gcc/arm-none-eabi/11.3.1/../../../../arm-none-eabi/lib/thumb/v7e-m+fp/hard\libc_nano.a(libc_a-closer.o)
                0x00000000080075f0                _close_r
 .text._lseek_r
                0x0000000008007610       0x24 C:/ST/STM32CubeIDE_1.14.1/STM32CubeIDE/plugins/com.st.stm32cube.ide.mcu.externaltools.gnu-tools-for-stm32.11.3.rel1.win32_1.1.100.202309141235/tools/bin/../lib/gcc/arm-none-eabi/11.3.1/../../../../arm-none-eabi/lib/thumb/v7e-m+fp/hard\libc_nano.a(libc_a-lseekr.o)
                0x0000000008007610                _lseek_r
 .text._read_r  0x0000000008007634       0x24 C:/ST/STM32CubeIDE_1.14.1/STM32CubeIDE/plugins/com.st.stm32cube.ide.mcu.externaltools.gnu-tools-for-stm32.11.3.rel1.win32_1.1.100.202309141235/tools/bin/../lib/gcc/arm-none-eabi/11.3.1/../../../../arm-none-eabi/lib/thumb/v7e-m+fp/hard\libc_nano.a(libc_a-readr.o)
                0x0000000008007634                _read_r
 .text._write_r
                0x0000000008007658       0x24 C:/ST/STM32CubeIDE_1.14.1/STM32CubeIDE/plugins/com.st.stm32cube.ide.mcu.externaltools.gnu-tools-for-stm32.11.3.rel1.win32_1.1.100.202309141235/tools/bin/../lib/gcc/arm-none-eabi/11.3.1/../../../../arm-none-eabi/lib/thumb/v7e-m+fp/hard\libc_nano.a(libc_a-writer.o)
                0x0000000008007658                _write_r
 .text.__errno  0x000000000800767c        0xc C:/ST/STM32CubeIDE_1.14.1/STM32CubeIDE/plugins/com.st.stm32cube.ide.mcu.externaltools.gnu-tools-for-stm32.11.3.rel1.win32_1.1.100.202309141235/tools/bin/../lib/gcc/arm-none-eabi/11.3.1/../../../../arm-none-eabi/lib/thumb/v7e-m+fp/hard\libc_nano.a(libc_a-errno.o)
                0x000000000800767c                __errno
 .text.__libc_init_array
                0x0000000008007688       0x48 C:/ST/STM32CubeIDE_1.14.1/STM32CubeIDE/plugins/com.st.stm32cube.ide.mcu.externaltools.gnu-tools-for-stm32.11.3.rel1.win32_1.1.100.202309141235/tools/bin/../lib/gcc/arm-none-eabi/11.3.1/../../../../arm-none-eabi/lib/thumb/v7e-m+fp/hard\libc_nano.a(libc_a-init.o)
                0x0000000008007688                __libc_init_array
 .text.__retarget_lock_init_recursive
                0x00000000080076d0        0x2 C:/ST/STM32CubeIDE_1.14.1/STM32CubeIDE/plugins/com.st.stm32cube.ide.mcu.externaltools.gnu-tools-for-stm32.11.3.rel1.win32_1.1.100.202309141235/tools/bin/../lib/gcc/arm-none-eabi/11.3.1/../../../../arm-none-eabi/lib/thumb/v7e-m+fp/hard\libc_nano.a(libc_a-lock.o)
                0x00000000080076d0                __retarget_lock_init_recursive
 .text.__retarget_lock_acquire_recursive
                0x00000000080076d2        0x2 C:/ST/STM32CubeIDE_1.14.1/STM32CubeIDE/plugins/com.st.stm32cube.ide.mcu.externaltools.gnu-tools-for-stm32.11.3.rel1.win32_1.1.100.202309141235/tools/bin/../lib/gcc/arm-none-eabi/11.3.1/../../../../arm-none-eabi/lib/thumb/v7e-m+fp/hard\libc_nano.a(libc_a-lock.o)
                0x00000000080076d2                __retarget_lock_acquire_recursive
 .text.__retarget_lock_release_recursive
                0x00000000080076d4        0x2 C:/ST/STM32CubeIDE_1.14.1/STM32CubeIDE/plugins/com.st.stm32cube.ide.mcu.externaltools.gnu-tools-for-stm32.11.3.rel1.win32_1.1.100.202309141235/tools/bin/../lib/gcc/arm-none-eabi/11.3.1/../../../../arm-none-eabi/lib/thumb/v7e-m+fp/hard\libc_nano.a(libc_a-lock.o)
                0x00000000080076d4                __retarget_lock_release_recursive
 .text.memcpy   0x00000000080076d6       0x1c C:/ST/STM32CubeIDE_1.14.1/STM32CubeIDE/plugins/com.st.stm32cube.ide.mcu.externaltools.gnu-tools-for-stm32.11.3.rel1.win32_1.1.100.202309141235/tools/bin/../lib/gcc/arm-none-eabi/11.3.1/../../../../arm-none-eabi/lib/thumb/v7e-m+fp/hard\libc_nano.a(libc_a-memcpy-stub.o)
                0x00000000080076d6                memcpy
 .text.quorem   0x00000000080076f2      0x110 C:/ST/STM32CubeIDE_1.14.1/STM32CubeIDE/plugins/com.st.stm32cube.ide.mcu.externaltools.gnu-tools-for-stm32.11.3.rel1.win32_1.1.100.202309141235/tools/bin/../lib/gcc/arm-none-eabi/11.3.1/../../../../arm-none-eabi/lib/thumb/v7e-m+fp/hard\libc_nano.a(libc_a-dtoa.o)
 *fill*         0x0000000008007802        0x6 
 .text._dtoa_r  0x0000000008007808      0xbe4 C:/ST/STM32CubeIDE_1.14.1/STM32CubeIDE/plugins/com.st.stm32cube.ide.mcu.externaltools.gnu-tools-for-stm32.11.3.rel1.win32_1.1.100.202309141235/tools/bin/../lib/gcc/arm-none-eabi/11.3.1/../../../../arm-none-eabi/lib/thumb/v7e-m+fp/hard\libc_nano.a(libc_a-dtoa.o)
                0x0000000008007808                _dtoa_r
 .text._free_r  0x00000000080083ec       0x98 C:/ST/STM32CubeIDE_1.14.1/STM32CubeIDE/plugins/com.st.stm32cube.ide.mcu.externaltools.gnu-tools-for-stm32.11.3.rel1.win32_1.1.100.202309141235/tools/bin/../lib/gcc/arm-none-eabi/11.3.1/../../../../arm-none-eabi/lib/thumb/v7e-m+fp/hard\libc_nano.a(libc_a-freer.o)
                0x00000000080083ec                _free_r
 .text.malloc   0x0000000008008484       0x10 C:/ST/STM32CubeIDE_1.14.1/STM32CubeIDE/plugins/com.st.stm32cube.ide.mcu.externaltools.gnu-tools-for-stm32.11.3.rel1.win32_1.1.100.202309141235/tools/bin/../lib/gcc/arm-none-eabi/11.3.1/../../../../arm-none-eabi/lib/thumb/v7e-m+fp/hard\libc_nano.a(libc_a-malloc.o)
                0x0000000008008484                malloc
 .text.sbrk_aligned
                0x0000000008008494       0x40 C:/ST/STM32CubeIDE_1.14.1/STM32CubeIDE/plugins/com.st.stm32cube.ide.mcu.externaltools.gnu-tools-for-stm32.11.3.rel1.win32_1.1.100.202309141235/tools/bin/../lib/gcc/arm-none-eabi/11.3.1/../../../../arm-none-eabi/lib/thumb/v7e-m+fp/hard\libc_nano.a(libc_a-mallocr.o)
 .text._malloc_r
                0x00000000080084d4      0x100 C:/ST/STM32CubeIDE_1.14.1/STM32CubeIDE/plugins/com.st.stm32cube.ide.mcu.externaltools.gnu-tools-for-stm32.11.3.rel1.win32_1.1.100.202309141235/tools/bin/../lib/gcc/arm-none-eabi/11.3.1/../../../../arm-none-eabi/lib/thumb/v7e-m+fp/hard\libc_nano.a(libc_a-mallocr.o)
                0x00000000080084d4                _malloc_r
 .text.__malloc_lock
                0x00000000080085d4        0xc C:/ST/STM32CubeIDE_1.14.1/STM32CubeIDE/plugins/com.st.stm32cube.ide.mcu.externaltools.gnu-tools-for-stm32.11.3.rel1.win32_1.1.100.202309141235/tools/bin/../lib/gcc/arm-none-eabi/11.3.1/../../../../arm-none-eabi/lib/thumb/v7e-m+fp/hard\libc_nano.a(libc_a-mlock.o)
                0x00000000080085d4                __malloc_lock
 .text.__malloc_unlock
                0x00000000080085e0        0xc C:/ST/STM32CubeIDE_1.14.1/STM32CubeIDE/plugins/com.st.stm32cube.ide.mcu.externaltools.gnu-tools-for-stm32.11.3.rel1.win32_1.1.100.202309141235/tools/bin/../lib/gcc/arm-none-eabi/11.3.1/../../../../arm-none-eabi/lib/thumb/v7e-m+fp/hard\libc_nano.a(libc_a-mlock.o)
                0x00000000080085e0                __malloc_unlock
 .text._Balloc  0x00000000080085ec       0x80 C:/ST/STM32CubeIDE_1.14.1/STM32CubeIDE/plugins/com.st.stm32cube.ide.mcu.externaltools.gnu-tools-for-stm32.11.3.rel1.win32_1.1.100.202309141235/tools/bin/../lib/gcc/arm-none-eabi/11.3.1/../../../../arm-none-eabi/lib/thumb/v7e-m+fp/hard\libc_nano.a(libc_a-mprec.o)
                0x00000000080085ec                _Balloc
 .text._Bfree   0x000000000800866c       0x44 C:/ST/STM32CubeIDE_1.14.1/STM32CubeIDE/plugins/com.st.stm32cube.ide.mcu.externaltools.gnu-tools-for-stm32.11.3.rel1.win32_1.1.100.202309141235/tools/bin/../lib/gcc/arm-none-eabi/11.3.1/../../../../arm-none-eabi/lib/thumb/v7e-m+fp/hard\libc_nano.a(libc_a-mprec.o)
                0x000000000800866c                _Bfree
 .text.__multadd
                0x00000000080086b0       0x8c C:/ST/STM32CubeIDE_1.14.1/STM32CubeIDE/plugins/com.st.stm32cube.ide.mcu.externaltools.gnu-tools-for-stm32.11.3.rel1.win32_1.1.100.202309141235/tools/bin/../lib/gcc/arm-none-eabi/11.3.1/../../../../arm-none-eabi/lib/thumb/v7e-m+fp/hard\libc_nano.a(libc_a-mprec.o)
                0x00000000080086b0                __multadd
 .text.__hi0bits
                0x000000000800873c       0x40 C:/ST/STM32CubeIDE_1.14.1/STM32CubeIDE/plugins/com.st.stm32cube.ide.mcu.externaltools.gnu-tools-for-stm32.11.3.rel1.win32_1.1.100.202309141235/tools/bin/../lib/gcc/arm-none-eabi/11.3.1/../../../../arm-none-eabi/lib/thumb/v7e-m+fp/hard\libc_nano.a(libc_a-mprec.o)
                0x000000000800873c                __hi0bits
 .text.__lo0bits
                0x000000000800877c       0x5a C:/ST/STM32CubeIDE_1.14.1/STM32CubeIDE/plugins/com.st.stm32cube.ide.mcu.externaltools.gnu-tools-for-stm32.11.3.rel1.win32_1.1.100.202309141235/tools/bin/../lib/gcc/arm-none-eabi/11.3.1/../../../../arm-none-eabi/lib/thumb/v7e-m+fp/hard\libc_nano.a(libc_a-mprec.o)
                0x000000000800877c                __lo0bits
 *fill*         0x00000000080087d6        0x2 
 .text.__i2b    0x00000000080087d8       0x2c C:/ST/STM32CubeIDE_1.14.1/STM32CubeIDE/plugins/com.st.stm32cube.ide.mcu.externaltools.gnu-tools-for-stm32.11.3.rel1.win32_1.1.100.202309141235/tools/bin/../lib/gcc/arm-none-eabi/11.3.1/../../../../arm-none-eabi/lib/thumb/v7e-m+fp/hard\libc_nano.a(libc_a-mprec.o)
                0x00000000080087d8                __i2b
 .text.__multiply
                0x0000000008008804      0x154 C:/ST/STM32CubeIDE_1.14.1/STM32CubeIDE/plugins/com.st.stm32cube.ide.mcu.externaltools.gnu-tools-for-stm32.11.3.rel1.win32_1.1.100.202309141235/tools/bin/../lib/gcc/arm-none-eabi/11.3.1/../../../../arm-none-eabi/lib/thumb/v7e-m+fp/hard\libc_nano.a(libc_a-mprec.o)
                0x0000000008008804                __multiply
 .text.__pow5mult
                0x0000000008008958       0xb4 C:/ST/STM32CubeIDE_1.14.1/STM32CubeIDE/plugins/com.st.stm32cube.ide.mcu.externaltools.gnu-tools-for-stm32.11.3.rel1.win32_1.1.100.202309141235/tools/bin/../lib/gcc/arm-none-eabi/11.3.1/../../../../arm-none-eabi/lib/thumb/v7e-m+fp/hard\libc_nano.a(libc_a-mprec.o)
                0x0000000008008958                __pow5mult
 .text.__lshift
                0x0000000008008a0c       0xd8 C:/ST/STM32CubeIDE_1.14.1/STM32CubeIDE/plugins/com.st.stm32cube.ide.mcu.externaltools.gnu-tools-for-stm32.11.3.rel1.win32_1.1.100.202309141235/tools/bin/../lib/gcc/arm-none-eabi/11.3.1/../../../../arm-none-eabi/lib/thumb/v7e-m+fp/hard\libc_nano.a(libc_a-mprec.o)
                0x0000000008008a0c                __lshift
 .text.__mcmp   0x0000000008008ae4       0x38 C:/ST/STM32CubeIDE_1.14.1/STM32CubeIDE/plugins/com.st.stm32cube.ide.mcu.externaltools.gnu-tools-for-stm32.11.3.rel1.win32_1.1.100.202309141235/tools/bin/../lib/gcc/arm-none-eabi/11.3.1/../../../../arm-none-eabi/lib/thumb/v7e-m+fp/hard\libc_nano.a(libc_a-mprec.o)
                0x0000000008008ae4                __mcmp
 .text.__mdiff  0x0000000008008b1c      0x114 C:/ST/STM32CubeIDE_1.14.1/STM32CubeIDE/plugins/com.st.stm32cube.ide.mcu.externaltools.gnu-tools-for-stm32.11.3.rel1.win32_1.1.100.202309141235/tools/bin/../lib/gcc/arm-none-eabi/11.3.1/../../../../arm-none-eabi/lib/thumb/v7e-m+fp/hard\libc_nano.a(libc_a-mprec.o)
                0x0000000008008b1c                __mdiff
 .text.__d2b    0x0000000008008c30       0xb4 C:/ST/STM32CubeIDE_1.14.1/STM32CubeIDE/plugins/com.st.stm32cube.ide.mcu.externaltools.gnu-tools-for-stm32.11.3.rel1.win32_1.1.100.202309141235/tools/bin/../lib/gcc/arm-none-eabi/11.3.1/../../../../arm-none-eabi/lib/thumb/v7e-m+fp/hard\libc_nano.a(libc_a-mprec.o)
                0x0000000008008c30                __d2b
 .text.__ssputs_r
                0x0000000008008ce4       0xb4 C:/ST/STM32CubeIDE_1.14.1/STM32CubeIDE/plugins/com.st.stm32cube.ide.mcu.externaltools.gnu-tools-for-stm32.11.3.rel1.win32_1.1.100.202309141235/tools/bin/../lib/gcc/arm-none-eabi/11.3.1/../../../../arm-none-eabi/lib/thumb/v7e-m+fp/hard\libc_nano.a(libc_a-nano-svfprintf.o)
                0x0000000008008ce4                __ssputs_r
 .text._svfprintf_r
                0x0000000008008d98      0x1fc C:/ST/STM32CubeIDE_1.14.1/STM32CubeIDE/plugins/com.st.stm32cube.ide.mcu.externaltools.gnu-tools-for-stm32.11.3.rel1.win32_1.1.100.202309141235/tools/bin/../lib/gcc/arm-none-eabi/11.3.1/../../../../arm-none-eabi/lib/thumb/v7e-m+fp/hard\libc_nano.a(libc_a-nano-svfprintf.o)
                0x0000000008008d98                _svfiprintf_r
                0x0000000008008d98                _svfprintf_r
 .text.__sflush_r
                0x0000000008008f94      0x10c C:/ST/STM32CubeIDE_1.14.1/STM32CubeIDE/plugins/com.st.stm32cube.ide.mcu.externaltools.gnu-tools-for-stm32.11.3.rel1.win32_1.1.100.202309141235/tools/bin/../lib/gcc/arm-none-eabi/11.3.1/../../../../arm-none-eabi/lib/thumb/v7e-m+fp/hard\libc_nano.a(libc_a-fflush.o)
                0x0000000008008f94                __sflush_r
 .text._fflush_r
                0x00000000080090a0       0x50 C:/ST/STM32CubeIDE_1.14.1/STM32CubeIDE/plugins/com.st.stm32cube.ide.mcu.externaltools.gnu-tools-for-stm32.11.3.rel1.win32_1.1.100.202309141235/tools/bin/../lib/gcc/arm-none-eabi/11.3.1/../../../../arm-none-eabi/lib/thumb/v7e-m+fp/hard\libc_nano.a(libc_a-fflush.o)
                0x00000000080090a0                _fflush_r
 .text.memmove  0x00000000080090f0       0x34 C:/ST/STM32CubeIDE_1.14.1/STM32CubeIDE/plugins/com.st.stm32cube.ide.mcu.externaltools.gnu-tools-for-stm32.11.3.rel1.win32_1.1.100.202309141235/tools/bin/../lib/gcc/arm-none-eabi/11.3.1/../../../../arm-none-eabi/lib/thumb/v7e-m+fp/hard\libc_nano.a(libc_a-memmove.o)
                0x00000000080090f0                memmove
 .text._sbrk_r  0x0000000008009124       0x20 C:/ST/STM32CubeIDE_1.14.1/STM32CubeIDE/plugins/com.st.stm32cube.ide.mcu.externaltools.gnu-tools-for-stm32.11.3.rel1.win32_1.1.100.202309141235/tools/bin/../lib/gcc/arm-none-eabi/11.3.1/../../../../arm-none-eabi/lib/thumb/v7e-m+fp/hard\libc_nano.a(libc_a-sbrkr.o)
                0x0000000008009124                _sbrk_r
 .text.__assert_func
                0x0000000008009144       0x3c C:/ST/STM32CubeIDE_1.14.1/STM32CubeIDE/plugins/com.st.stm32cube.ide.mcu.externaltools.gnu-tools-for-stm32.11.3.rel1.win32_1.1.100.202309141235/tools/bin/../lib/gcc/arm-none-eabi/11.3.1/../../../../arm-none-eabi/lib/thumb/v7e-m+fp/hard\libc_nano.a(libc_a-assert.o)
                0x0000000008009144                __assert_func
 .text._calloc_r
                0x0000000008009180       0x2c C:/ST/STM32CubeIDE_1.14.1/STM32CubeIDE/plugins/com.st.stm32cube.ide.mcu.externaltools.gnu-tools-for-stm32.11.3.rel1.win32_1.1.100.202309141235/tools/bin/../lib/gcc/arm-none-eabi/11.3.1/../../../../arm-none-eabi/lib/thumb/v7e-m+fp/hard\libc_nano.a(libc_a-callocr.o)
                0x0000000008009180                _calloc_r
 .text.__ascii_mbtowc
                0x00000000080091ac       0x24 C:/ST/STM32CubeIDE_1.14.1/STM32CubeIDE/plugins/com.st.stm32cube.ide.mcu.externaltools.gnu-tools-for-stm32.11.3.rel1.win32_1.1.100.202309141235/tools/bin/../lib/gcc/arm-none-eabi/11.3.1/../../../../arm-none-eabi/lib/thumb/v7e-m+fp/hard\libc_nano.a(libc_a-mbtowc_r.o)
                0x00000000080091ac                __ascii_mbtowc
 .text._realloc_r
                0x00000000080091d0       0x5e C:/ST/STM32CubeIDE_1.14.1/STM32CubeIDE/plugins/com.st.stm32cube.ide.mcu.externaltools.gnu-tools-for-stm32.11.3.rel1.win32_1.1.100.202309141235/tools/bin/../lib/gcc/arm-none-eabi/11.3.1/../../../../arm-none-eabi/lib/thumb/v7e-m+fp/hard\libc_nano.a(libc_a-reallocr.o)
                0x00000000080091d0                _realloc_r
 .text.__ascii_wctomb
                0x000000000800922e       0x1a C:/ST/STM32CubeIDE_1.14.1/STM32CubeIDE/plugins/com.st.stm32cube.ide.mcu.externaltools.gnu-tools-for-stm32.11.3.rel1.win32_1.1.100.202309141235/tools/bin/../lib/gcc/arm-none-eabi/11.3.1/../../../../arm-none-eabi/lib/thumb/v7e-m+fp/hard\libc_nano.a(libc_a-wctomb_r.o)
                0x000000000800922e                __ascii_wctomb
 .text.fprintf  0x0000000008009248       0x24 C:/ST/STM32CubeIDE_1.14.1/STM32CubeIDE/plugins/com.st.stm32cube.ide.mcu.externaltools.gnu-tools-for-stm32.11.3.rel1.win32_1.1.100.202309141235/tools/bin/../lib/gcc/arm-none-eabi/11.3.1/../../../../arm-none-eabi/lib/thumb/v7e-m+fp/hard\libc_nano.a(libc_a-fprintf.o)
                0x0000000008009248                fiprintf
                0x0000000008009248                fprintf
 .text.abort    0x000000000800926c        0xe C:/ST/STM32CubeIDE_1.14.1/STM32CubeIDE/plugins/com.st.stm32cube.ide.mcu.externaltools.gnu-tools-for-stm32.11.3.rel1.win32_1.1.100.202309141235/tools/bin/../lib/gcc/arm-none-eabi/11.3.1/../../../../arm-none-eabi/lib/thumb/v7e-m+fp/hard\libc_nano.a(libc_a-abort.o)
                0x000000000800926c                abort
 .text._malloc_usable_size_r
                0x000000000800927a       0x10 C:/ST/STM32CubeIDE_1.14.1/STM32CubeIDE/plugins/com.st.stm32cube.ide.mcu.externaltools.gnu-tools-for-stm32.11.3.rel1.win32_1.1.100.202309141235/tools/bin/../lib/gcc/arm-none-eabi/11.3.1/../../../../arm-none-eabi/lib/thumb/v7e-m+fp/hard\libc_nano.a(libc_a-msizer.o)
                0x000000000800927a                _malloc_usable_size_r
 .text.__sfputc_r
                0x000000000800928a       0x2e C:/ST/STM32CubeIDE_1.14.1/STM32CubeIDE/plugins/com.st.stm32cube.ide.mcu.externaltools.gnu-tools-for-stm32.11.3.rel1.win32_1.1.100.202309141235/tools/bin/../lib/gcc/arm-none-eabi/11.3.1/../../../../arm-none-eabi/lib/thumb/v7e-m+fp/hard\libc_nano.a(libc_a-nano-vfprintf.o)
 .text.__sfputs_r
                0x00000000080092b8       0x24 C:/ST/STM32CubeIDE_1.14.1/STM32CubeIDE/plugins/com.st.stm32cube.ide.mcu.externaltools.gnu-tools-for-stm32.11.3.rel1.win32_1.1.100.202309141235/tools/bin/../lib/gcc/arm-none-eabi/11.3.1/../../../../arm-none-eabi/lib/thumb/v7e-m+fp/hard\libc_nano.a(libc_a-nano-vfprintf.o)
                0x00000000080092b8                __sfputs_r
 .text._vfprintf_r
                0x00000000080092dc      0x234 C:/ST/STM32CubeIDE_1.14.1/STM32CubeIDE/plugins/com.st.stm32cube.ide.mcu.externaltools.gnu-tools-for-stm32.11.3.rel1.win32_1.1.100.202309141235/tools/bin/../lib/gcc/arm-none-eabi/11.3.1/../../../../arm-none-eabi/lib/thumb/v7e-m+fp/hard\libc_nano.a(libc_a-nano-vfprintf.o)
                0x00000000080092dc                _vfprintf_r
                0x00000000080092dc                _vfiprintf_r
 .text.__swbuf_r
                0x0000000008009510       0x7a C:/ST/STM32CubeIDE_1.14.1/STM32CubeIDE/plugins/com.st.stm32cube.ide.mcu.externaltools.gnu-tools-for-stm32.11.3.rel1.win32_1.1.100.202309141235/tools/bin/../lib/gcc/arm-none-eabi/11.3.1/../../../../arm-none-eabi/lib/thumb/v7e-m+fp/hard\libc_nano.a(libc_a-wbuf.o)
                0x0000000008009510                __swbuf_r
 *fill*         0x000000000800958a        0x2 
 .text.__swsetup_r
                0x000000000800958c       0xb0 C:/ST/STM32CubeIDE_1.14.1/STM32CubeIDE/plugins/com.st.stm32cube.ide.mcu.externaltools.gnu-tools-for-stm32.11.3.rel1.win32_1.1.100.202309141235/tools/bin/../lib/gcc/arm-none-eabi/11.3.1/../../../../arm-none-eabi/lib/thumb/v7e-m+fp/hard\libc_nano.a(libc_a-wsetup.o)
                0x000000000800958c                __swsetup_r
 .text._raise_r
                0x000000000800963c       0x50 C:/ST/STM32CubeIDE_1.14.1/STM32CubeIDE/plugins/com.st.stm32cube.ide.mcu.externaltools.gnu-tools-for-stm32.11.3.rel1.win32_1.1.100.202309141235/tools/bin/../lib/gcc/arm-none-eabi/11.3.1/../../../../arm-none-eabi/lib/thumb/v7e-m+fp/hard\libc_nano.a(libc_a-signal.o)
                0x000000000800963c                _raise_r
 .text.raise    0x000000000800968c       0x10 C:/ST/STM32CubeIDE_1.14.1/STM32CubeIDE/plugins/com.st.stm32cube.ide.mcu.externaltools.gnu-tools-for-stm32.11.3.rel1.win32_1.1.100.202309141235/tools/bin/../lib/gcc/arm-none-eabi/11.3.1/../../../../arm-none-eabi/lib/thumb/v7e-m+fp/hard\libc_nano.a(libc_a-signal.o)
                0x000000000800968c                raise
 .text._kill_r  0x000000000800969c       0x24 C:/ST/STM32CubeIDE_1.14.1/STM32CubeIDE/plugins/com.st.stm32cube.ide.mcu.externaltools.gnu-tools-for-stm32.11.3.rel1.win32_1.1.100.202309141235/tools/bin/../lib/gcc/arm-none-eabi/11.3.1/../../../../arm-none-eabi/lib/thumb/v7e-m+fp/hard\libc_nano.a(libc_a-signalr.o)
                0x000000000800969c                _kill_r
 .text._getpid_r
                0x00000000080096c0        0x4 C:/ST/STM32CubeIDE_1.14.1/STM32CubeIDE/plugins/com.st.stm32cube.ide.mcu.externaltools.gnu-tools-for-stm32.11.3.rel1.win32_1.1.100.202309141235/tools/bin/../lib/gcc/arm-none-eabi/11.3.1/../../../../arm-none-eabi/lib/thumb/v7e-m+fp/hard\libc_nano.a(libc_a-signalr.o)
                0x00000000080096c0                _getpid_r
 .text.__swhatbuf_r
                0x00000000080096c4       0x4c C:/ST/STM32CubeIDE_1.14.1/STM32CubeIDE/plugins/com.st.stm32cube.ide.mcu.externaltools.gnu-tools-for-stm32.11.3.rel1.win32_1.1.100.202309141235/tools/bin/../lib/gcc/arm-none-eabi/11.3.1/../../../../arm-none-eabi/lib/thumb/v7e-m+fp/hard\libc_nano.a(libc_a-makebuf.o)
                0x00000000080096c4                __swhatbuf_r
 .text.__smakebuf_r
                0x0000000008009710       0x78 C:/ST/STM32CubeIDE_1.14.1/STM32CubeIDE/plugins/com.st.stm32cube.ide.mcu.externaltools.gnu-tools-for-stm32.11.3.rel1.win32_1.1.100.202309141235/tools/bin/../lib/gcc/arm-none-eabi/11.3.1/../../../../arm-none-eabi/lib/thumb/v7e-m+fp/hard\libc_nano.a(libc_a-makebuf.o)
                0x0000000008009710                __smakebuf_r
 .text._fstat_r
                0x0000000008009788       0x24 C:/ST/STM32CubeIDE_1.14.1/STM32CubeIDE/plugins/com.st.stm32cube.ide.mcu.externaltools.gnu-tools-for-stm32.11.3.rel1.win32_1.1.100.202309141235/tools/bin/../lib/gcc/arm-none-eabi/11.3.1/../../../../arm-none-eabi/lib/thumb/v7e-m+fp/hard\libc_nano.a(libc_a-fstatr.o)
                0x0000000008009788                _fstat_r
 .text._isatty_r
                0x00000000080097ac       0x20 C:/ST/STM32CubeIDE_1.14.1/STM32CubeIDE/plugins/com.st.stm32cube.ide.mcu.externaltools.gnu-tools-for-stm32.11.3.rel1.win32_1.1.100.202309141235/tools/bin/../lib/gcc/arm-none-eabi/11.3.1/../../../../arm-none-eabi/lib/thumb/v7e-m+fp/hard\libc_nano.a(libc_a-isattyr.o)
                0x00000000080097ac                _isatty_r
 *fill*         0x00000000080097cc        0x4 
 .text.cos      0x00000000080097d0       0xa8 C:/ST/STM32CubeIDE_1.14.1/STM32CubeIDE/plugins/com.st.stm32cube.ide.mcu.externaltools.gnu-tools-for-stm32.11.3.rel1.win32_1.1.100.202309141235/tools/bin/../lib/gcc/arm-none-eabi/11.3.1/../../../../arm-none-eabi/lib/thumb/v7e-m+fp/hard\libm.a(libm_a-s_cos.o)
                0x00000000080097d0                cos
 .text.sin      0x0000000008009878       0xb0 C:/ST/STM32CubeIDE_1.14.1/STM32CubeIDE/plugins/com.st.stm32cube.ide.mcu.externaltools.gnu-tools-for-stm32.11.3.rel1.win32_1.1.100.202309141235/tools/bin/../lib/gcc/arm-none-eabi/11.3.1/../../../../arm-none-eabi/lib/thumb/v7e-m+fp/hard\libm.a(libm_a-s_sin.o)
                0x0000000008009878                sin
 .text.__kernel_cos
                0x0000000008009928      0x18c C:/ST/STM32CubeIDE_1.14.1/STM32CubeIDE/plugins/com.st.stm32cube.ide.mcu.externaltools.gnu-tools-for-stm32.11.3.rel1.win32_1.1.100.202309141235/tools/bin/../lib/gcc/arm-none-eabi/11.3.1/../../../../arm-none-eabi/lib/thumb/v7e-m+fp/hard\libm.a(libm_a-k_cos.o)
                0x0000000008009928                __kernel_cos
 *fill*         0x0000000008009ab4        0x4 
 .text.__kernel_sin
                0x0000000008009ab8      0x17c C:/ST/STM32CubeIDE_1.14.1/STM32CubeIDE/plugins/com.st.stm32cube.ide.mcu.externaltools.gnu-tools-for-stm32.11.3.rel1.win32_1.1.100.202309141235/tools/bin/../lib/gcc/arm-none-eabi/11.3.1/../../../../arm-none-eabi/lib/thumb/v7e-m+fp/hard\libm.a(libm_a-k_sin.o)
                0x0000000008009ab8                __kernel_sin
 *fill*         0x0000000008009c34        0x4 
 .text.__ieee754_rem_pio2
                0x0000000008009c38      0x40c C:/ST/STM32CubeIDE_1.14.1/STM32CubeIDE/plugins/com.st.stm32cube.ide.mcu.externaltools.gnu-tools-for-stm32.11.3.rel1.win32_1.1.100.202309141235/tools/bin/../lib/gcc/arm-none-eabi/11.3.1/../../../../arm-none-eabi/lib/thumb/v7e-m+fp/hard\libm.a(libm_a-e_rem_pio2.o)
                0x0000000008009c38                __ieee754_rem_pio2
 .text.fabs     0x000000000800a044       0x12 C:/ST/STM32CubeIDE_1.14.1/STM32CubeIDE/plugins/com.st.stm32cube.ide.mcu.externaltools.gnu-tools-for-stm32.11.3.rel1.win32_1.1.100.202309141235/tools/bin/../lib/gcc/arm-none-eabi/11.3.1/../../../../arm-none-eabi/lib/thumb/v7e-m+fp/hard\libm.a(libm_a-s_fabs.o)
                0x000000000800a044                fabs
 *fill*         0x000000000800a056        0x2 
 .text.__kernel_rem_pio2
                0x000000000800a058      0x69c C:/ST/STM32CubeIDE_1.14.1/STM32CubeIDE/plugins/com.st.stm32cube.ide.mcu.externaltools.gnu-tools-for-stm32.11.3.rel1.win32_1.1.100.202309141235/tools/bin/../lib/gcc/arm-none-eabi/11.3.1/../../../../arm-none-eabi/lib/thumb/v7e-m+fp/hard\libm.a(libm_a-k_rem_pio2.o)
                0x000000000800a058                __kernel_rem_pio2
 *fill*         0x000000000800a6f4        0x4 
 .text.scalbn   0x000000000800a6f8       0xfc C:/ST/STM32CubeIDE_1.14.1/STM32CubeIDE/plugins/com.st.stm32cube.ide.mcu.externaltools.gnu-tools-for-stm32.11.3.rel1.win32_1.1.100.202309141235/tools/bin/../lib/gcc/arm-none-eabi/11.3.1/../../../../arm-none-eabi/lib/thumb/v7e-m+fp/hard\libm.a(libm_a-s_scalbn.o)
                0x000000000800a6f8                scalbn
 *fill*         0x000000000800a7f4        0x4 
 .text.floor    0x000000000800a7f8      0x100 C:/ST/STM32CubeIDE_1.14.1/STM32CubeIDE/plugins/com.st.stm32cube.ide.mcu.externaltools.gnu-tools-for-stm32.11.3.rel1.win32_1.1.100.202309141235/tools/bin/../lib/gcc/arm-none-eabi/11.3.1/../../../../arm-none-eabi/lib/thumb/v7e-m+fp/hard\libm.a(libm_a-s_floor.o)
                0x000000000800a7f8                floor
 *(.glue_7)
 .glue_7        0x000000000800a8f8        0x0 linker stubs
 *(.glue_7t)
 .glue_7t       0x000000000800a8f8        0x0 linker stubs
 *(.eh_frame)
 .eh_frame      0x000000000800a8f8        0x0 C:/ST/STM32CubeIDE_1.14.1/STM32CubeIDE/plugins/com.st.stm32cube.ide.mcu.externaltools.gnu-tools-for-stm32.11.3.rel1.win32_1.1.100.202309141235/tools/bin/../lib/gcc/arm-none-eabi/11.3.1/thumb/v7e-m+fp/hard/crtbegin.o
 *(.init)
 .init          0x000000000800a8f8        0x4 C:/ST/STM32CubeIDE_1.14.1/STM32CubeIDE/plugins/com.st.stm32cube.ide.mcu.externaltools.gnu-tools-for-stm32.11.3.rel1.win32_1.1.100.202309141235/tools/bin/../lib/gcc/arm-none-eabi/11.3.1/thumb/v7e-m+fp/hard/crti.o
                0x000000000800a8f8                _init
 .init          0x000000000800a8fc        0x8 C:/ST/STM32CubeIDE_1.14.1/STM32CubeIDE/plugins/com.st.stm32cube.ide.mcu.externaltools.gnu-tools-for-stm32.11.3.rel1.win32_1.1.100.202309141235/tools/bin/../lib/gcc/arm-none-eabi/11.3.1/thumb/v7e-m+fp/hard/crtn.o
 *(.fini)
 .fini          0x000000000800a904        0x4 C:/ST/STM32CubeIDE_1.14.1/STM32CubeIDE/plugins/com.st.stm32cube.ide.mcu.externaltools.gnu-tools-for-stm32.11.3.rel1.win32_1.1.100.202309141235/tools/bin/../lib/gcc/arm-none-eabi/11.3.1/thumb/v7e-m+fp/hard/crti.o
                0x000000000800a904                _fini
 .fini          0x000000000800a908        0x8 C:/ST/STM32CubeIDE_1.14.1/STM32CubeIDE/plugins/com.st.stm32cube.ide.mcu.externaltools.gnu-tools-for-stm32.11.3.rel1.win32_1.1.100.202309141235/tools/bin/../lib/gcc/arm-none-eabi/11.3.1/thumb/v7e-m+fp/hard/crtn.o
                0x000000000800a910                . = ALIGN (0x4)
                0x000000000800a910                _etext = .

.vfp11_veneer   0x000000000800a910        0x0
 .vfp11_veneer  0x000000000800a910        0x0 linker stubs

.v4_bx          0x000000000800a910        0x0
 .v4_bx         0x000000000800a910        0x0 linker stubs

.iplt           0x000000000800a910        0x0
 .iplt          0x000000000800a910        0x0 C:/ST/STM32CubeIDE_1.14.1/STM32CubeIDE/plugins/com.st.stm32cube.ide.mcu.externaltools.gnu-tools-for-stm32.11.3.rel1.win32_1.1.100.202309141235/tools/bin/../lib/gcc/arm-none-eabi/11.3.1/thumb/v7e-m+fp/hard/crtbegin.o

.rodata         0x000000000800a910      0x5a8
                0x000000000800a910                . = ALIGN (0x4)
 *(.rodata)
 .rodata        0x000000000800a910       0x25 ./Core/Src/main.o
 *(.rodata*)
 *fill*         0x000000000800a935        0x3 
 .rodata.AHBPrescTable
                0x000000000800a938       0x10 ./Core/Src/system_stm32f3xx.o
                0x000000000800a938                AHBPrescTable
 .rodata.aPLLMULFactorTable
                0x000000000800a948       0x10 ./Drivers/STM32F3xx_HAL_Driver/Src/stm32f3xx_hal_rcc.o
 .rodata.aPredivFactorTable
                0x000000000800a958       0x10 ./Drivers/STM32F3xx_HAL_Driver/Src/stm32f3xx_hal_rcc.o
 .rodata._printf_float.str1.1
                0x000000000800a968       0x12 C:/ST/STM32CubeIDE_1.14.1/STM32CubeIDE/plugins/com.st.stm32cube.ide.mcu.externaltools.gnu-tools-for-stm32.11.3.rel1.win32_1.1.100.202309141235/tools/bin/../lib/gcc/arm-none-eabi/11.3.1/../../../../arm-none-eabi/lib/thumb/v7e-m+fp/hard\libc_nano.a(libc_a-nano-vfprintf_float.o)
 .rodata._printf_i.str1.1
                0x000000000800a97a       0x22 C:/ST/STM32CubeIDE_1.14.1/STM32CubeIDE/plugins/com.st.stm32cube.ide.mcu.externaltools.gnu-tools-for-stm32.11.3.rel1.win32_1.1.100.202309141235/tools/bin/../lib/gcc/arm-none-eabi/11.3.1/../../../../arm-none-eabi/lib/thumb/v7e-m+fp/hard\libc_nano.a(libc_a-nano-vfprintf_i.o)
 .rodata._dtoa_r.str1.1
                0x000000000800a99c       0x8d C:/ST/STM32CubeIDE_1.14.1/STM32CubeIDE/plugins/com.st.stm32cube.ide.mcu.externaltools.gnu-tools-for-stm32.11.3.rel1.win32_1.1.100.202309141235/tools/bin/../lib/gcc/arm-none-eabi/11.3.1/../../../../arm-none-eabi/lib/thumb/v7e-m+fp/hard\libc_nano.a(libc_a-dtoa.o)
                                         0x8f (size before relaxing)
 .rodata._Balloc.str1.1
                0x000000000800aa29       0x59 C:/ST/STM32CubeIDE_1.14.1/STM32CubeIDE/plugins/com.st.stm32cube.ide.mcu.externaltools.gnu-tools-for-stm32.11.3.rel1.win32_1.1.100.202309141235/tools/bin/../lib/gcc/arm-none-eabi/11.3.1/../../../../arm-none-eabi/lib/thumb/v7e-m+fp/hard\libc_nano.a(libc_a-mprec.o)
                                         0x70 (size before relaxing)
 .rodata.__multadd.str1.1
                0x000000000800aa82       0x11 C:/ST/STM32CubeIDE_1.14.1/STM32CubeIDE/plugins/com.st.stm32cube.ide.mcu.externaltools.gnu-tools-for-stm32.11.3.rel1.win32_1.1.100.202309141235/tools/bin/../lib/gcc/arm-none-eabi/11.3.1/../../../../arm-none-eabi/lib/thumb/v7e-m+fp/hard\libc_nano.a(libc_a-mprec.o)
 *fill*         0x000000000800aa82        0x6 
 .rodata.__mprec_bigtens
                0x000000000800aa88       0x28 C:/ST/STM32CubeIDE_1.14.1/STM32CubeIDE/plugins/com.st.stm32cube.ide.mcu.externaltools.gnu-tools-for-stm32.11.3.rel1.win32_1.1.100.202309141235/tools/bin/../lib/gcc/arm-none-eabi/11.3.1/../../../../arm-none-eabi/lib/thumb/v7e-m+fp/hard\libc_nano.a(libc_a-mprec.o)
                0x000000000800aa88                __mprec_bigtens
 .rodata.__mprec_tens
                0x000000000800aab0       0xc8 C:/ST/STM32CubeIDE_1.14.1/STM32CubeIDE/plugins/com.st.stm32cube.ide.mcu.externaltools.gnu-tools-for-stm32.11.3.rel1.win32_1.1.100.202309141235/tools/bin/../lib/gcc/arm-none-eabi/11.3.1/../../../../arm-none-eabi/lib/thumb/v7e-m+fp/hard\libc_nano.a(libc_a-mprec.o)
                0x000000000800aab0                __mprec_tens
 .rodata.p05.0  0x000000000800ab78        0xc C:/ST/STM32CubeIDE_1.14.1/STM32CubeIDE/plugins/com.st.stm32cube.ide.mcu.externaltools.gnu-tools-for-stm32.11.3.rel1.win32_1.1.100.202309141235/tools/bin/../lib/gcc/arm-none-eabi/11.3.1/../../../../arm-none-eabi/lib/thumb/v7e-m+fp/hard\libc_nano.a(libc_a-mprec.o)
 .rodata._svfprintf_r.str1.1
                0x000000000800ab84       0x11 C:/ST/STM32CubeIDE_1.14.1/STM32CubeIDE/plugins/com.st.stm32cube.ide.mcu.externaltools.gnu-tools-for-stm32.11.3.rel1.win32_1.1.100.202309141235/tools/bin/../lib/gcc/arm-none-eabi/11.3.1/../../../../arm-none-eabi/lib/thumb/v7e-m+fp/hard\libc_nano.a(libc_a-nano-svfprintf.o)
 .rodata._setlocale_r.str1.1
                0x000000000800ab95        0x8 C:/ST/STM32CubeIDE_1.14.1/STM32CubeIDE/plugins/com.st.stm32cube.ide.mcu.externaltools.gnu-tools-for-stm32.11.3.rel1.win32_1.1.100.202309141235/tools/bin/../lib/gcc/arm-none-eabi/11.3.1/../../../../arm-none-eabi/lib/thumb/v7e-m+fp/hard\libc_nano.a(libc_a-locale.o)
                                          0x9 (size before relaxing)
 .rodata.str1.1
                0x000000000800ab9d        0x2 C:/ST/STM32CubeIDE_1.14.1/STM32CubeIDE/plugins/com.st.stm32cube.ide.mcu.externaltools.gnu-tools-for-stm32.11.3.rel1.win32_1.1.100.202309141235/tools/bin/../lib/gcc/arm-none-eabi/11.3.1/../../../../arm-none-eabi/lib/thumb/v7e-m+fp/hard\libc_nano.a(libc_a-locale.o)
 .rodata.__assert_func.str1.1
                0x000000000800ab9f       0x3c C:/ST/STM32CubeIDE_1.14.1/STM32CubeIDE/plugins/com.st.stm32cube.ide.mcu.externaltools.gnu-tools-for-stm32.11.3.rel1.win32_1.1.100.202309141235/tools/bin/../lib/gcc/arm-none-eabi/11.3.1/../../../../arm-none-eabi/lib/thumb/v7e-m+fp/hard\libc_nano.a(libc_a-assert.o)
                                         0x3d (size before relaxing)
 .rodata._ctype_
                0x000000000800abdb      0x101 C:/ST/STM32CubeIDE_1.14.1/STM32CubeIDE/plugins/com.st.stm32cube.ide.mcu.externaltools.gnu-tools-for-stm32.11.3.rel1.win32_1.1.100.202309141235/tools/bin/../lib/gcc/arm-none-eabi/11.3.1/../../../../arm-none-eabi/lib/thumb/v7e-m+fp/hard\libc_nano.a(libc_a-ctype_.o)
                0x000000000800abdb                _ctype_
 .rodata._vfprintf_r.str1.1
                0x000000000800acdc       0x11 C:/ST/STM32CubeIDE_1.14.1/STM32CubeIDE/plugins/com.st.stm32cube.ide.mcu.externaltools.gnu-tools-for-stm32.11.3.rel1.win32_1.1.100.202309141235/tools/bin/../lib/gcc/arm-none-eabi/11.3.1/../../../../arm-none-eabi/lib/thumb/v7e-m+fp/hard\libc_nano.a(libc_a-nano-vfprintf.o)
 .rodata.npio2_hw
                0x000000000800acdc       0x80 C:/ST/STM32CubeIDE_1.14.1/STM32CubeIDE/plugins/com.st.stm32cube.ide.mcu.externaltools.gnu-tools-for-stm32.11.3.rel1.win32_1.1.100.202309141235/tools/bin/../lib/gcc/arm-none-eabi/11.3.1/../../../../arm-none-eabi/lib/thumb/v7e-m+fp/hard\libm.a(libm_a-e_rem_pio2.o)
 .rodata.two_over_pi
                0x000000000800ad5c      0x108 C:/ST/STM32CubeIDE_1.14.1/STM32CubeIDE/plugins/com.st.stm32cube.ide.mcu.externaltools.gnu-tools-for-stm32.11.3.rel1.win32_1.1.100.202309141235/tools/bin/../lib/gcc/arm-none-eabi/11.3.1/../../../../arm-none-eabi/lib/thumb/v7e-m+fp/hard\libm.a(libm_a-e_rem_pio2.o)
 *fill*         0x000000000800ae64        0x4 
 .rodata.PIo2   0x000000000800ae68       0x40 C:/ST/STM32CubeIDE_1.14.1/STM32CubeIDE/plugins/com.st.stm32cube.ide.mcu.externaltools.gnu-tools-for-stm32.11.3.rel1.win32_1.1.100.202309141235/tools/bin/../lib/gcc/arm-none-eabi/11.3.1/../../../../arm-none-eabi/lib/thumb/v7e-m+fp/hard\libm.a(libm_a-k_rem_pio2.o)
 .rodata.init_jk
                0x000000000800aea8       0x10 C:/ST/STM32CubeIDE_1.14.1/STM32CubeIDE/plugins/com.st.stm32cube.ide.mcu.externaltools.gnu-tools-for-stm32.11.3.rel1.win32_1.1.100.202309141235/tools/bin/../lib/gcc/arm-none-eabi/11.3.1/../../../../arm-none-eabi/lib/thumb/v7e-m+fp/hard\libm.a(libm_a-k_rem_pio2.o)
                0x000000000800aeb8                . = ALIGN (0x4)

.rel.dyn        0x000000000800aeb8        0x0
 .rel.iplt      0x000000000800aeb8        0x0 C:/ST/STM32CubeIDE_1.14.1/STM32CubeIDE/plugins/com.st.stm32cube.ide.mcu.externaltools.gnu-tools-for-stm32.11.3.rel1.win32_1.1.100.202309141235/tools/bin/../lib/gcc/arm-none-eabi/11.3.1/thumb/v7e-m+fp/hard/crtbegin.o

.ARM.extab      0x000000000800aeb8        0x0
                0x000000000800aeb8                . = ALIGN (0x4)
 *(.ARM.extab* .gnu.linkonce.armextab.*)
                0x000000000800aeb8                . = ALIGN (0x4)

.ARM            0x000000000800aeb8        0x0
                0x000000000800aeb8                . = ALIGN (0x4)
                0x000000000800aeb8                __exidx_start = .
 *(.ARM.exidx*)
                0x000000000800aeb8                __exidx_end = .
                0x000000000800aeb8                . = ALIGN (0x4)

.preinit_array  0x000000000800aeb8        0x0
                0x000000000800aeb8                . = ALIGN (0x4)
                0x000000000800aeb8                PROVIDE (__preinit_array_start = .)
 *(.preinit_array*)
                0x000000000800aeb8                PROVIDE (__preinit_array_end = .)
                0x000000000800aeb8                . = ALIGN (0x4)

.init_array     0x000000000800aeb8        0x4
                0x000000000800aeb8                . = ALIGN (0x4)
                0x000000000800aeb8                PROVIDE (__init_array_start = .)
 *(SORT_BY_NAME(.init_array.*))
 *(.init_array*)
 .init_array    0x000000000800aeb8        0x4 C:/ST/STM32CubeIDE_1.14.1/STM32CubeIDE/plugins/com.st.stm32cube.ide.mcu.externaltools.gnu-tools-for-stm32.11.3.rel1.win32_1.1.100.202309141235/tools/bin/../lib/gcc/arm-none-eabi/11.3.1/thumb/v7e-m+fp/hard/crtbegin.o
                0x000000000800aebc                PROVIDE (__init_array_end = .)
                0x000000000800aebc                . = ALIGN (0x4)

.fini_array     0x000000000800aebc        0x4
                0x000000000800aebc                . = ALIGN (0x4)
                [!provide]                        PROVIDE (__fini_array_start = .)
 *(SORT_BY_NAME(.fini_array.*))
 *(.fini_array*)
 .fini_array    0x000000000800aebc        0x4 C:/ST/STM32CubeIDE_1.14.1/STM32CubeIDE/plugins/com.st.stm32cube.ide.mcu.externaltools.gnu-tools-for-stm32.11.3.rel1.win32_1.1.100.202309141235/tools/bin/../lib/gcc/arm-none-eabi/11.3.1/thumb/v7e-m+fp/hard/crtbegin.o
                [!provide]                        PROVIDE (__fini_array_end = .)
                0x000000000800aec0                . = ALIGN (0x4)
                0x000000000800aec0                _sidata = LOADADDR (.data)

.data           0x0000000020000000      0x2f0 load address 0x000000000800aec0
                0x0000000020000000                . = ALIGN (0x4)
                0x0000000020000000                _sdata = .
 *(.data)
 *(.data*)
 .data.USART1_PORT
                0x0000000020000000       0x40 ./Core/Src/serial.o
                0x0000000020000000                USART1_PORT
 .data.SystemCoreClock
                0x0000000020000040        0x4 ./Core/Src/system_stm32f3xx.o
                0x0000000020000040                SystemCoreClock
 .data.newPeriod
                0x0000000020000044        0x4 ./Core/Src/timer.o
                0x0000000020000044                newPeriod
 .data.uwTickPrio
                0x0000000020000048        0x4 ./Drivers/STM32F3xx_HAL_Driver/Src/stm32f3xx_hal.o
                0x0000000020000048                uwTickPrio
 .data.uwTickFreq
                0x000000002000004c        0x1 ./Drivers/STM32F3xx_HAL_Driver/Src/stm32f3xx_hal.o
                0x000000002000004c                uwTickFreq
 *fill*         0x000000002000004d        0x3 
 .data.I3g4250Drv
                0x0000000020000050       0x34 C:\Users\61411\OneDrive\Desktop\MTRX2700-Game-Show\STMF3disco-BSP\Debug\libF3-components.a(i3g4250d.o)
                0x0000000020000050                I3g4250Drv
 .data.L3gd20Drv
                0x0000000020000084       0x34 C:\Users\61411\OneDrive\Desktop\MTRX2700-Game-Show\STMF3disco-BSP\Debug\libF3-components.a(l3gd20.o)
                0x0000000020000084                L3gd20Drv
 .data.Lsm303agrDrv
                0x00000000200000b8       0x34 C:\Users\61411\OneDrive\Desktop\MTRX2700-Game-Show\STMF3disco-BSP\Debug\libF3-components.a(lsm303agr.o)
                0x00000000200000b8                Lsm303agrDrv
 .data.Lsm303dlhcDrv
                0x00000000200000ec       0x34 C:\Users\61411\OneDrive\Desktop\MTRX2700-Game-Show\STMF3disco-BSP\Debug\libF3-components.a(lsm303dlhc.o)
                0x00000000200000ec                Lsm303dlhcDrv
 .data.SpixTimeout
                0x0000000020000120        0x4 C:\Users\61411\OneDrive\Desktop\MTRX2700-Game-Show\STMF3disco-BSP\Debug\libF3-components.a(stm32f3_discovery.o)
                0x0000000020000120                SpixTimeout
 .data.I2cxTimeout
                0x0000000020000124        0x4 C:\Users\61411\OneDrive\Desktop\MTRX2700-Game-Show\STMF3disco-BSP\Debug\libF3-components.a(stm32f3_discovery.o)
                0x0000000020000124                I2cxTimeout