../Drivers/CMSIS/Include/core_cm4.h:1688:22:__NVIC_EnableIRQ	16	static
../Drivers/CMSIS/Include/core_cm4.h:1816:22:__NVIC_SetPriority	16	static
../Src/timer.c:14:6:one_shot_func	4	static
../Src/timer.c:25:6:reset_modes	4	static
../Src/timer.c:31:6:one_shot	16	static
../Src/timer.c:41:6:interval_mode	16	static
../Src/timer.c:51:6:set_period	16	static
../Src/timer.c:58:6:TIM2_IRQHandler	8	static
../Src/timer.c:70:6:enable_interrupt_timer2	8	static,ignoring_inline_asm
../Src/timer.c:78:6:trigger_prescaler	16	static
../Src/timer.c:86:6:display	16	static
