../Core/Src/main.c:71:6:USART1_IRQHandler	88	static
../Core/Src/main.c:86:6:enable_clocks	4	static
../Core/Src/main.c:94:6:read_and_transmit	112	static
../Core/Src/main.c:125:5:main	8	static
../Core/Src/main.c:186:6:SystemClock_Config	128	static
../Core/Src/main.c:235:13:MX_I2C1_Init	8	static
../Core/Src/main.c:283:13:MX_SPI1_Init	8	static
../Core/Src/main.c:323:13:MX_USB_PCD_Init	8	static
../Core/Src/main.c:354:13:MX_GPIO_Init	48	static
../Core/Src/main.c:405:6:Error_Handler	4	static,ignoring_inline_asm
