../Drivers/CMSIS/Include/core_cm4.h:1688:22:__NVIC_EnableIRQ	16	static
../Drivers/CMSIS/Include/core_cm4.h:1816:22:__NVIC_SetPriority	16	static
../Core/Src/digital_io.c:20:6:enable_clocks	4	static
../Core/Src/digital_io.c:31:6:initialise_board	16	static
../Core/Src/digital_io.c:40:6:EXTI0_IRQHandler	8	static
../Core/Src/digital_io.c:51:6:enable_button_interrupt	16	static,ignoring_inline_asm
../Core/Src/digital_io.c:82:6:set_LED	24	static
../Core/Src/digital_io.c:98:9:get_LED	16	static
../Core/Src/digital_io.c:106:6:led_increase	8	static
../Core/Src/digital_io.c:129:10:countLED	24	static
