Archive member included to satisfy reference by file (symbol)

C:\Users\61411\OneDrive\Desktop\MTRX2700-Game-Show\STMF3disco-BSP\Debug\libF3-components.a(stm32f3_discovery_accelerometer.o)
                              ./Core/Src/main.o (BSP_ACCELERO_Init)
C:\Users\61411\OneDrive\Desktop\MTRX2700-Game-Show\STMF3disco-BSP\Debug\libF3-components.a(stm32f3_discovery_gyroscope.o)
                              ./Core/Src/main.o (BSP_GYRO_Init)
C:\Users\61411\OneDrive\Desktop\MTRX2700-Game-Show\STMF3disco-BSP\Debug\libF3-components.a(i3g4250d.o)
                              C:\Users\61411\OneDrive\Desktop\MTRX2700-Game-Show\STMF3disco-BSP\Debug\libF3-components.a(stm32f3_discovery_gyroscope.o) (I3g4250Drv)
C:\Users\61411\OneDrive\Desktop\MTRX2700-Game-Show\STMF3disco-BSP\Debug\libF3-components.a(l3gd20.o)
                              C:\Users\61411\OneDrive\Desktop\MTRX2700-Game-Show\STMF3disco-BSP\Debug\libF3-components.a(stm32f3_discovery_gyroscope.o) (L3gd20Drv)
C:\Users\61411\OneDrive\Desktop\MTRX2700-Game-Show\STMF3disco-BSP\Debug\libF3-components.a(lsm303agr.o)
                              C:\Users\61411\OneDrive\Desktop\MTRX2700-Game-Show\STMF3disco-BSP\Debug\libF3-components.a(stm32f3_discovery_accelerometer.o) (Lsm303agrDrv)
C:\Users\61411\OneDrive\Desktop\MTRX2700-Game-Show\STMF3disco-BSP\Debug\libF3-components.a(lsm303dlhc.o)
                              C:\Users\61411\OneDrive\Desktop\MTRX2700-Game-Show\STMF3disco-BSP\Debug\libF3-components.a(stm32f3_discovery_accelerometer.o) (Lsm303dlhcDrv)
C:\Users\61411\OneDrive\Desktop\MTRX2700-Game-Show\STMF3disco-BSP\Debug\libF3-components.a(stm32f3_discovery.o)
                              C:\Users\61411\OneDrive\Desktop\MTRX2700-Game-Show\STMF3disco-BSP\Debug\libF3-components.a(i3g4250d.o) (GYRO_IO_Init)
C:/ST/STM32CubeIDE_1.14.1/STM32CubeIDE/plugins/com.st.stm32cube.ide.mcu.externaltools.gnu-tools-for-stm32.11.3.rel1.win32_1.1.100.202309141235/tools/bin/../lib/gcc/arm-none-eabi/11.3.1/../../../../arm-none-eabi/lib/thumb/v7e-m+fp/hard\libc_nano.a(libc_a-exit.o)
                              C:/ST/STM32CubeIDE_1.14.1/STM32CubeIDE/plugins/com.st.stm32cube.ide.mcu.externaltools.gnu-tools-for-stm32.11.3.rel1.win32_1.1.100.202309141235/tools/bin/../lib/gcc/arm-none-eabi/11.3.1/../../../../arm-none-eabi/lib/thumb/v7e-m+fp/hard/crt0.o (exit)
C:/ST/STM32CubeIDE_1.14.1/STM32CubeIDE/plugins/com.st.stm32cube.ide.mcu.externaltools.gnu-tools-for-stm32.11.3.rel1.win32_1.1.100.202309141235/tools/bin/../lib/gcc/arm-none-eabi/11.3.1/../../../../arm-none-eabi/lib/thumb/v7e-m+fp/hard\libc_nano.a(libc_a-nano-vfprintf_float.o)
                              (_printf_float)
C:/ST/STM32CubeIDE_1.14.1/STM32CubeIDE/plugins/com.st.stm32cube.ide.mcu.externaltools.gnu-tools-for-stm32.11.3.rel1.win32_1.1.100.202309141235/tools/bin/../lib/gcc/arm-none-eabi/11.3.1/../../../../arm-none-eabi/lib/thumb/v7e-m+fp/hard\libc_nano.a(libc_a-nano-vfprintf_i.o)
                              C:/ST/STM32CubeIDE_1.14.1/STM32CubeIDE/plugins/com.st.stm32cube.ide.mcu.externaltools.gnu-tools-for-stm32.11.3.rel1.win32_1.1.100.202309141235/tools/bin/../lib/gcc/arm-none-eabi/11.3.1/../../../../arm-none-eabi/lib/thumb/v7e-m+fp/hard\libc_nano.a(libc_a-nano-vfprintf_float.o) (_printf_common)
C:/ST/STM32CubeIDE_1.14.1/STM32CubeIDE/plugins/com.st.stm32cube.ide.mcu.externaltools.gnu-tools-for-stm32.11.3.rel1.win32_1.1.100.202309141235/tools/bin/../lib/gcc/arm-none-eabi/11.3.1/../../../../arm-none-eabi/lib/thumb/v7e-m+fp/hard\libc_nano.a(libc_a-findfp.o)
                              C:/ST/STM32CubeIDE_1.14.1/STM32CubeIDE/plugins/com.st.stm32cube.ide.mcu.externaltools.gnu-tools-for-stm32.11.3.rel1.win32_1.1.100.202309141235/tools/bin/../lib/gcc/arm-none-eabi/11.3.1/../../../../arm-none-eabi/lib/thumb/v7e-m+fp/hard\libc_nano.a(libc_a-exit.o) (__stdio_exit_handler)
C:/ST/STM32CubeIDE_1.14.1/STM32CubeIDE/plugins/com.st.stm32cube.ide.mcu.externaltools.gnu-tools-for-stm32.11.3.rel1.win32_1.1.100.202309141235/tools/bin/../lib/gcc/arm-none-eabi/11.3.1/../../../../arm-none-eabi/lib/thumb/v7e-m+fp/hard\libc_nano.a(libc_a-fwalk.o)
                              C:/ST/STM32CubeIDE_1.14.1/STM32CubeIDE/plugins/com.st.stm32cube.ide.mcu.externaltools.gnu-tools-for-stm32.11.3.rel1.win32_1.1.100.202309141235/tools/bin/../lib/gcc/arm-none-eabi/11.3.1/../../../../arm-none-eabi/lib/thumb/v7e-m+fp/hard\libc_nano.a(libc_a-findfp.o) (_fwalk_sglue)
C:/ST/STM32CubeIDE_1.14.1/STM32CubeIDE/plugins/com.st.stm32cube.ide.mcu.externaltools.gnu-tools-for-stm32.11.3.rel1.win32_1.1.100.202309141235/tools/bin/../lib/gcc/arm-none-eabi/11.3.1/../../../../arm-none-eabi/lib/thumb/v7e-m+fp/hard\libc_nano.a(libc_a-sprintf.o)
                              ./Core/Src/main.o (sprintf)
C:/ST/STM32CubeIDE_1.14.1/STM32CubeIDE/plugins/com.st.stm32cube.ide.mcu.externaltools.gnu-tools-for-stm32.11.3.rel1.win32_1.1.100.202309141235/tools/bin/../lib/gcc/arm-none-eabi/11.3.1/../../../../arm-none-eabi/lib/thumb/v7e-m+fp/hard\libc_nano.a(libc_a-stdio.o)
[...]
Memory Configuration

Name             Origin             Length             Attributes
CCMRAM           0x0000000010000000 0x0000000000002000 xrw
RAM              0x0000000020000000 0x000000000000a000 xrw
FLASH            0x0000000008000000 0x0000000000040000 xr
*default*        0x0000000000000000 0xffffffffffffffff

Linker script and memory map

LOAD C:/ST/STM32CubeIDE_1.14.1/STM32CubeIDE/plugins/com.st.stm32cube.ide.mcu.externaltools.gnu-tools-for-stm32.11.3.rel1.win32_1.1.100.202309141235/tools/bin/../lib/gcc/arm-none-eabi/11.3.1/thumb/v7e-m+fp/hard/crti.o
LOAD C:/ST/STM32CubeIDE_1.14.1/STM32CubeIDE/plugins/com.st.stm32cube.ide.mcu.externaltools.gnu-tools-for-stm32.11.3.rel1.win32_1.1.100.202309141235/tools/bin/../lib/gcc/arm-none-eabi/11.3.1/thumb/v7e-m+fp/hard/crtbegin.o
LOAD C:/ST/STM32CubeIDE_1.14.1/STM32CubeIDE/plugins/com.st.stm32cube.ide.mcu.externaltools.gnu-tools-for-stm32.11.3.rel1.win32_1.1.100.202309141235/tools/bin/../lib/gcc/arm-none-eabi/11.3.1/../../../../arm-none-eabi/lib/thumb/v7e-m+fp/hard/crt0.o
LOAD ./Core/Src/main.o
LOAD ./Core/Src/serial.o
LOAD ./Core/Src/serialise.o
LOAD ./Core/Src/stm32f3xx_hal_msp.o
LOAD ./Core/Src/stm32f3xx_it.o
LOAD ./Core/Src/syscalls.o
LOAD ./Core/Src/sysmem.o
LOAD ./Core/Src/system_stm32f3xx.o
LOAD ./Core/Src/timer.o
LOAD ./Core/Startup/startup_stm32f303vctx.o
LOAD ./Drivers/STM32F3xx_HAL_Driver/Src/stm32f3xx_hal.o
LOAD ./Drivers/STM32F3xx_HAL_Driver/Src/stm32f3xx_hal_cortex.o
LOAD ./Drivers/STM32F3xx_HAL_Driver/Src/stm32f3xx_hal_dma.o
LOAD ./Drivers/STM32F3xx_HAL_Driver/Src/stm32f3xx_hal_exti.o
LOAD ./Drivers/STM32F3xx_HAL_Driver/Src/stm32f3xx_hal_flash.o
LOAD ./Drivers/STM32F3xx_HAL_Driver/Src/stm32f3xx_hal_flash_ex.o
LOAD ./Drivers/STM32F3xx_HAL_Driver/Src/stm32f3xx_hal_gpio.o
LOAD ./Drivers/STM32F3xx_HAL_Driver/Src/stm32f3xx_hal_i2c.o
LOAD ./Drivers/STM32F3xx_HAL_Driver/Src/stm32f3xx_hal_i2c_ex.o
LOAD ./Drivers/STM32F3xx_HAL_Driver/Src/stm32f3xx_hal_pcd.o
LOAD ./Drivers/STM32F3xx_HAL_Driver/Src/stm32f3xx_hal_pcd_ex.o
LOAD ./Drivers/STM32F3xx_HAL_Driver/Src/stm32f3xx_hal_pwr.o
LOAD ./Drivers/STM32F3xx_HAL_Driver/Src/stm32f3xx_hal_pwr_ex.o
LOAD ./Drivers/STM32F3xx_HAL_Driver/Src/stm32f3xx_hal_rcc.o
LOAD ./Drivers/STM32F3xx_HAL_Driver/Src/stm32f3xx_hal_rcc_ex.o
LOAD ./Drivers/STM32F3xx_HAL_Driver/Src/stm32f3xx_hal_spi.o
LOAD ./Drivers/STM32F3xx_HAL_Driver/Src/stm32f3xx_hal_spi_ex.o
LOAD ./Drivers/STM32F3xx_HAL_Driver/Src/stm32f3xx_hal_tim.o
LOAD ./Drivers/STM32F3xx_HAL_Driver/Src/stm32f3xx_hal_tim_ex.o
LOAD ./Drivers/STM32F3xx_HAL_Driver/Src/stm32f3xx_ll_usb.o
LOAD C:\Users\61411\OneDrive\Desktop\MTRX2700-Game-Show\STMF3disco-BSP\Debug\libF3-components.a
START GROUP
LOAD C:/ST/STM32CubeIDE_1.14.1/STM32CubeIDE/plugins/com.st.stm32cube.ide.mcu.externaltools.gnu-tools-for-stm32.11.3.rel1.win32_1.1.100.202309141235/tools/bin/../lib/gcc/arm-none-eabi/11.3.1/../../../../arm-none-eabi/lib/thumb/v7e-m+fp/hard\libc_nano.a
LOAD C:/ST/STM32CubeIDE_1.14.1/STM32CubeIDE/plugins/com.st.stm32cube.ide.mcu.externaltools.gnu-tools-for-stm32.11.3.rel1.win32_1.1.100.202309141235/tools/bin/../lib/gcc/arm-none-eabi/11.3.1/../../../../arm-none-eabi/lib/thumb/v7e-m+fp/hard\libm.a
END GROUP
START GROUP
LOAD C:/ST/STM32CubeIDE_1.14.1/STM32CubeIDE/plugins/com.st.stm32cube.ide.mcu.externaltools.gnu-tools-for-stm32.11.3.rel1.win32_1.1.100.202309141235/tools/bin/../lib/gcc/arm-none-eabi/11.3.1/thumb/v7e-m+fp/hard\libgcc.a
LOAD C:/ST/STM32CubeIDE_1.14.1/STM32CubeIDE/plugins/com.st.stm32cube.ide.mcu.externaltools.gnu-tools-for-stm32.11.3.rel1.win32_1.1.100.202309141235/tools/bin/../lib/gcc/arm-none-eabi/11.3.1/../../../../arm-none-eabi/lib/thumb/v7e-m+fp/hard\libc_nano.a
END GROUP
START GROUP
LOAD C:/ST/STM32CubeIDE_1.14.1/STM32CubeIDE/plugins/com.st.stm32cube.ide.mcu.externaltools.gnu-tools-for-stm32.11.3.rel1.win32_1.1.100.202309141235/tools/bin/../lib/gcc/arm-none-eabi/11.3.1/thumb/v7e-m+fp/hard\libgcc.a
LOAD C:/ST/STM32CubeIDE_1.14.1/STM32CubeIDE/plugins/com.st.stm32cube.ide.mcu.externaltools.gnu-tools-for-stm32.11.3.rel1.win32_1.1.100.202309141235/tools/bin/../lib/gcc/arm-none-eabi/11.3.1/../../../../arm-none-eabi/lib/thumb/v7e-m+fp/hard\libc_nano.a
LOAD C:/ST/STM32CubeIDE_1.14.1/STM32CubeIDE/plugins/com.st.stm32cube.ide.mcu.externaltools.gnu-tools-for-stm32.11.3.rel1.win32_1.1.100.202309141235/tools/bin/../lib/gcc/arm-none-eabi/11.3.1/../../../../arm-none-eabi/lib/thumb/v7e-m+fp/hard\libnosys.a
END GROUP
START GROUP
LOAD C:/ST/STM32CubeIDE_1.14.1/STM32CubeIDE/plugins/com.st.stm32cube.ide.mcu.externaltools.gnu-tools-for-stm32.11.3.rel1.win32_1.1.100.202309141235/tools/bin/../lib/gcc/arm-none-eabi/11.3.1/thumb/v7e-m+fp/hard\libgcc.a
LOAD C:/ST/STM32CubeIDE_1.14.1/STM32CubeIDE/plugins/com.st.stm32cube.ide.mcu.externaltools.gnu-tools-for-stm32.11.3.rel1.win32_1.1.100.202309141235/tools/bin/../lib/gcc/arm-none-eabi/11.3.1/../../../../arm-none-eabi/lib/thumb/v7e-m+fp/hard\libc_nano.a
LOAD C:/ST/STM32CubeIDE_1.14.1/STM32CubeIDE/plugins/com.st.stm32cube.ide.mcu.externaltools.gnu-tools-for-stm32.11.3.rel1.win32_1.1.100.202309141235/tools/bin/../lib/gcc/arm-none-eabi/11.3.1/../../../../arm-none-eabi/lib/thumb/v7e-m+fp/hard\libnosys.a
END GROUP
LOAD C:/ST/STM32CubeIDE_1.14.1/STM32CubeIDE/plugins/com.st.stm32cube.ide.mcu.externaltools.gnu-tools-for-stm32.11.3.rel1.win32_1.1.100.202309141235/tools/bin/../lib/gcc/arm-none-eabi/11.3.1/thumb/v7e-m+fp/hard/crtend.o
LOAD C:/ST/STM32CubeIDE_1.14.1/STM32CubeIDE/plugins/com.st.stm32cube.ide.mcu.externaltools.gnu-tools-for-stm32.11.3.rel1.win32_1.1.100.202309141235/tools/bin/../lib/gcc/arm-none-eabi/11.3.1/thumb/v7e-m+fp/hard/crtn.o
                0x000000002000a000                _estack = (ORIGIN (RAM) + LENGTH (RAM))
                0x0000000000000200                _Min_Heap_Size = 0x200
                0x0000000000000400                _Min_Stack_Size = 0x400

.isr_vector     0x0000000008000000      0x188
                0x0000000008000000                . = ALIGN (0x4)
 *(.isr_vector)
 .isr_vector    0x0000000008000000      0x188 ./Core/Startup/startup_stm32f303vctx.o
                0x0000000008000000                g_pfnVectors
                0x0000000008000188                . = ALIGN (0x4)

.text           0x0000000008000190     0x9304
                0x0000000008000190                . = ALIGN (0x4)
 *(.text)
 .text          0x0000000008000190       0x40 C:/ST/STM32CubeIDE_1.14.1/STM32CubeIDE/plugins/com.st.stm32cube.ide.mcu.externaltools.gnu-tools-for-stm32.11.3.rel1.win32_1.1.100.202309141235/tools/bin/../lib/gcc/arm-none-eabi/11.3.1/thumb/v7e-m+fp/hard/crtbegin.o
 .text          0x00000000080001d0       0xa0 C:/ST/STM32CubeIDE_1.14.1/STM32CubeIDE/plugins/com.st.stm32cube.ide.mcu.externaltools.gnu-tools-for-stm32.11.3.rel1.win32_1.1.100.202309141235/tools/bin/../lib/gcc/arm-none-eabi/11.3.1/../../../../arm-none-eabi/lib/thumb/v7e-m+fp/hard\libc_nano.a(libc_a-memchr.o)
                0x00000000080001d0                memchr
 .text          0x0000000008000270       0x10 C:/ST/STM32CubeIDE_1.14.1/STM32CubeIDE/plugins/com.st.stm32cube.ide.mcu.externaltools.gnu-tools-for-stm32.11.3.rel1.win32_1.1.100.202309141235/tools/bin/../lib/gcc/arm-none-eabi/11.3.1/../../../../arm-none-eabi/lib/thumb/v7e-m+fp/hard\libc_nano.a(libc_a-strlen.o)
                0x0000000008000270                strlen
 .text          0x0000000008000280      0x378 C:/ST/STM32CubeIDE_1.14.1/STM32CubeIDE/plugins/com.st.stm32cube.ide.mcu.externaltools.gnu-tools-for-stm32.11.3.rel1.win32_1.1.100.202309141235/tools/bin/../lib/gcc/arm-none-eabi/11.3.1/thumb/v7e-m+fp/hard\libgcc.a(_arm_addsubdf3.o)
                0x0000000008000280                __aeabi_drsub
                0x0000000008000288                __aeabi_dsub
                0x0000000008000288                __subdf3
                0x000000000800028c                __aeabi_dadd
                0x000000000800028c                __adddf3
                0x0000000008000504                __floatunsidf
                0x0000000008000504                __aeabi_ui2d
                0x0000000008000524                __floatsidf
                0x0000000008000524                __aeabi_i2d
                0x0000000008000548                __aeabi_f2d
                0x0000000008000548                __extendsfdf2
                0x000000000800058c                __floatundidf
                0x000000000800058c                __aeabi_ul2d
                0x000000000800059c                __floatdidf
                0x000000000800059c                __aeabi_l2d
 .text          0x00000000080005f8      0x424 C:/ST/STM32CubeIDE_1.14.1/STM32CubeIDE/plugins/com.st.stm32cube.ide.mcu.externaltools.gnu-tools-for-stm32.11.3.rel1.win32_1.1.100.202309141235/tools/bin/../lib/gcc/arm-none-eabi/11.3.1/thumb/v7e-m+fp/hard\libgcc.a(_arm_muldivdf3.o)
                0x00000000080005f8                __aeabi_dmul
                0x00000000080005f8                __muldf3
                0x000000000800084c                __divdf3
                0x000000000800084c                __aeabi_ddiv
 .text          0x0000000008000a1c      0x110 C:/ST/STM32CubeIDE_1.14.1/STM32CubeIDE/plugins/com.st.stm32cube.ide.mcu.externaltools.gnu-tools-for-stm32.11.3.rel1.win32_1.1.100.202309141235/tools/bin/../lib/gcc/arm-none-eabi/11.3.1/thumb/v7e-m+fp/hard\libgcc.a(_arm_cmpdf2.o)
                0x0000000008000a1c                __gtdf2
                0x0000000008000a1c                __gedf2
                0x0000000008000a24                __ltdf2
                0x0000000008000a24                __ledf2
                0x0000000008000a2c                __nedf2
                0x0000000008000a2c                __eqdf2
                0x0000000008000a2c                __cmpdf2
                0x0000000008000aa8                __aeabi_cdrcmple
                0x0000000008000ab8                __aeabi_cdcmpeq
                0x0000000008000ab8                __aeabi_cdcmple
                0x0000000008000ac8                __aeabi_dcmpeq
                0x0000000008000adc                __aeabi_dcmplt
                0x0000000008000af0                __aeabi_dcmple
                0x0000000008000b04                __aeabi_dcmpge
                0x0000000008000b18                __aeabi_dcmpgt
 .text          0x0000000008000b2c       0x2c C:/ST/STM32CubeIDE_1.14.1/STM32CubeIDE/plugins/com.st.stm32cube.ide.mcu.externaltools.gnu-tools-for-stm32.11.3.rel1.win32_1.1.100.202309141235/tools/bin/../lib/gcc/arm-none-eabi/11.3.1/thumb/v7e-m+fp/hard\libgcc.a(_arm_unorddf2.o)
                0x0000000008000b2c                __unorddf2
                0x0000000008000b2c                __aeabi_dcmpun
 .text          0x0000000008000b58       0x50 C:/ST/STM32CubeIDE_1.14.1/STM32CubeIDE/plugins/com.st.stm32cube.ide.mcu.externaltools.gnu-tools-for-stm32.11.3.rel1.win32_1.1.100.202309141235/tools/bin/../lib/gcc/arm-none-eabi/11.3.1/thumb/v7e-m+fp/hard\libgcc.a(_arm_fixdfsi.o)
                0x0000000008000b58                __aeabi_d2iz
                0x0000000008000b58                __fixdfsi
 .text          0x0000000008000ba8       0xa0 C:/ST/STM32CubeIDE_1.14.1/STM32CubeIDE/plugins/com.st.stm32cube.ide.mcu.externaltools.gnu-tools-for-stm32.11.3.rel1.win32_1.1.100.202309141235/tools/bin/../lib/gcc/arm-none-eabi/11.3.1/thumb/v7e-m+fp/hard\libgcc.a(_arm_truncdfsf2.o)
                0x0000000008000ba8                __truncdfsf2
                0x0000000008000ba8                __aeabi_d2f
 *(.text*)
 .text.USART1_IRQHandler
                0x0000000008000c48       0x84 ./Core/Src/main.o
                0x0000000008000c48                USART1_IRQHandler
 *fill*         0x0000000008000ccc        0x4 
 .text.main     0x0000000008000cd0      0x170 ./Core/Src/main.o
                0x0000000008000cd0                main
 .text.SystemClock_Config
                0x0000000008000e40       0xc4 ./Core/Src/main.o
                0x0000000008000e40                SystemClock_Config
 .text.MX_I2C1_Init
                0x0000000008000f04       0x80 ./Core/Src/main.o
 .text.MX_SPI1_Init
                0x0000000008000f84       0x7c ./Core/Src/main.o
 .text.MX_USB_PCD_Init
                0x0000000008001000       0x44 ./Core/Src/main.o
 .text.MX_GPIO_Init
                0x0000000008001044       0xfc ./Core/Src/main.o
 .text.Error_Handler
                0x0000000008001140        0xa ./Core/Src/main.o
                0x0000000008001140                Error_Handler
 *fill*         0x000000000800114a        0x2 
 .text.__NVIC_EnableIRQ
                0x000000000800114c       0x3c ./Core/Src/serial.o
 .text.__NVIC_SetPriority
                0x0000000008001188       0x54 ./Core/Src/serial.o
 .text.SerialInitialise
                0x00000000080011dc       0xf8 ./Core/Src/serial.o
                0x00000000080011dc                SerialInitialise
 .text.SerialOutputChar
                0x00000000080012d4       0x32 ./Core/Src/serial.o
                0x00000000080012d4                SerialOutputChar
 .text.SerialOutputString
                0x0000000008001306       0x48 ./Core/Src/serial.o
                0x0000000008001306                SerialOutputString
 .text.SerialReceiveChar
                0x000000000800134e       0x7a ./Core/Src/serial.o
                0x000000000800134e                SerialReceiveChar
 .text.HAL_MspInit
                0x00000000080013c8       0x48 ./Core/Src/stm32f3xx_hal_msp.o
                0x00000000080013c8                HAL_MspInit
 .text.HAL_I2C_MspInit
                0x0000000008001410       0x88 ./Core/Src/stm32f3xx_hal_msp.o
                0x0000000008001410                HAL_I2C_MspInit
 .text.HAL_I2C_MspDeInit
                0x0000000008001498       0x44 ./Core/Src/stm32f3xx_hal_msp.o
                0x0000000008001498                HAL_I2C_MspDeInit
 .text.HAL_SPI_MspInit
                0x00000000080014dc       0x84 ./Core/Src/stm32f3xx_hal_msp.o
                0x00000000080014dc                HAL_SPI_MspInit
 .text.HAL_SPI_MspDeInit
                0x0000000008001560       0x38 ./Core/Src/stm32f3xx_hal_msp.o
                0x0000000008001560                HAL_SPI_MspDeInit
 .text.HAL_PCD_MspInit
                0x0000000008001598       0x88 ./Core/Src/stm32f3xx_hal_msp.o
                0x0000000008001598                HAL_PCD_MspInit
 .text.NMI_Handler
                0x0000000008001620        0x6 ./Core/Src/stm32f3xx_it.o
                0x0000000008001620                NMI_Handler
 .text.HardFault_Handler
                0x0000000008001626        0x6 ./Core/Src/stm32f3xx_it.o
                0x0000000008001626                HardFault_Handler
 .text.MemManage_Handler
                0x000000000800162c        0x6 ./Core/Src/stm32f3xx_it.o
                0x000000000800162c                MemManage_Handler
 .text.BusFault_Handler
                0x0000000008001632        0x6 ./Core/Src/stm32f3xx_it.o
                0x0000000008001632                BusFault_Handler
 .text.UsageFault_Handler
                0x0000000008001638        0x6 ./Core/Src/stm32f3xx_it.o
                0x0000000008001638                UsageFault_Handler
 .text.SVC_Handler
                0x000000000800163e        0xe ./Core/Src/stm32f3xx_it.o
                0x000000000800163e                SVC_Handler
 .text.DebugMon_Handler
                0x000000000800164c        0xe ./Core/Src/stm32f3xx_it.o
                0x000000000800164c                DebugMon_Handler
 .text.PendSV_Handler
                0x000000000800165a        0xe ./Core/Src/stm32f3xx_it.o
                0x000000000800165a                PendSV_Handler
 .text.SysTick_Handler
                0x0000000008001668        0xc ./Core/Src/stm32f3xx_it.o
                0x0000000008001668                SysTick_Handler
 .text._getpid  0x0000000008001674       0x10 ./Core/Src/syscalls.o
                0x0000000008001674                _getpid
 .text._kill    0x0000000008001684       0x20 ./Core/Src/syscalls.o
                0x0000000008001684                _kill
 .text._exit    0x00000000080016a4       0x14 ./Core/Src/syscalls.o
                0x00000000080016a4                _exit
 .text._read    0x00000000080016b8       0x3a ./Core/Src/syscalls.o
                0x00000000080016b8                _read
 .text._write   0x00000000080016f2       0x38 ./Core/Src/syscalls.o
                0x00000000080016f2                _write
 .text._close   0x000000000800172a       0x18 ./Core/Src/syscalls.o
                0x000000000800172a                _close
 .text._fstat   0x0000000008001742       0x20 ./Core/Src/syscalls.o
                0x0000000008001742                _fstat
 .text._isatty  0x0000000008001762       0x16 ./Core/Src/syscalls.o
                0x0000000008001762                _isatty
 .text._lseek   0x0000000008001778       0x1a ./Core/Src/syscalls.o
                0x0000000008001778                _lseek
 *fill*         0x0000000008001792        0x2 
 .text._sbrk    0x0000000008001794       0x6c ./Core/Src/sysmem.o
                0x0000000008001794                _sbrk
 .text.SystemInit
                0x0000000008001800       0x24 ./Core/Src/system_stm32f3xx.o
                0x0000000008001800                SystemInit
 .text.TIM2_IRQHandler
                0x0000000008001824       0x38 ./Core/Src/timer.o
                0x0000000008001824                TIM2_IRQHandler
 .text.Reset_Handler
                0x000000000800185c       0x50 ./Core/Startup/startup_stm32f303vctx.o
                0x000000000800185c                Reset_Handler
 .text.Default_Handler
                0x00000000080018ac        0x2 ./Core/Startup/startup_stm32f303vctx.o
                0x00000000080018ac                RTC_Alarm_IRQHandler
                0x00000000080018ac                TIM8_TRG_COM_IRQHandler
                0x00000000080018ac                TIM8_CC_IRQHandler
                0x00000000080018ac                TIM1_CC_IRQHandler
                0x00000000080018ac                USB_HP_IRQHandler
                0x00000000080018ac                PVD_IRQHandler
                0x00000000080018ac                TAMP_STAMP_IRQHandler
                0x00000000080018ac                EXTI3_IRQHandler
                0x00000000080018ac                USB_HP_CAN_TX_IRQHandler
                0x00000000080018ac                EXTI0_IRQHandler
                0x00000000080018ac                I2C2_EV_IRQHandler
                0x00000000080018ac                FPU_IRQHandler
                0x00000000080018ac                TIM1_UP_TIM16_IRQHandler
                0x00000000080018ac                ADC1_2_IRQHandler
                0x00000000080018ac                SPI1_IRQHandler
                0x00000000080018ac                CAN_SCE_IRQHandler
                0x00000000080018ac                TIM6_DAC_IRQHandler
                0x00000000080018ac                TIM8_UP_IRQHandler
                0x00000000080018ac                DMA2_Channel2_IRQHandler
                0x00000000080018ac                DMA1_Channel4_IRQHandler
                0x00000000080018ac                USART3_IRQHandler
                0x00000000080018ac                DMA1_Channel7_IRQHandler
                0x00000000080018ac                UART5_IRQHandler
                0x00000000080018ac                ADC3_IRQHandler
                0x00000000080018ac                TIM4_IRQHandler
                0x00000000080018ac                CAN_RX1_IRQHandler
                0x00000000080018ac                DMA2_Channel1_IRQHandler
                0x00000000080018ac                I2C1_EV_IRQHandler
                0x00000000080018ac                DMA1_Channel6_IRQHandler
                0x00000000080018ac                UART4_IRQHandler
                0x00000000080018ac                DMA2_Channel4_IRQHandler
                0x00000000080018ac                TIM3_IRQHandler
                0x00000000080018ac                RCC_IRQHandler
                0x00000000080018ac                DMA1_Channel1_IRQHandler
                0x00000000080018ac                Default_Handler
                0x00000000080018ac                USBWakeUp_RMP_IRQHandler
                0x00000000080018ac                EXTI15_10_IRQHandler
                0x00000000080018ac                TIM7_IRQHandler
                0x00000000080018ac                EXTI9_5_IRQHandler
                0x00000000080018ac                RTC_WKUP_IRQHandler
                0x00000000080018ac                SPI2_IRQHandler
                0x00000000080018ac                USB_LP_CAN_RX0_IRQHandler
                0x00000000080018ac                DMA2_Channel5_IRQHandler
                0x00000000080018ac                DMA1_Channel5_IRQHandler
                0x00000000080018ac                USB_LP_IRQHandler
                0x00000000080018ac                EXTI4_IRQHandler
                0x00000000080018ac                TIM1_TRG_COM_TIM17_IRQHandler
                0x00000000080018ac                DMA1_Channel3_IRQHandler
                0x00000000080018ac                ADC4_IRQHandler
                0x00000000080018ac                WWDG_IRQHandler
                0x00000000080018ac                COMP7_IRQHandler
                0x00000000080018ac                COMP1_2_3_IRQHandler
                0x00000000080018ac                EXTI1_IRQHandler
                0x00000000080018ac                USART2_IRQHandler
                0x00000000080018ac                COMP4_5_6_IRQHandler
                0x00000000080018ac                I2C2_ER_IRQHandler
                0x00000000080018ac                DMA1_Channel2_IRQHandler
                0x00000000080018ac                TIM8_BRK_IRQHandler
                0x00000000080018ac                FLASH_IRQHandler
                0x00000000080018ac                SPI3_IRQHandler
                0x00000000080018ac                I2C1_ER_IRQHandler
                0x00000000080018ac                USBWakeUp_IRQHandler
                0x00000000080018ac                DMA2_Channel3_IRQHandler
                0x00000000080018ac                EXTI2_TSC_IRQHandler
                0x00000000080018ac                TIM1_BRK_TIM15_IRQHandler
 *fill*         0x00000000080018ae        0x2 
 .text.HAL_Init
                0x00000000080018b0       0x2c ./Drivers/STM32F3xx_HAL_Driver/Src/stm32f3xx_hal.o
                0x00000000080018b0                HAL_Init
 .text.HAL_InitTick
                0x00000000080018dc       0x60 ./Drivers/STM32F3xx_HAL_Driver/Src/stm32f3xx_hal.o
                0x00000000080018dc                HAL_InitTick
 .text.HAL_IncTick
                0x000000000800193c       0x28 ./Drivers/STM32F3xx_HAL_Driver/Src/stm32f3xx_hal.o
                0x000000000800193c                HAL_IncTick
 .text.HAL_GetTick
                0x0000000008001964       0x18 ./Drivers/STM32F3xx_HAL_Driver/Src/stm32f3xx_hal.o
                0x0000000008001964                HAL_GetTick
 .text.HAL_Delay
                0x000000000800197c       0x48 ./Drivers/STM32F3xx_HAL_Driver/Src/stm32f3xx_hal.o
                0x000000000800197c                HAL_Delay
 .text.__NVIC_SetPriorityGrouping
                0x00000000080019c4       0x48 ./Drivers/STM32F3xx_HAL_Driver/Src/stm32f3xx_hal_cortex.o
 .text.__NVIC_GetPriorityGrouping
                0x0000000008001a0c       0x1c ./Drivers/STM32F3xx_HAL_Driver/Src/stm32f3xx_hal_cortex.o
 .text.__NVIC_EnableIRQ
                0x0000000008001a28       0x3c ./Drivers/STM32F3xx_HAL_Driver/Src/stm32f3xx_hal_cortex.o
 .text.__NVIC_SetPriority
                0x0000000008001a64       0x54 ./Drivers/STM32F3xx_HAL_Driver/Src/stm32f3xx_hal_cortex.o
 .text.NVIC_EncodePriority
                0x0000000008001ab8       0x66 ./Drivers/STM32F3xx_HAL_Driver/Src/stm32f3xx_hal_cortex.o
 *fill*         0x0000000008001b1e        0x2 
 .text.SysTick_Config
                0x0000000008001b20       0x44 ./Drivers/STM32F3xx_HAL_Driver/Src/stm32f3xx_hal_cortex.o
 .text.HAL_NVIC_SetPriorityGrouping
                0x0000000008001b64       0x16 ./Drivers/STM32F3xx_HAL_Driver/Src/stm32f3xx_hal_cortex.o
                0x0000000008001b64                HAL_NVIC_SetPriorityGrouping
 .text.HAL_NVIC_SetPriority
                0x0000000008001b7a       0x38 ./Drivers/STM32F3xx_HAL_Driver/Src/stm32f3xx_hal_cortex.o
                0x0000000008001b7a                HAL_NVIC_SetPriority
 .text.HAL_NVIC_EnableIRQ
                0x0000000008001bb2       0x1c ./Drivers/STM32F3xx_HAL_Driver/Src/stm32f3xx_hal_cortex.o
                0x0000000008001bb2                HAL_NVIC_EnableIRQ
 .text.HAL_SYSTICK_Config
                0x0000000008001bce       0x18 ./Drivers/STM32F3xx_HAL_Driver/Src/stm32f3xx_hal_cortex.o
                0x0000000008001bce                HAL_SYSTICK_Config
 *fill*         0x0000000008001be6        0x2 
 .text.HAL_GPIO_Init
                0x0000000008001be8      0x2f4 ./Drivers/STM32F3xx_HAL_Driver/Src/stm32f3xx_hal_gpio.o
                0x0000000008001be8                HAL_GPIO_Init
 .text.HAL_GPIO_DeInit
                0x0000000008001edc      0x1b8 ./Drivers/STM32F3xx_HAL_Driver/Src/stm32f3xx_hal_gpio.o
                0x0000000008001edc                HAL_GPIO_DeInit
 .text.HAL_GPIO_WritePin
                0x0000000008002094       0x30 ./Drivers/STM32F3xx_HAL_Driver/Src/stm32f3xx_hal_gpio.o
                0x0000000008002094                HAL_GPIO_WritePin
 .text.HAL_I2C_Init
                0x00000000080020c4      0x11e ./Drivers/STM32F3xx_HAL_Driver/Src/stm32f3xx_hal_i2c.o
                0x00000000080020c4                HAL_I2C_Init
 .text.HAL_I2C_DeInit
                0x00000000080021e2       0x5e ./Drivers/STM32F3xx_HAL_Driver/Src/stm32f3xx_hal_i2c.o
                0x00000000080021e2                HAL_I2C_DeInit
 .text.HAL_I2C_Mem_Write
                0x0000000008002240      0x228 ./Drivers/STM32F3xx_HAL_Driver/Src/stm32f3xx_hal_i2c.o
                0x0000000008002240                HAL_I2C_Mem_Write
 .text.HAL_I2C_Mem_Read
                0x0000000008002468      0x234 ./Drivers/STM32F3xx_HAL_Driver/Src/stm32f3xx_hal_i2c.o
                0x0000000008002468                HAL_I2C_Mem_Read
 .text.HAL_I2C_GetState
                0x000000000800269c       0x1c ./Drivers/STM32F3xx_HAL_Driver/Src/stm32f3xx_hal_i2c.o
                0x000000000800269c                HAL_I2C_GetState
 .text.I2C_RequestMemoryWrite
                0x00000000080026b8       0xa8 ./Drivers/STM32F3xx_HAL_Driver/Src/stm32f3xx_hal_i2c.o
 .text.I2C_RequestMemoryRead
                0x0000000008002760       0xa8 ./Drivers/STM32F3xx_HAL_Driver/Src/stm32f3xx_hal_i2c.o
 .text.I2C_Flush_TXDR
                0x0000000008002808       0x48 ./Drivers/STM32F3xx_HAL_Driver/Src/stm32f3xx_hal_i2c.o
 .text.I2C_WaitOnFlagUntilTimeout
                0x0000000008002850       0x9e ./Drivers/STM32F3xx_HAL_Driver/Src/stm32f3xx_hal_i2c.o
 .text.I2C_WaitOnTXISFlagUntilTimeout
                0x00000000080028ee       0x8e ./Drivers/STM32F3xx_HAL_Driver/Src/stm32f3xx_hal_i2c.o
 .text.I2C_WaitOnSTOPFlagUntilTimeout
                0x000000000800297c       0x86 ./Drivers/STM32F3xx_HAL_Driver/Src/stm32f3xx_hal_i2c.o
 *fill*         0x0000000008002a02        0x2 
 .text.I2C_IsErrorOccurred
                0x0000000008002a04      0x1c0 ./Drivers/STM32F3xx_HAL_Driver/Src/stm32f3xx_hal_i2c.o
 .text.I2C_TransferConfig
                0x0000000008002bc4       0x64 ./Drivers/STM32F3xx_HAL_Driver/Src/stm32f3xx_hal_i2c.o
 .text.HAL_I2CEx_ConfigAnalogFilter
                0x0000000008002c28       0x96 ./Drivers/STM32F3xx_HAL_Driver/Src/stm32f3xx_hal_i2c_ex.o
                0x0000000008002c28                HAL_I2CEx_ConfigAnalogFilter
 .text.HAL_I2CEx_ConfigDigitalFilter
                0x0000000008002cbe       0x98 ./Drivers/STM32F3xx_HAL_Driver/Src/stm32f3xx_hal_i2c_ex.o
                0x0000000008002cbe                HAL_I2CEx_ConfigDigitalFilter
 .text.HAL_PCD_Init
                0x0000000008002d56      0x1a4 ./Drivers/STM32F3xx_HAL_Driver/Src/stm32f3xx_hal_pcd.o
                0x0000000008002d56                HAL_PCD_Init
 *fill*         0x0000000008002efa        0x2 
 .text.HAL_RCC_OscConfig
                0x0000000008002efc     0x107c ./Drivers/STM32F3xx_HAL_Driver/Src/stm32f3xx_hal_rcc.o
                0x0000000008002efc                HAL_RCC_OscConfig
 .text.HAL_RCC_ClockConfig
                0x0000000008003f78      0x2f8 ./Drivers/STM32F3xx_HAL_Driver/Src/stm32f3xx_hal_rcc.o
                0x0000000008003f78                HAL_RCC_ClockConfig
 .text.HAL_RCC_GetSysClockFreq
                0x0000000008004270       0xd4 ./Drivers/STM32F3xx_HAL_Driver/Src/stm32f3xx_hal_rcc.o
                0x0000000008004270                HAL_RCC_GetSysClockFreq
 .text.HAL_RCCEx_PeriphCLKConfig
                0x0000000008004344      0x360 ./Drivers/STM32F3xx_HAL_Driver/Src/stm32f3xx_hal_rcc_ex.o
                0x0000000008004344                HAL_RCCEx_PeriphCLKConfig
 .text.HAL_SPI_Init
                0x00000000080046a4      0x156 ./Drivers/STM32F3xx_HAL_Driver/Src/stm32f3xx_hal_spi.o
                0x00000000080046a4                HAL_SPI_Init
 .text.HAL_SPI_DeInit
                0x00000000080047fa       0x50 ./Drivers/STM32F3xx_HAL_Driver/Src/stm32f3xx_hal_spi.o
                0x00000000080047fa                HAL_SPI_DeInit
 .text.HAL_SPI_TransmitReceive
                0x000000000800484a      0x444 ./Drivers/STM32F3xx_HAL_Driver/Src/stm32f3xx_hal_spi.o
                0x000000000800484a                HAL_SPI_TransmitReceive
 .text.HAL_SPI_GetState
                0x0000000008004c8e       0x1c ./Drivers/STM32F3xx_HAL_Driver/Src/stm32f3xx_hal_spi.o
                0x0000000008004c8e                HAL_SPI_GetState
 *fill*         0x0000000008004caa        0x2 
 .text.SPI_WaitFlagStateUntilTimeout
                0x0000000008004cac      0x110 ./Drivers/STM32F3xx_HAL_Driver/Src/stm32f3xx_hal_spi.o
 .text.SPI_WaitFifoStateUntilTimeout
                0x0000000008004dbc      0x12c ./Drivers/STM32F3xx_HAL_Driver/Src/stm32f3xx_hal_spi.o
 .text.SPI_EndRxTxTransaction
                0x0000000008004ee8       0x8c ./Drivers/STM32F3xx_HAL_Driver/Src/stm32f3xx_hal_spi.o
 .text.USB_DisableGlobalInt
                0x0000000008004f74       0x36 ./Drivers/STM32F3xx_HAL_Driver/Src/stm32f3xx_ll_usb.o
                0x0000000008004f74                USB_DisableGlobalInt
 .text.USB_DevInit
                0x0000000008004faa       0x42 ./Drivers/STM32F3xx_HAL_Driver/Src/stm32f3xx_ll_usb.o
                0x0000000008004faa                USB_DevInit
 .text.BSP_ACCELERO_Init
                0x0000000008004fec      0x184 C:\Users\61411\OneDrive\Desktop\MTRX2700-Game-Show\STMF3disco-BSP\Debug\libF3-components.a(stm32f3_discovery_accelerometer.o)
                0x0000000008004fec                BSP_ACCELERO_Init
 .text.BSP_GYRO_Init
                0x0000000008005170      0x16c C:\Users\61411\OneDrive\Desktop\MTRX2700-Game-Show\STMF3disco-BSP\Debug\libF3-components.a(stm32f3_discovery_gyroscope.o)
                0x0000000008005170                BSP_GYRO_Init
 .text.BSP_GYRO_GetXYZ
                0x00000000080052dc       0x28 C:\Users\61411\OneDrive\Desktop\MTRX2700-Game-Show\STMF3disco-BSP\Debug\libF3-components.a(stm32f3_discovery_gyroscope.o)
                0x00000000080052dc                BSP_GYRO_GetXYZ
 .text.I3G4250D_Init
                0x0000000008005304       0x46 C:\Users\61411\OneDrive\Desktop\MTRX2700-Game-Show\STMF3disco-BSP\Debug\libF3-components.a(i3g4250d.o)
                0x0000000008005304                I3G4250D_Init
 .text.I3G4250D_DeInit
                0x000000000800534a        0xe C:\Users\61411\OneDrive\Desktop\MTRX2700-Game-Show\STMF3disco-BSP\Debug\libF3-components.a(i3g4250d.o)
                0x000000000800534a                I3G4250D_DeInit
 .text.I3G4250D_ReadID
                0x0000000008005358       0x20 C:\Users\61411\OneDrive\Desktop\MTRX2700-Game-Show\STMF3disco-BSP\Debug\libF3-components.a(i3g4250d.o)
                0x0000000008005358                I3G4250D_ReadID
 .text.I3G4250D_RebootCmd
                0x0000000008005378       0x30 C:\Users\61411\OneDrive\Desktop\MTRX2700-Game-Show\STMF3disco-BSP\Debug\libF3-components.a(i3g4250d.o)
                0x0000000008005378                I3G4250D_RebootCmd
 .text.I3G4250D_LowPower
                0x00000000080053a8       0x2a C:\Users\61411\OneDrive\Desktop\MTRX2700-Game-Show\STMF3disco-BSP\Debug\libF3-components.a(i3g4250d.o)
                0x00000000080053a8                I3G4250D_LowPower
 .text.I3G4250D_INT1InterruptConfig
                0x00000000080053d2       0x86 C:\Users\61411\OneDrive\Desktop\MTRX2700-Game-Show\STMF3disco-BSP\Debug\libF3-components.a(i3g4250d.o)
                0x00000000080053d2                I3G4250D_INT1InterruptConfig
 .text.I3G4250D_EnableIT
                0x0000000008005458       0x64 C:\Users\61411\OneDrive\Desktop\MTRX2700-Game-Show\STMF3disco-BSP\Debug\libF3-components.a(i3g4250d.o)
                0x0000000008005458                I3G4250D_EnableIT
 .text.I3G4250D_DisableIT
                0x00000000080054bc       0x58 C:\Users\61411\OneDrive\Desktop\MTRX2700-Game-Show\STMF3disco-BSP\Debug\libF3-components.a(i3g4250d.o)
                0x00000000080054bc                I3G4250D_DisableIT
 .text.I3G4250D_FilterConfig
                0x0000000008005514       0x42 C:\Users\61411\OneDrive\Desktop\MTRX2700-Game-Show\STMF3disco-BSP\Debug\libF3-components.a(i3g4250d.o)
                0x0000000008005514                I3G4250D_FilterConfig
 .text.I3G4250D_FilterCmd
                0x0000000008005556       0x42 C:\Users\61411\OneDrive\Desktop\MTRX2700-Game-Show\STMF3disco-BSP\Debug\libF3-components.a(i3g4250d.o)
                0x0000000008005556                I3G4250D_FilterCmd
 .text.I3G4250D_ReadXYZAngRate
                0x0000000008005598      0x158 C:\Users\61411\OneDrive\Desktop\MTRX2700-Game-Show\STMF3disco-BSP\Debug\libF3-components.a(i3g4250d.o)
                0x0000000008005598                I3G4250D_ReadXYZAngRate
 .text.L3GD20_Init
                0x00000000080056f0       0x46 C:\Users\61411\OneDrive\Desktop\MTRX2700-Game-Show\STMF3disco-BSP\Debug\libF3-components.a(l3gd20.o)
                0x00000000080056f0                L3GD20_Init
 .text.L3GD20_DeInit
                0x0000000008005736        0xe C:\Users\61411\OneDrive\Desktop\MTRX2700-Game-Show\STMF3disco-BSP\Debug\libF3-components.a(l3gd20.o)
                0x0000000008005736                L3GD20_DeInit
 .text.L3GD20_ReadID
                0x0000000008005744       0x20 C:\Users\61411\OneDrive\Desktop\MTRX2700-Game-Show\STMF3disco-BSP\Debug\libF3-components.a(l3gd20.o)
                0x0000000008005744                L3GD20_ReadID
 .text.L3GD20_RebootCmd
                0x0000000008005764       0x30 C:\Users\61411\OneDrive\Desktop\MTRX2700-Game-Show\STMF3disco-BSP\Debug\libF3-components.a(l3gd20.o)
                0x0000000008005764                L3GD20_RebootCmd
 .text.L3GD20_LowPower
                0x0000000008005794       0x2a C:\Users\61411\OneDrive\Desktop\MTRX2700-Game-Show\STMF3disco-BSP\Debug\libF3-components.a(l3gd20.o)
                0x0000000008005794                L3GD20_LowPower
 .text.L3GD20_INT1InterruptConfig
                0x00000000080057be       0x86 C:\Users\61411\OneDrive\Desktop\MTRX2700-Game-Show\STMF3disco-BSP\Debug\libF3-components.a(l3gd20.o)
                0x00000000080057be                L3GD20_INT1InterruptConfig
 .text.L3GD20_EnableIT
                0x0000000008005844       0x64 C:\Users\61411\OneDrive\Desktop\MTRX2700-Game-Show\STMF3disco-BSP\Debug\libF3-components.a(l3gd20.o)
                0x0000000008005844                L3GD20_EnableIT
 .text.L3GD20_DisableIT
                0x00000000080058a8       0x58 C:\Users\61411\OneDrive\Desktop\MTRX2700-Game-Show\STMF3disco-BSP\Debug\libF3-components.a(l3gd20.o)
                0x00000000080058a8                L3GD20_DisableIT
 .text.L3GD20_FilterConfig
                0x0000000008005900       0x42 C:\Users\61411\OneDrive\Desktop\MTRX2700-Game-Show\STMF3disco-BSP\Debug\libF3-components.a(l3gd20.o)
                0x0000000008005900                L3GD20_FilterConfig
 .text.L3GD20_FilterCmd
                0x0000000008005942       0x42 C:\Users\61411\OneDrive\Desktop\MTRX2700-Game-Show\STMF3disco-BSP\Debug\libF3-components.a(l3gd20.o)
                0x0000000008005942                L3GD20_FilterCmd
 .text.L3GD20_ReadXYZAngRate
                0x0000000008005984      0x158 C:\Users\61411\OneDrive\Desktop\MTRX2700-Game-Show\STMF3disco-BSP\Debug\libF3-components.a(l3gd20.o)
                0x0000000008005984                L3GD20_ReadXYZAngRate
 .text.LSM303AGR_AccInit
                0x0000000008005adc       0x3a C:\Users\61411\OneDrive\Desktop\MTRX2700-Game-Show\STMF3disco-BSP\Debug\libF3-components.a(lsm303agr.o)
                0x0000000008005adc                LSM303AGR_AccInit
 .text.LSM303AGR_AccDeInit
                0x0000000008005b16        0xe C:\Users\61411\OneDrive\Desktop\MTRX2700-Game-Show\STMF3disco-BSP\Debug\libF3-components.a(lsm303agr.o)
                0x0000000008005b16                LSM303AGR_AccDeInit
 .text.LSM303AGR_AccReadID
                0x0000000008005b24       0x24 C:\Users\61411\OneDrive\Desktop\MTRX2700-Game-Show\STMF3disco-BSP\Debug\libF3-components.a(lsm303agr.o)
                0x0000000008005b24                LSM303AGR_AccReadID
 .text.LSM303AGR_AccRebootCmd
                0x0000000008005b48       0x2e C:\Users\61411\OneDrive\Desktop\MTRX2700-Game-Show\STMF3disco-BSP\Debug\libF3-components.a(lsm303agr.o)
                0x0000000008005b48                LSM303AGR_AccRebootCmd
 .text.LSM303AGR_AccFilterConfig
                0x0000000008005b76       0x3a C:\Users\61411\OneDrive\Desktop\MTRX2700-Game-Show\STMF3disco-BSP\Debug\libF3-components.a(lsm303agr.o)
                0x0000000008005b76                LSM303AGR_AccFilterConfig
 .text.LSM303AGR_AccFilterCmd
                0x0000000008005bb0       0x3a C:\Users\61411\OneDrive\Desktop\MTRX2700-Game-Show\STMF3disco-BSP\Debug\libF3-components.a(lsm303agr.o)
                0x0000000008005bb0                LSM303AGR_AccFilterCmd
 .text.LSM303AGR_AccReadXYZ
                0x0000000008005bea      0x190 C:\Users\61411\OneDrive\Desktop\MTRX2700-Game-Show\STMF3disco-BSP\Debug\libF3-components.a(lsm303agr.o)
                0x0000000008005bea                LSM303AGR_AccReadXYZ
 .text.LSM303AGR_AccFilterClickCmd
                0x0000000008005d7a       0x3e C:\Users\61411\OneDrive\Desktop\MTRX2700-Game-Show\STMF3disco-BSP\Debug\libF3-components.a(lsm303agr.o)
                0x0000000008005d7a                LSM303AGR_AccFilterClickCmd
 .text.LSM303AGR_AccIT1Enable
                0x0000000008005db8       0x36 C:\Users\61411\OneDrive\Desktop\MTRX2700-Game-Show\STMF3disco-BSP\Debug\libF3-components.a(lsm303agr.o)
                0x0000000008005db8                LSM303AGR_AccIT1Enable
 .text.LSM303AGR_AccClickITEnable
                0x0000000008005dee       0x72 C:\Users\61411\OneDrive\Desktop\MTRX2700-Game-Show\STMF3disco-BSP\Debug\libF3-components.a(lsm303agr.o)
                0x0000000008005dee                LSM303AGR_AccClickITEnable
 .text.LSM303AGR_AccZClickITConfig
                0x0000000008005e60       0x1e C:\Users\61411\OneDrive\Desktop\MTRX2700-Game-Show\STMF3disco-BSP\Debug\libF3-components.a(lsm303agr.o)
                0x0000000008005e60                LSM303AGR_AccZClickITConfig
 .text.LSM303DLHC_AccInit
                0x0000000008005e7e       0x3a C:\Users\61411\OneDrive\Desktop\MTRX2700-Game-Show\STMF3disco-BSP\Debug\libF3-components.a(lsm303dlhc.o)
                0x0000000008005e7e                LSM303DLHC_AccInit
 .text.LSM303DLHC_AccDeInit
                0x0000000008005eb8        0xe C:\Users\61411\OneDrive\Desktop\MTRX2700-Game-Show\STMF3disco-BSP\Debug\libF3-components.a(lsm303dlhc.o)
                0x0000000008005eb8                LSM303DLHC_AccDeInit
 .text.LSM303DLHC_AccReadID
                0x0000000008005ec6       0x24 C:\Users\61411\OneDrive\Desktop\MTRX2700-Game-Show\STMF3disco-BSP\Debug\libF3-components.a(lsm303dlhc.o)
                0x0000000008005ec6                LSM303DLHC_AccReadID
 .text.LSM303DLHC_AccRebootCmd
                0x0000000008005eea       0x2e C:\Users\61411\OneDrive\Desktop\MTRX2700-Game-Show\STMF3disco-BSP\Debug\libF3-components.a(lsm303dlhc.o)
                0x0000000008005eea                LSM303DLHC_AccRebootCmd
 .text.LSM303DLHC_AccFilterConfig
                0x0000000008005f18       0x3a C:\Users\61411\OneDrive\Desktop\MTRX2700-Game-Show\STMF3disco-BSP\Debug\libF3-components.a(lsm303dlhc.o)
                0x0000000008005f18                LSM303DLHC_AccFilterConfig
 .text.LSM303DLHC_AccFilterCmd
                0x0000000008005f52       0x3a C:\Users\61411\OneDrive\Desktop\MTRX2700-Game-Show\STMF3disco-BSP\Debug\libF3-components.a(lsm303dlhc.o)
                0x0000000008005f52                LSM303DLHC_AccFilterCmd
 .text.LSM303DLHC_AccReadXYZ
                0x0000000008005f8c      0x190 C:\Users\61411\OneDrive\Desktop\MTRX2700-Game-Show\STMF3disco-BSP\Debug\libF3-components.a(lsm303dlhc.o)
                0x0000000008005f8c                LSM303DLHC_AccReadXYZ
 .text.LSM303DLHC_AccFilterClickCmd
                0x000000000800611c       0x3e C:\Users\61411\OneDrive\Desktop\MTRX2700-Game-Show\STMF3disco-BSP\Debug\libF3-components.a(lsm303dlhc.o)
                0x000000000800611c                LSM303DLHC_AccFilterClickCmd
 .text.LSM303DLHC_AccIT1Enable
                0x000000000800615a       0x36 C:\Users\61411\OneDrive\Desktop\MTRX2700-Game-Show\STMF3disco-BSP\Debug\libF3-components.a(lsm303dlhc.o)
                0x000000000800615a                LSM303DLHC_AccIT1Enable
 .text.LSM303DLHC_AccClickITEnable
                0x0000000008006190       0x72 C:\Users\61411\OneDrive\Desktop\MTRX2700-Game-Show\STMF3disco-BSP\Debug\libF3-components.a(lsm303dlhc.o)
                0x0000000008006190                LSM303DLHC_AccClickITEnable
 .text.LSM303DLHC_AccZClickITConfig
                0x0000000008006202       0x1e C:\Users\61411\OneDrive\Desktop\MTRX2700-Game-Show\STMF3disco-BSP\Debug\libF3-components.a(lsm303dlhc.o)
                0x0000000008006202                LSM303DLHC_AccZClickITConfig
 .text.I2Cx_MspInit
                0x0000000008006220       0x68 C:\Users\61411\OneDrive\Desktop\MTRX2700-Game-Show\STMF3disco-BSP\Debug\libF3-components.a(stm32f3_discovery.o)
 .text.I2Cx_Init
                0x0000000008006288       0x54 C:\Users\61411\OneDrive\Desktop\MTRX2700-Game-Show\STMF3disco-BSP\Debug\libF3-components.a(stm32f3_discovery.o)
 .text.I2Cx_WriteData
                0x00000000080062dc       0x50 C:\Users\61411\OneDrive\Desktop\MTRX2700-Game-Show\STMF3disco-BSP\Debug\libF3-components.a(stm32f3_discovery.o)
 .text.I2Cx_ReadData
                0x000000000800632c       0x58 C:\Users\61411\OneDrive\Desktop\MTRX2700-Game-Show\STMF3disco-BSP\Debug\libF3-components.a(stm32f3_discovery.o)
 .text.I2Cx_Error
                0x0000000008006384       0x18 C:\Users\61411\OneDrive\Desktop\MTRX2700-Game-Show\STMF3disco-BSP\Debug\libF3-components.a(stm32f3_discovery.o)
 .text.SPIx_Init
                0x000000000800639c       0x78 C:\Users\61411\OneDrive\Desktop\MTRX2700-Game-Show\STMF3disco-BSP\Debug\libF3-components.a(stm32f3_discovery.o)
 .text.SPIx_WriteRead
                0x0000000008006414       0x40 C:\Users\61411\OneDrive\Desktop\MTRX2700-Game-Show\STMF3disco-BSP\Debug\libF3-components.a(stm32f3_discovery.o)
 .text.SPIx_Error
                0x0000000008006454       0x18 C:\Users\61411\OneDrive\Desktop\MTRX2700-Game-Show\STMF3disco-BSP\Debug\libF3-components.a(stm32f3_discovery.o)
 .text.SPIx_MspInit
                0x000000000800646c       0x68 C:\Users\61411\OneDrive\Desktop\MTRX2700-Game-Show\STMF3disco-BSP\Debug\libF3-components.a(stm32f3_discovery.o)
 .text.GYRO_IO_Init
                0x00000000080064d4       0x8c C:\Users\61411\OneDrive\Desktop\MTRX2700-Game-Show\STMF3disco-BSP\Debug\libF3-components.a(stm32f3_discovery.o)
                0x00000000080064d4                GYRO_IO_Init
 .text.GYRO_IO_Write
                0x0000000008006560       0x64 C:\Users\61411\OneDrive\Desktop\MTRX2700-Game-Show\STMF3disco-BSP\Debug\libF3-components.a(stm32f3_discovery.o)
                0x0000000008006560                GYRO_IO_Write
 .text.GYRO_IO_Read
                0x00000000080065c4       0x74 C:\Users\61411\OneDrive\Desktop\MTRX2700-Game-Show\STMF3disco-BSP\Debug\libF3-components.a(stm32f3_discovery.o)
                0x00000000080065c4                GYRO_IO_Read
 .text.COMPASSACCELERO_IO_Init
                0x0000000008006638       0x94 C:\Users\61411\OneDrive\Desktop\MTRX2700-Game-Show\STMF3disco-BSP\Debug\libF3-components.a(stm32f3_discovery.o)
                0x0000000008006638                COMPASSACCELERO_IO_Init
 .text.COMPASSACCELERO_IO_ITConfig
                0x00000000080066cc       0x5c C:\Users\61411\OneDrive\Desktop\MTRX2700-Game-Show\STMF3disco-BSP\Debug\libF3-components.a(stm32f3_discovery.o)
                0x00000000080066cc                COMPASSACCELERO_IO_ITConfig
 .text.COMPASSACCELERO_IO_Write
                0x0000000008006728       0x26 C:\Users\61411\OneDrive\Desktop\MTRX2700-Game-Show\STMF3disco-BSP\Debug\libF3-components.a(stm32f3_discovery.o)
                0x0000000008006728                COMPASSACCELERO_IO_Write
 .text.COMPASSACCELERO_IO_Read
                0x000000000800674e       0x26 C:\Users\61411\OneDrive\Desktop\MTRX2700-Game-Show\STMF3disco-BSP\Debug\libF3-components.a(stm32f3_discovery.o)
                0x000000000800674e                COMPASSACCELERO_IO_Read
 .text.__cvt    0x0000000008006774       0xc4 C:/ST/STM32CubeIDE_1.14.1/STM32CubeIDE/plugins/com.st.stm32cube.ide.mcu.externaltools.gnu-tools-for-stm32.11.3.rel1.win32_1.1.100.202309141235/tools/bin/../lib/gcc/arm-none-eabi/11.3.1/../../../../arm-none-eabi/lib/thumb/v7e-m+fp/hard\libc_nano.a(libc_a-nano-vfprintf_float.o)
                0x0000000008006774                __cvt
 .text.__exponent
                0x0000000008006838       0x7c C:/ST/STM32CubeIDE_1.14.1/STM32CubeIDE/plugins/com.st.stm32cube.ide.mcu.externaltools.gnu-tools-for-stm32.11.3.rel1.win32_1.1.100.202309141235/tools/bin/../lib/gcc/arm-none-eabi/11.3.1/../../../../arm-none-eabi/lib/thumb/v7e-m+fp/hard\libc_nano.a(libc_a-nano-vfprintf_float.o)
                0x0000000008006838                __exponent
 .text._printf_float
                0x00000000080068b4      0x46c C:/ST/STM32CubeIDE_1.14.1/STM32CubeIDE/plugins/com.st.stm32cube.ide.mcu.externaltools.gnu-tools-for-stm32.11.3.rel1.win32_1.1.100.202309141235/tools/bin/../lib/gcc/arm-none-eabi/11.3.1/../../../../arm-none-eabi/lib/thumb/v7e-m+fp/hard\libc_nano.a(libc_a-nano-vfprintf_float.o)
                0x00000000080068b4                _printf_float
 .text._printf_common
                0x0000000008006d20       0xda C:/ST/STM32CubeIDE_1.14.1/STM32CubeIDE/plugins/com.st.stm32cube.ide.mcu.externaltools.gnu-tools-for-stm32.11.3.rel1.win32_1.1.100.202309141235/tools/bin/../lib/gcc/arm-none-eabi/11.3.1/../../../../arm-none-eabi/lib/thumb/v7e-m+fp/hard\libc_nano.a(libc_a-nano-vfprintf_i.o)
                0x0000000008006d20                _printf_common
 *fill*         0x0000000008006dfa        0x2 
 .text._printf_i
                0x0000000008006dfc      0x244 C:/ST/STM32CubeIDE_1.14.1/STM32CubeIDE/plugins/com.st.stm32cube.ide.mcu.externaltools.gnu-tools-for-stm32.11.3.rel1.win32_1.1.100.202309141235/tools/bin/../lib/gcc/arm-none-eabi/11.3.1/../../../../arm-none-eabi/lib/thumb/v7e-m+fp/hard\libc_nano.a(libc_a-nano-vfprintf_i.o)
                0x0000000008006dfc                _printf_i
 .text.std      0x0000000008007040       0x6c C:/ST/STM32CubeIDE_1.14.1/STM32CubeIDE/plugins/com.st.stm32cube.ide.mcu.externaltools.gnu-tools-for-stm32.11.3.rel1.win32_1.1.100.202309141235/tools/bin/../lib/gcc/arm-none-eabi/11.3.1/../../../../arm-none-eabi/lib/thumb/v7e-m+fp/hard\libc_nano.a(libc_a-findfp.o)
 .text.stdio_exit_handler
                0x00000000080070ac       0x18 C:/ST/STM32CubeIDE_1.14.1/STM32CubeIDE/plugins/com.st.stm32cube.ide.mcu.externaltools.gnu-tools-for-stm32.11.3.rel1.win32_1.1.100.202309141235/tools/bin/../lib/gcc/arm-none-eabi/11.3.1/../../../../arm-none-eabi/lib/thumb/v7e-m+fp/hard\libc_nano.a(libc_a-findfp.o)
 .text.cleanup_stdio
                0x00000000080070c4       0x40 C:/ST/STM32CubeIDE_1.14.1/STM32CubeIDE/plugins/com.st.stm32cube.ide.mcu.externaltools.gnu-tools-for-stm32.11.3.rel1.win32_1.1.100.202309141235/tools/bin/../lib/gcc/arm-none-eabi/11.3.1/../../../../arm-none-eabi/lib/thumb/v7e-m+fp/hard\libc_nano.a(libc_a-findfp.o)
 .text.global_stdio_init.part.0
                0x0000000008007104       0x3c C:/ST/STM32CubeIDE_1.14.1/STM32CubeIDE/plugins/com.st.stm32cube.ide.mcu.externaltools.gnu-tools-for-stm32.11.3.rel1.win32_1.1.100.202309141235/tools/bin/../lib/gcc/arm-none-eabi/11.3.1/../../../../arm-none-eabi/lib/thumb/v7e-m+fp/hard\libc_nano.a(libc_a-findfp.o)
 .text.__sfp_lock_acquire
                0x0000000008007140        0xc C:/ST/STM32CubeIDE_1.14.1/STM32CubeIDE/plugins/com.st.stm32cube.ide.mcu.externaltools.gnu-tools-for-stm32.11.3.rel1.win32_1.1.100.202309141235/tools/bin/../lib/gcc/arm-none-eabi/11.3.1/../../../../arm-none-eabi/lib/thumb/v7e-m+fp/hard\libc_nano.a(libc_a-findfp.o)
                0x0000000008007140                __sfp_lock_acquire
 .text.__sfp_lock_release
                0x000000000800714c        0xc C:/ST/STM32CubeIDE_1.14.1/STM32CubeIDE/plugins/com.st.stm32cube.ide.mcu.externaltools.gnu-tools-for-stm32.11.3.rel1.win32_1.1.100.202309141235/tools/bin/../lib/gcc/arm-none-eabi/11.3.1/../../../../arm-none-eabi/lib/thumb/v7e-m+fp/hard\libc_nano.a(libc_a-findfp.o)
                0x000000000800714c                __sfp_lock_release
 .text.__sinit  0x0000000008007158       0x30 C:/ST/STM32CubeIDE_1.14.1/STM32CubeIDE/plugins/com.st.stm32cube.ide.mcu.externaltools.gnu-tools-for-stm32.11.3.rel1.win32_1.1.100.202309141235/tools/bin/../lib/gcc/arm-none-eabi/11.3.1/../../../../arm-none-eabi/lib/thumb/v7e-m+fp/hard\libc_nano.a(libc_a-findfp.o)
                0x0000000008007158                __sinit
 .text._fwalk_sglue
                0x0000000008007188       0x3c C:/ST/STM32CubeIDE_1.14.1/STM32CubeIDE/plugins/com.st.stm32cube.ide.mcu.externaltools.gnu-tools-for-stm32.11.3.rel1.win32_1.1.100.202309141235/tools/bin/../lib/gcc/arm-none-eabi/11.3.1/../../../../arm-none-eabi/lib/thumb/v7e-m+fp/hard\libc_nano.a(libc_a-fwalk.o)
                0x0000000008007188                _fwalk_sglue
 .text.sprintf  0x00000000080071c4       0x40 C:/ST/STM32CubeIDE_1.14.1/STM32CubeIDE/plugins/com.st.stm32cube.ide.mcu.externaltools.gnu-tools-for-stm32.11.3.rel1.win32_1.1.100.202309141235/tools/bin/../lib/gcc/arm-none-eabi/11.3.1/../../../../arm-none-eabi/lib/thumb/v7e-m+fp/hard\libc_nano.a(libc_a-sprintf.o)
                0x00000000080071c4                siprintf
                0x00000000080071c4                sprintf
 .text.__sread  0x0000000008007204       0x22 C:/ST/STM32CubeIDE_1.14.1/STM32CubeIDE/plugins/com.st.stm32cube.ide.mcu.externaltools.gnu-tools-for-stm32.11.3.rel1.win32_1.1.100.202309141235/tools/bin/../lib/gcc/arm-none-eabi/11.3.1/../../../../arm-none-eabi/lib/thumb/v7e-m+fp/hard\libc_nano.a(libc_a-stdio.o)
                0x0000000008007204                __sread
 .text.__swrite
                0x0000000008007226       0x38 C:/ST/STM32CubeIDE_1.14.1/STM32CubeIDE/plugins/com.st.stm32cube.ide.mcu.externaltools.gnu-tools-for-stm32.11.3.rel1.win32_1.1.100.202309141235/tools/bin/../lib/gcc/arm-none-eabi/11.3.1/../../../../arm-none-eabi/lib/thumb/v7e-m+fp/hard\libc_nano.a(libc_a-stdio.o)
                0x0000000008007226                __swrite
 .text.__sseek  0x000000000800725e       0x24 C:/ST/STM32CubeIDE_1.14.1/STM32CubeIDE/plugins/com.st.stm32cube.ide.mcu.externaltools.gnu-tools-for-stm32.11.3.rel1.win32_1.1.100.202309141235/tools/bin/../lib/gcc/arm-none-eabi/11.3.1/../../../../arm-none-eabi/lib/thumb/v7e-m+fp/hard\libc_nano.a(libc_a-stdio.o)
                0x000000000800725e                __sseek
 .text.__sclose
                0x0000000008007282        0x8 C:/ST/STM32CubeIDE_1.14.1/STM32CubeIDE/plugins/com.st.stm32cube.ide.mcu.externaltools.gnu-tools-for-stm32.11.3.rel1.win32_1.1.100.202309141235/tools/bin/../lib/gcc/arm-none-eabi/11.3.1/../../../../arm-none-eabi/lib/thumb/v7e-m+fp/hard\libc_nano.a(libc_a-stdio.o)
                0x0000000008007282                __sclose
 .text.memset   0x000000000800728a       0x10 C:/ST/STM32CubeIDE_1.14.1/STM32CubeIDE/plugins/com.st.stm32cube.ide.mcu.externaltools.gnu-tools-for-stm32.11.3.rel1.win32_1.1.100.202309141235/tools/bin/../lib/gcc/arm-none-eabi/11.3.1/../../../../arm-none-eabi/lib/thumb/v7e-m+fp/hard\libc_nano.a(libc_a-memset.o)
                0x000000000800728a                memset
 *fill*         0x000000000800729a        0x2 
 .text._localeconv_r
                0x000000000800729c        0x8 C:/ST/STM32CubeIDE_1.14.1/STM32CubeIDE/plugins/com.st.stm32cube.ide.mcu.externaltools.gnu-tools-for-stm32.11.3.rel1.win32_1.1.100.202309141235/tools/bin/../lib/gcc/arm-none-eabi/11.3.1/../../../../arm-none-eabi/lib/thumb/v7e-m+fp/hard\libc_nano.a(libc_a-localeconv.o)
                0x000000000800729c                _localeconv_r
 .text._close_r
                0x00000000080072a4       0x20 C:/ST/STM32CubeIDE_1.14.1/STM32CubeIDE/plugins/com.st.stm32cube.ide.mcu.externaltools.gnu-tools-for-stm32.11.3.rel1.win32_1.1.100.202309141235/tools/bin/../lib/gcc/arm-none-eabi/11.3.1/../../../../arm-none-eabi/lib/thumb/v7e-m+fp/hard\libc_nano.a(libc_a-closer.o)
                0x00000000080072a4                _close_r
 .text._lseek_r
                0x00000000080072c4       0x24 C:/ST/STM32CubeIDE_1.14.1/STM32CubeIDE/plugins/com.st.stm32cube.ide.mcu.externaltools.gnu-tools-for-stm32.11.3.rel1.win32_1.1.100.202309141235/tools/bin/../lib/gcc/arm-none-eabi/11.3.1/../../../../arm-none-eabi/lib/thumb/v7e-m+fp/hard\libc_nano.a(libc_a-lseekr.o)
                0x00000000080072c4                _lseek_r
 .text._read_r  0x00000000080072e8       0x24 C:/ST/STM32CubeIDE_1.14.1/STM32CubeIDE/plugins/com.st.stm32cube.ide.mcu.externaltools.gnu-tools-for-stm32.11.3.rel1.win32_1.1.100.202309141235/tools/bin/../lib/gcc/arm-none-eabi/11.3.1/../../../../arm-none-eabi/lib/thumb/v7e-m+fp/hard\libc_nano.a(libc_a-readr.o)
                0x00000000080072e8                _read_r
 .text._write_r
                0x000000000800730c       0x24 C:/ST/STM32CubeIDE_1.14.1/STM32CubeIDE/plugins/com.st.stm32cube.ide.mcu.externaltools.gnu-tools-for-stm32.11.3.rel1.win32_1.1.100.202309141235/tools/bin/../lib/gcc/arm-none-eabi/11.3.1/../../../../arm-none-eabi/lib/thumb/v7e-m+fp/hard\libc_nano.a(libc_a-writer.o)
                0x000000000800730c                _write_r
 .text.__errno  0x0000000008007330        0xc C:/ST/STM32CubeIDE_1.14.1/STM32CubeIDE/plugins/com.st.stm32cube.ide.mcu.externaltools.gnu-tools-for-stm32.11.3.rel1.win32_1.1.100.202309141235/tools/bin/../lib/gcc/arm-none-eabi/11.3.1/../../../../arm-none-eabi/lib/thumb/v7e-m+fp/hard\libc_nano.a(libc_a-errno.o)
                0x0000000008007330                __errno
 .text.__libc_init_array
                0x000000000800733c       0x48 C:/ST/STM32CubeIDE_1.14.1/STM32CubeIDE/plugins/com.st.stm32cube.ide.mcu.externaltools.gnu-tools-for-stm32.11.3.rel1.win32_1.1.100.202309141235/tools/bin/../lib/gcc/arm-none-eabi/11.3.1/../../../../arm-none-eabi/lib/thumb/v7e-m+fp/hard\libc_nano.a(libc_a-init.o)
                0x000000000800733c                __libc_init_array
 .text.__retarget_lock_init_recursive
                0x0000000008007384        0x2 C:/ST/STM32CubeIDE_1.14.1/STM32CubeIDE/plugins/com.st.stm32cube.ide.mcu.externaltools.gnu-tools-for-stm32.11.3.rel1.win32_1.1.100.202309141235/tools/bin/../lib/gcc/arm-none-eabi/11.3.1/../../../../arm-none-eabi/lib/thumb/v7e-m+fp/hard\libc_nano.a(libc_a-lock.o)
                0x0000000008007384                __retarget_lock_init_recursive
 .text.__retarget_lock_acquire_recursive
                0x0000000008007386        0x2 C:/ST/STM32CubeIDE_1.14.1/STM32CubeIDE/plugins/com.st.stm32cube.ide.mcu.externaltools.gnu-tools-for-stm32.11.3.rel1.win32_1.1.100.202309141235/tools/bin/../lib/gcc/arm-none-eabi/11.3.1/../../../../arm-none-eabi/lib/thumb/v7e-m+fp/hard\libc_nano.a(libc_a-lock.o)
                0x0000000008007386                __retarget_lock_acquire_recursive
 .text.__retarget_lock_release_recursive
                0x0000000008007388        0x2 C:/ST/STM32CubeIDE_1.14.1/STM32CubeIDE/plugins/com.st.stm32cube.ide.mcu.externaltools.gnu-tools-for-stm32.11.3.rel1.win32_1.1.100.202309141235/tools/bin/../lib/gcc/arm-none-eabi/11.3.1/../../../../arm-none-eabi/lib/thumb/v7e-m+fp/hard\libc_nano.a(libc_a-lock.o)
                0x0000000008007388                __retarget_lock_release_recursive
 .text.memcpy   0x000000000800738a       0x1c C:/ST/STM32CubeIDE_1.14.1/STM32CubeIDE/plugins/com.st.stm32cube.ide.mcu.externaltools.gnu-tools-for-stm32.11.3.rel1.win32_1.1.100.202309141235/tools/bin/../lib/gcc/arm-none-eabi/11.3.1/../../../../arm-none-eabi/lib/thumb/v7e-m+fp/hard\libc_nano.a(libc_a-memcpy-stub.o)
                0x000000000800738a                memcpy
 .text.quorem   0x00000000080073a6      0x110 C:/ST/STM32CubeIDE_1.14.1/STM32CubeIDE/plugins/com.st.stm32cube.ide.mcu.externaltools.gnu-tools-for-stm32.11.3.rel1.win32_1.1.100.202309141235/tools/bin/../lib/gcc/arm-none-eabi/11.3.1/../../../../arm-none-eabi/lib/thumb/v7e-m+fp/hard\libc_nano.a(libc_a-dtoa.o)
 *fill*         0x00000000080074b6        0x2 
 .text._dtoa_r  0x00000000080074b8      0xbe4 C:/ST/STM32CubeIDE_1.14.1/STM32CubeIDE/plugins/com.st.stm32cube.ide.mcu.externaltools.gnu-tools-for-stm32.11.3.rel1.win32_1.1.100.202309141235/tools/bin/../lib/gcc/arm-none-eabi/11.3.1/../../../../arm-none-eabi/lib/thumb/v7e-m+fp/hard\libc_nano.a(libc_a-dtoa.o)
                0x00000000080074b8                _dtoa_r
 .text._free_r  0x000000000800809c       0x98 C:/ST/STM32CubeIDE_1.14.1/STM32CubeIDE/plugins/com.st.stm32cube.ide.mcu.externaltools.gnu-tools-for-stm32.11.3.rel1.win32_1.1.100.202309141235/tools/bin/../lib/gcc/arm-none-eabi/11.3.1/../../../../arm-none-eabi/lib/thumb/v7e-m+fp/hard\libc_nano.a(libc_a-freer.o)
                0x000000000800809c                _free_r
 .text.malloc   0x0000000008008134       0x10 C:/ST/STM32CubeIDE_1.14.1/STM32CubeIDE/plugins/com.st.stm32cube.ide.mcu.externaltools.gnu-tools-for-stm32.11.3.rel1.win32_1.1.100.202309141235/tools/bin/../lib/gcc/arm-none-eabi/11.3.1/../../../../arm-none-eabi/lib/thumb/v7e-m+fp/hard\libc_nano.a(libc_a-malloc.o)
                0x0000000008008134                malloc
 .text.sbrk_aligned
                0x0000000008008144       0x40 C:/ST/STM32CubeIDE_1.14.1/STM32CubeIDE/plugins/com.st.stm32cube.ide.mcu.externaltools.gnu-tools-for-stm32.11.3.rel1.win32_1.1.100.202309141235/tools/bin/../lib/gcc/arm-none-eabi/11.3.1/../../../../arm-none-eabi/lib/thumb/v7e-m+fp/hard\libc_nano.a(libc_a-mallocr.o)
 .text._malloc_r
                0x0000000008008184      0x100 C:/ST/STM32CubeIDE_1.14.1/STM32CubeIDE/plugins/com.st.stm32cube.ide.mcu.externaltools.gnu-tools-for-stm32.11.3.rel1.win32_1.1.100.202309141235/tools/bin/../lib/gcc/arm-none-eabi/11.3.1/../../../../arm-none-eabi/lib/thumb/v7e-m+fp/hard\libc_nano.a(libc_a-mallocr.o)
                0x0000000008008184                _malloc_r
 .text.__malloc_lock
                0x0000000008008284        0xc C:/ST/STM32CubeIDE_1.14.1/STM32CubeIDE/plugins/com.st.stm32cube.ide.mcu.externaltools.gnu-tools-for-stm32.11.3.rel1.win32_1.1.100.202309141235/tools/bin/../lib/gcc/arm-none-eabi/11.3.1/../../../../arm-none-eabi/lib/thumb/v7e-m+fp/hard\libc_nano.a(libc_a-mlock.o)
                0x0000000008008284                __malloc_lock
 .text.__malloc_unlock
                0x0000000008008290        0xc C:/ST/STM32CubeIDE_1.14.1/STM32CubeIDE/plugins/com.st.stm32cube.ide.mcu.externaltools.gnu-tools-for-stm32.11.3.rel1.win32_1.1.100.202309141235/tools/bin/../lib/gcc/arm-none-eabi/11.3.1/../../../../arm-none-eabi/lib/thumb/v7e-m+fp/hard\libc_nano.a(libc_a-mlock.o)
                0x0000000008008290                __malloc_unlock
 .text._Balloc  0x000000000800829c       0x80 C:/ST/STM32CubeIDE_1.14.1/STM32CubeIDE/plugins/com.st.stm32cube.ide.mcu.externaltools.gnu-tools-for-stm32.11.3.rel1.win32_1.1.100.202309141235/tools/bin/../lib/gcc/arm-none-eabi/11.3.1/../../../../arm-none-eabi/lib/thumb/v7e-m+fp/hard\libc_nano.a(libc_a-mprec.o)
                0x000000000800829c                _Balloc
 .text._Bfree   0x000000000800831c       0x44 C:/ST/STM32CubeIDE_1.14.1/STM32CubeIDE/plugins/com.st.stm32cube.ide.mcu.externaltools.gnu-tools-for-stm32.11.3.rel1.win32_1.1.100.202309141235/tools/bin/../lib/gcc/arm-none-eabi/11.3.1/../../../../arm-none-eabi/lib/thumb/v7e-m+fp/hard\libc_nano.a(libc_a-mprec.o)
                0x000000000800831c                _Bfree
 .text.__multadd
                0x0000000008008360       0x8c C:/ST/STM32CubeIDE_1.14.1/STM32CubeIDE/plugins/com.st.stm32cube.ide.mcu.externaltools.gnu-tools-for-stm32.11.3.rel1.win32_1.1.100.202309141235/tools/bin/../lib/gcc/arm-none-eabi/11.3.1/../../../../arm-none-eabi/lib/thumb/v7e-m+fp/hard\libc_nano.a(libc_a-mprec.o)
                0x0000000008008360                __multadd
 .text.__hi0bits
                0x00000000080083ec       0x40 C:/ST/STM32CubeIDE_1.14.1/STM32CubeIDE/plugins/com.st.stm32cube.ide.mcu.externaltools.gnu-tools-for-stm32.11.3.rel1.win32_1.1.100.202309141235/tools/bin/../lib/gcc/arm-none-eabi/11.3.1/../../../../arm-none-eabi/lib/thumb/v7e-m+fp/hard\libc_nano.a(libc_a-mprec.o)
                0x00000000080083ec                __hi0bits
 .text.__lo0bits
                0x000000000800842c       0x5a C:/ST/STM32CubeIDE_1.14.1/STM32CubeIDE/plugins/com.st.stm32cube.ide.mcu.externaltools.gnu-tools-for-stm32.11.3.rel1.win32_1.1.100.202309141235/tools/bin/../lib/gcc/arm-none-eabi/11.3.1/../../../../arm-none-eabi/lib/thumb/v7e-m+fp/hard\libc_nano.a(libc_a-mprec.o)
                0x000000000800842c                __lo0bits
 *fill*         0x0000000008008486        0x2 
 .text.__i2b    0x0000000008008488       0x2c C:/ST/STM32CubeIDE_1.14.1/STM32CubeIDE/plugins/com.st.stm32cube.ide.mcu.externaltools.gnu-tools-for-stm32.11.3.rel1.win32_1.1.100.202309141235/tools/bin/../lib/gcc/arm-none-eabi/11.3.1/../../../../arm-none-eabi/lib/thumb/v7e-m+fp/hard\libc_nano.a(libc_a-mprec.o)
                0x0000000008008488                __i2b
 .text.__multiply
                0x00000000080084b4      0x154 C:/ST/STM32CubeIDE_1.14.1/STM32CubeIDE/plugins/com.st.stm32cube.ide.mcu.externaltools.gnu-tools-for-stm32.11.3.rel1.win32_1.1.100.202309141235/tools/bin/../lib/gcc/arm-none-eabi/11.3.1/../../../../arm-none-eabi/lib/thumb/v7e-m+fp/hard\libc_nano.a(libc_a-mprec.o)
                0x00000000080084b4                __multiply
 .text.__pow5mult
                0x0000000008008608       0xb4 C:/ST/STM32CubeIDE_1.14.1/STM32CubeIDE/plugins/com.st.stm32cube.ide.mcu.externaltools.gnu-tools-for-stm32.11.3.rel1.win32_1.1.100.202309141235/tools/bin/../lib/gcc/arm-none-eabi/11.3.1/../../../../arm-none-eabi/lib/thumb/v7e-m+fp/hard\libc_nano.a(libc_a-mprec.o)
                0x0000000008008608                __pow5mult
 .text.__lshift
                0x00000000080086bc       0xd8 C:/ST/STM32CubeIDE_1.14.1/STM32CubeIDE/plugins/com.st.stm32cube.ide.mcu.externaltools.gnu-tools-for-stm32.11.3.rel1.win32_1.1.100.202309141235/tools/bin/../lib/gcc/arm-none-eabi/11.3.1/../../../../arm-none-eabi/lib/thumb/v7e-m+fp/hard\libc_nano.a(libc_a-mprec.o)
                0x00000000080086bc                __lshift
 .text.__mcmp   0x0000000008008794       0x38 C:/ST/STM32CubeIDE_1.14.1/STM32CubeIDE/plugins/com.st.stm32cube.ide.mcu.externaltools.gnu-tools-for-stm32.11.3.rel1.win32_1.1.100.202309141235/tools/bin/../lib/gcc/arm-none-eabi/11.3.1/../../../../arm-none-eabi/lib/thumb/v7e-m+fp/hard\libc_nano.a(libc_a-mprec.o)
                0x0000000008008794                __mcmp
 .text.__mdiff  0x00000000080087cc      0x114 C:/ST/STM32CubeIDE_1.14.1/STM32CubeIDE/plugins/com.st.stm32cube.ide.mcu.externaltools.gnu-tools-for-stm32.11.3.rel1.win32_1.1.100.202309141235/tools/bin/../lib/gcc/arm-none-eabi/11.3.1/../../../../arm-none-eabi/lib/thumb/v7e-m+fp/hard\libc_nano.a(libc_a-mprec.o)
                0x00000000080087cc                __mdiff
 .text.__d2b    0x00000000080088e0       0xb4 C:/ST/STM32CubeIDE_1.14.1/STM32CubeIDE/plugins/com.st.stm32cube.ide.mcu.externaltools.gnu-tools-for-stm32.11.3.rel1.win32_1.1.100.202309141235/tools/bin/../lib/gcc/arm-none-eabi/11.3.1/../../../../arm-none-eabi/lib/thumb/v7e-m+fp/hard\libc_nano.a(libc_a-mprec.o)
                0x00000000080088e0                __d2b
 .text.__ssputs_r
                0x0000000008008994       0xb4 C:/ST/STM32CubeIDE_1.14.1/STM32CubeIDE/plugins/com.st.stm32cube.ide.mcu.externaltools.gnu-tools-for-stm32.11.3.rel1.win32_1.1.100.202309141235/tools/bin/../lib/gcc/arm-none-eabi/11.3.1/../../../../arm-none-eabi/lib/thumb/v7e-m+fp/hard\libc_nano.a(libc_a-nano-svfprintf.o)
                0x0000000008008994                __ssputs_r
 .text._svfprintf_r
                0x0000000008008a48      0x1fc C:/ST/STM32CubeIDE_1.14.1/STM32CubeIDE/plugins/com.st.stm32cube.ide.mcu.externaltools.gnu-tools-for-stm32.11.3.rel1.win32_1.1.100.202309141235/tools/bin/../lib/gcc/arm-none-eabi/11.3.1/../../../../arm-none-eabi/lib/thumb/v7e-m+fp/hard\libc_nano.a(libc_a-nano-svfprintf.o)
                0x0000000008008a48                _svfiprintf_r
                0x0000000008008a48                _svfprintf_r
 .text.__sflush_r
                0x0000000008008c44      0x10c C:/ST/STM32CubeIDE_1.14.1/STM32CubeIDE/plugins/com.st.stm32cube.ide.mcu.externaltools.gnu-tools-for-stm32.11.3.rel1.win32_1.1.100.202309141235/tools/bin/../lib/gcc/arm-none-eabi/11.3.1/../../../../arm-none-eabi/lib/thumb/v7e-m+fp/hard\libc_nano.a(libc_a-fflush.o)
                0x0000000008008c44                __sflush_r
 .text._fflush_r
                0x0000000008008d50       0x50 C:/ST/STM32CubeIDE_1.14.1/STM32CubeIDE/plugins/com.st.stm32cube.ide.mcu.externaltools.gnu-tools-for-stm32.11.3.rel1.win32_1.1.100.202309141235/tools/bin/../lib/gcc/arm-none-eabi/11.3.1/../../../../arm-none-eabi/lib/thumb/v7e-m+fp/hard\libc_nano.a(libc_a-fflush.o)
                0x0000000008008d50                _fflush_r
 .text.memmove  0x0000000008008da0       0x34 C:/ST/STM32CubeIDE_1.14.1/STM32CubeIDE/plugins/com.st.stm32cube.ide.mcu.externaltools.gnu-tools-for-stm32.11.3.rel1.win32_1.1.100.202309141235/tools/bin/../lib/gcc/arm-none-eabi/11.3.1/../../../../arm-none-eabi/lib/thumb/v7e-m+fp/hard\libc_nano.a(libc_a-memmove.o)
                0x0000000008008da0                memmove
 .text._sbrk_r  0x0000000008008dd4       0x20 C:/ST/STM32CubeIDE_1.14.1/STM32CubeIDE/plugins/com.st.stm32cube.ide.mcu.externaltools.gnu-tools-for-stm32.11.3.rel1.win32_1.1.100.202309141235/tools/bin/../lib/gcc/arm-none-eabi/11.3.1/../../../../arm-none-eabi/lib/thumb/v7e-m+fp/hard\libc_nano.a(libc_a-sbrkr.o)
                0x0000000008008dd4                _sbrk_r
 .text.__assert_func
                0x0000000008008df4       0x3c C:/ST/STM32CubeIDE_1.14.1/STM32CubeIDE/plugins/com.st.stm32cube.ide.mcu.externaltools.gnu-tools-for-stm32.11.3.rel1.win32_1.1.100.202309141235/tools/bin/../lib/gcc/arm-none-eabi/11.3.1/../../../../arm-none-eabi/lib/thumb/v7e-m+fp/hard\libc_nano.a(libc_a-assert.o)
                0x0000000008008df4                __assert_func
 .text._calloc_r
                0x0000000008008e30       0x2c C:/ST/STM32CubeIDE_1.14.1/STM32CubeIDE/plugins/com.st.stm32cube.ide.mcu.externaltools.gnu-tools-for-stm32.11.3.rel1.win32_1.1.100.202309141235/tools/bin/../lib/gcc/arm-none-eabi/11.3.1/../../../../arm-none-eabi/lib/thumb/v7e-m+fp/hard\libc_nano.a(libc_a-callocr.o)
                0x0000000008008e30                _calloc_r
 .text.__ascii_mbtowc
                0x0000000008008e5c       0x24 C:/ST/STM32CubeIDE_1.14.1/STM32CubeIDE/plugins/com.st.stm32cube.ide.mcu.externaltools.gnu-tools-for-stm32.11.3.rel1.win32_1.1.100.202309141235/tools/bin/../lib/gcc/arm-none-eabi/11.3.1/../../../../arm-none-eabi/lib/thumb/v7e-m+fp/hard\libc_nano.a(libc_a-mbtowc_r.o)
                0x0000000008008e5c                __ascii_mbtowc
 .text._realloc_r
                0x0000000008008e80       0x5e C:/ST/STM32CubeIDE_1.14.1/STM32CubeIDE/plugins/com.st.stm32cube.ide.mcu.externaltools.gnu-tools-for-stm32.11.3.rel1.win32_1.1.100.202309141235/tools/bin/../lib/gcc/arm-none-eabi/11.3.1/../../../../arm-none-eabi/lib/thumb/v7e-m+fp/hard\libc_nano.a(libc_a-reallocr.o)
                0x0000000008008e80                _realloc_r
 .text.__ascii_wctomb
                0x0000000008008ede       0x1a C:/ST/STM32CubeIDE_1.14.1/STM32CubeIDE/plugins/com.st.stm32cube.ide.mcu.externaltools.gnu-tools-for-stm32.11.3.rel1.win32_1.1.100.202309141235/tools/bin/../lib/gcc/arm-none-eabi/11.3.1/../../../../arm-none-eabi/lib/thumb/v7e-m+fp/hard\libc_nano.a(libc_a-wctomb_r.o)
                0x0000000008008ede                __ascii_wctomb
 .text.fprintf  0x0000000008008ef8       0x24 C:/ST/STM32CubeIDE_1.14.1/STM32CubeIDE/plugins/com.st.stm32cube.ide.mcu.externaltools.gnu-tools-for-stm32.11.3.rel1.win32_1.1.100.202309141235/tools/bin/../lib/gcc/arm-none-eabi/11.3.1/../../../../arm-none-eabi/lib/thumb/v7e-m+fp/hard\libc_nano.a(libc_a-fprintf.o)
                0x0000000008008ef8                fiprintf
                0x0000000008008ef8                fprintf
 .text.abort    0x0000000008008f1c        0xe C:/ST/STM32CubeIDE_1.14.1/STM32CubeIDE/plugins/com.st.stm32cube.ide.mcu.externaltools.gnu-tools-for-stm32.11.3.rel1.win32_1.1.100.202309141235/tools/bin/../lib/gcc/arm-none-eabi/11.3.1/../../../../arm-none-eabi/lib/thumb/v7e-m+fp/hard\libc_nano.a(libc_a-abort.o)
                0x0000000008008f1c                abort
 .text._malloc_usable_size_r
                0x0000000008008f2a       0x10 C:/ST/STM32CubeIDE_1.14.1/STM32CubeIDE/plugins/com.st.stm32cube.ide.mcu.externaltools.gnu-tools-for-stm32.11.3.rel1.win32_1.1.100.202309141235/tools/bin/../lib/gcc/arm-none-eabi/11.3.1/../../../../arm-none-eabi/lib/thumb/v7e-m+fp/hard\libc_nano.a(libc_a-msizer.o)
                0x0000000008008f2a                _malloc_usable_size_r
 .text.__sfputc_r
                0x0000000008008f3a       0x2e C:/ST/STM32CubeIDE_1.14.1/STM32CubeIDE/plugins/com.st.stm32cube.ide.mcu.externaltools.gnu-tools-for-stm32.11.3.rel1.win32_1.1.100.202309141235/tools/bin/../lib/gcc/arm-none-eabi/11.3.1/../../../../arm-none-eabi/lib/thumb/v7e-m+fp/hard\libc_nano.a(libc_a-nano-vfprintf.o)
 .text.__sfputs_r
                0x0000000008008f68       0x24 C:/ST/STM32CubeIDE_1.14.1/STM32CubeIDE/plugins/com.st.stm32cube.ide.mcu.externaltools.gnu-tools-for-stm32.11.3.rel1.win32_1.1.100.202309141235/tools/bin/../lib/gcc/arm-none-eabi/11.3.1/../../../../arm-none-eabi/lib/thumb/v7e-m+fp/hard\libc_nano.a(libc_a-nano-vfprintf.o)
                0x0000000008008f68                __sfputs_r
 .text._vfprintf_r
                0x0000000008008f8c      0x234 C:/ST/STM32CubeIDE_1.14.1/STM32CubeIDE/plugins/com.st.stm32cube.ide.mcu.externaltools.gnu-tools-for-stm32.11.3.rel1.win32_1.1.100.202309141235/tools/bin/../lib/gcc/arm-none-eabi/11.3.1/../../../../arm-none-eabi/lib/thumb/v7e-m+fp/hard\libc_nano.a(libc_a-nano-vfprintf.o)
                0x0000000008008f8c                _vfprintf_r
                0x0000000008008f8c                _vfiprintf_r
 .text.__swbuf_r
                0x00000000080091c0       0x7a C:/ST/STM32CubeIDE_1.14.1/STM32CubeIDE/plugins/com.st.stm32cube.ide.mcu.externaltools.gnu-tools-for-stm32.11.3.rel1.win32_1.1.100.202309141235/tools/bin/../lib/gcc/arm-none-eabi/11.3.1/../../../../arm-none-eabi/lib/thumb/v7e-m+fp/hard\libc_nano.a(libc_a-wbuf.o)
                0x00000000080091c0                __swbuf_r
 *fill*         0x000000000800923a        0x2 
 .text.__swsetup_r
                0x000000000800923c       0xb0 C:/ST/STM32CubeIDE_1.14.1/STM32CubeIDE/plugins/com.st.stm32cube.ide.mcu.externaltools.gnu-tools-for-stm32.11.3.rel1.win32_1.1.100.202309141235/tools/bin/../lib/gcc/arm-none-eabi/11.3.1/../../../../arm-none-eabi/lib/thumb/v7e-m+fp/hard\libc_nano.a(libc_a-wsetup.o)
                0x000000000800923c                __swsetup_r
 .text._raise_r
                0x00000000080092ec       0x50 C:/ST/STM32CubeIDE_1.14.1/STM32CubeIDE/plugins/com.st.stm32cube.ide.mcu.externaltools.gnu-tools-for-stm32.11.3.rel1.win32_1.1.100.202309141235/tools/bin/../lib/gcc/arm-none-eabi/11.3.1/../../../../arm-none-eabi/lib/thumb/v7e-m+fp/hard\libc_nano.a(libc_a-signal.o)
                0x00000000080092ec                _raise_r
 .text.raise    0x000000000800933c       0x10 C:/ST/STM32CubeIDE_1.14.1/STM32CubeIDE/plugins/com.st.stm32cube.ide.mcu.externaltools.gnu-tools-for-stm32.11.3.rel1.win32_1.1.100.202309141235/tools/bin/../lib/gcc/arm-none-eabi/11.3.1/../../../../arm-none-eabi/lib/thumb/v7e-m+fp/hard\libc_nano.a(libc_a-signal.o)
                0x000000000800933c                raise
 .text._kill_r  0x000000000800934c       0x24 C:/ST/STM32CubeIDE_1.14.1/STM32CubeIDE/plugins/com.st.stm32cube.ide.mcu.externaltools.gnu-tools-for-stm32.11.3.rel1.win32_1.1.100.202309141235/tools/bin/../lib/gcc/arm-none-eabi/11.3.1/../../../../arm-none-eabi/lib/thumb/v7e-m+fp/hard\libc_nano.a(libc_a-signalr.o)
                0x000000000800934c                _kill_r
 .text._getpid_r
                0x0000000008009370        0x4 C:/ST/STM32CubeIDE_1.14.1/STM32CubeIDE/plugins/com.st.stm32cube.ide.mcu.externaltools.gnu-tools-for-stm32.11.3.rel1.win32_1.1.100.202309141235/tools/bin/../lib/gcc/arm-none-eabi/11.3.1/../../../../arm-none-eabi/lib/thumb/v7e-m+fp/hard\libc_nano.a(libc_a-signalr.o)
                0x0000000008009370                _getpid_r
 .text.__swhatbuf_r
                0x0000000008009374       0x4c C:/ST/STM32CubeIDE_1.14.1/STM32CubeIDE/plugins/com.st.stm32cube.ide.mcu.externaltools.gnu-tools-for-stm32.11.3.rel1.win32_1.1.100.202309141235/tools/bin/../lib/gcc/arm-none-eabi/11.3.1/../../../../arm-none-eabi/lib/thumb/v7e-m+fp/hard\libc_nano.a(libc_a-makebuf.o)
                0x0000000008009374                __swhatbuf_r
 .text.__smakebuf_r
                0x00000000080093c0       0x78 C:/ST/STM32CubeIDE_1.14.1/STM32CubeIDE/plugins/com.st.stm32cube.ide.mcu.externaltools.gnu-tools-for-stm32.11.3.rel1.win32_1.1.100.202309141235/tools/bin/../lib/gcc/arm-none-eabi/11.3.1/../../../../arm-none-eabi/lib/thumb/v7e-m+fp/hard\libc_nano.a(libc_a-makebuf.o)
                0x00000000080093c0                __smakebuf_r
 .text._fstat_r
                0x0000000008009438       0x24 C:/ST/STM32CubeIDE_1.14.1/STM32CubeIDE/plugins/com.st.stm32cube.ide.mcu.externaltools.gnu-tools-for-stm32.11.3.rel1.win32_1.1.100.202309141235/tools/bin/../lib/gcc/arm-none-eabi/11.3.1/../../../../arm-none-eabi/lib/thumb/v7e-m+fp/hard\libc_nano.a(libc_a-fstatr.o)
                0x0000000008009438                _fstat_r
 .text._isatty_r
                0x000000000800945c       0x20 C:/ST/STM32CubeIDE_1.14.1/STM32CubeIDE/plugins/com.st.stm32cube.ide.mcu.externaltools.gnu-tools-for-stm32.11.3.rel1.win32_1.1.100.202309141235/tools/bin/../lib/gcc/arm-none-eabi/11.3.1/../../../../arm-none-eabi/lib/thumb/v7e-m+fp/hard\libc_nano.a(libc_a-isattyr.o)
                0x000000000800945c                _isatty_r
 *(.glue_7)
 .glue_7        0x000000000800947c        0x0 linker stubs
 *(.glue_7t)
 .glue_7t       0x000000000800947c        0x0 linker stubs
 *(.eh_frame)
 .eh_frame      0x000000000800947c        0x0 C:/ST/STM32CubeIDE_1.14.1/STM32CubeIDE/plugins/com.st.stm32cube.ide.mcu.externaltools.gnu-tools-for-stm32.11.3.rel1.win32_1.1.100.202309141235/tools/bin/../lib/gcc/arm-none-eabi/11.3.1/thumb/v7e-m+fp/hard/crtbegin.o
 *(.init)
 .init          0x000000000800947c        0x4 C:/ST/STM32CubeIDE_1.14.1/STM32CubeIDE/plugins/com.st.stm32cube.ide.mcu.externaltools.gnu-tools-for-stm32.11.3.rel1.win32_1.1.100.202309141235/tools/bin/../lib/gcc/arm-none-eabi/11.3.1/thumb/v7e-m+fp/hard/crti.o
                0x000000000800947c                _init
 .init          0x0000000008009480        0x8 C:/ST/STM32CubeIDE_1.14.1/STM32CubeIDE/plugins/com.st.stm32cube.ide.mcu.externaltools.gnu-tools-for-stm32.11.3.rel1.win32_1.1.100.202309141235/tools/bin/../lib/gcc/arm-none-eabi/11.3.1/thumb/v7e-m+fp/hard/crtn.o
 *(.fini)
 .fini          0x0000000008009488        0x4 C:/ST/STM32CubeIDE_1.14.1/STM32CubeIDE/plugins/com.st.stm32cube.ide.mcu.externaltools.gnu-tools-for-stm32.11.3.rel1.win32_1.1.100.202309141235/tools/bin/../lib/gcc/arm-none-eabi/11.3.1/thumb/v7e-m+fp/hard/crti.o
                0x0000000008009488                _fini
 .fini          0x000000000800948c        0x8 C:/ST/STM32CubeIDE_1.14.1/STM32CubeIDE/plugins/com.st.stm32cube.ide.mcu.externaltools.gnu-tools-for-stm32.11.3.rel1.win32_1.1.100.202309141235/tools/bin/../lib/gcc/arm-none-eabi/11.3.1/thumb/v7e-m+fp/hard/crtn.o
                0x0000000008009494                . = ALIGN (0x4)
                0x0000000008009494                _etext = .

.vfp11_veneer   0x0000000008009494        0x0
 .vfp11_veneer  0x0000000008009494        0x0 linker stubs

.v4_bx          0x0000000008009494        0x0
 .v4_bx         0x0000000008009494        0x0 linker stubs

.iplt           0x0000000008009494        0x0
 .iplt          0x0000000008009494        0x0 C:/ST/STM32CubeIDE_1.14.1/STM32CubeIDE/plugins/com.st.stm32cube.ide.mcu.externaltools.gnu-tools-for-stm32.11.3.rel1.win32_1.1.100.202309141235/tools/bin/../lib/gcc/arm-none-eabi/11.3.1/thumb/v7e-m+fp/hard/crtbegin.o

.rodata         0x0000000008009498      0x3c4
                0x0000000008009498                . = ALIGN (0x4)
 *(.rodata)
 .rodata        0x0000000008009498       0x21 ./Core/Src/main.o
 *(.rodata*)
 *fill*         0x00000000080094b9        0x3 
 .rodata.AHBPrescTable
                0x00000000080094bc       0x10 ./Core/Src/system_stm32f3xx.o
                0x00000000080094bc                AHBPrescTable
 .rodata.aPLLMULFactorTable
                0x00000000080094cc       0x10 ./Drivers/STM32F3xx_HAL_Driver/Src/stm32f3xx_hal_rcc.o
 .rodata.aPredivFactorTable
                0x00000000080094dc       0x10 ./Drivers/STM32F3xx_HAL_Driver/Src/stm32f3xx_hal_rcc.o
 .rodata._printf_float.str1.1
                0x00000000080094ec       0x12 C:/ST/STM32CubeIDE_1.14.1/STM32CubeIDE/plugins/com.st.stm32cube.ide.mcu.externaltools.gnu-tools-for-stm32.11.3.rel1.win32_1.1.100.202309141235/tools/bin/../lib/gcc/arm-none-eabi/11.3.1/../../../../arm-none-eabi/lib/thumb/v7e-m+fp/hard\libc_nano.a(libc_a-nano-vfprintf_float.o)
 .rodata._printf_i.str1.1
                0x00000000080094fe       0x22 C:/ST/STM32CubeIDE_1.14.1/STM32CubeIDE/plugins/com.st.stm32cube.ide.mcu.externaltools.gnu-tools-for-stm32.11.3.rel1.win32_1.1.100.202309141235/tools/bin/../lib/gcc/arm-none-eabi/11.3.1/../../../../arm-none-eabi/lib/thumb/v7e-m+fp/hard\libc_nano.a(libc_a-nano-vfprintf_i.o)
 .rodata._dtoa_r.str1.1
                0x0000000008009520       0x8d C:/ST/STM32CubeIDE_1.14.1/STM32CubeIDE/plugins/com.st.stm32cube.ide.mcu.externaltools.gnu-tools-for-stm32.11.3.rel1.win32_1.1.100.202309141235/tools/bin/../lib/gcc/arm-none-eabi/11.3.1/../../../../arm-none-eabi/lib/thumb/v7e-m+fp/hard\libc_nano.a(libc_a-dtoa.o)
                                         0x8f (size before relaxing)
 .rodata._Balloc.str1.1
                0x00000000080095ad       0x59 C:/ST/STM32CubeIDE_1.14.1/STM32CubeIDE/plugins/com.st.stm32cube.ide.mcu.externaltools.gnu-tools-for-stm32.11.3.rel1.win32_1.1.100.202309141235/tools/bin/../lib/gcc/arm-none-eabi/11.3.1/../../../../arm-none-eabi/lib/thumb/v7e-m+fp/hard\libc_nano.a(libc_a-mprec.o)
                                         0x70 (size before relaxing)
 .rodata.__multadd.str1.1
                0x0000000008009606       0x11 C:/ST/STM32CubeIDE_1.14.1/STM32CubeIDE/plugins/com.st.stm32cube.ide.mcu.externaltools.gnu-tools-for-stm32.11.3.rel1.win32_1.1.100.202309141235/tools/bin/../lib/gcc/arm-none-eabi/11.3.1/../../../../arm-none-eabi/lib/thumb/v7e-m+fp/hard\libc_nano.a(libc_a-mprec.o)
 *fill*         0x0000000008009606        0x2 
 .rodata.__mprec_bigtens
                0x0000000008009608       0x28 C:/ST/STM32CubeIDE_1.14.1/STM32CubeIDE/plugins/com.st.stm32cube.ide.mcu.externaltools.gnu-tools-for-stm32.11.3.rel1.win32_1.1.100.202309141235/tools/bin/../lib/gcc/arm-none-eabi/11.3.1/../../../../arm-none-eabi/lib/thumb/v7e-m+fp/hard\libc_nano.a(libc_a-mprec.o)
                0x0000000008009608                __mprec_bigtens
 .rodata.__mprec_tens
                0x0000000008009630       0xc8 C:/ST/STM32CubeIDE_1.14.1/STM32CubeIDE/plugins/com.st.stm32cube.ide.mcu.externaltools.gnu-tools-for-stm32.11.3.rel1.win32_1.1.100.202309141235/tools/bin/../lib/gcc/arm-none-eabi/11.3.1/../../../../arm-none-eabi/lib/thumb/v7e-m+fp/hard\libc_nano.a(libc_a-mprec.o)
                0x0000000008009630                __mprec_tens
 .rodata.p05.0  0x00000000080096f8        0xc C:/ST/STM32CubeIDE_1.14.1/STM32CubeIDE/plugins/com.st.stm32cube.ide.mcu.externaltools.gnu-tools-for-stm32.11.3.rel1.win32_1.1.100.202309141235/tools/bin/../lib/gcc/arm-none-eabi/11.3.1/../../../../arm-none-eabi/lib/thumb/v7e-m+fp/hard\libc_nano.a(libc_a-mprec.o)
 .rodata._svfprintf_r.str1.1
                0x0000000008009704       0x11 C:/ST/STM32CubeIDE_1.14.1/STM32CubeIDE/plugins/com.st.stm32cube.ide.mcu.externaltools.gnu-tools-for-stm32.11.3.rel1.win32_1.1.100.202309141235/tools/bin/../lib/gcc/arm-none-eabi/11.3.1/../../../../arm-none-eabi/lib/thumb/v7e-m+fp/hard\libc_nano.a(libc_a-nano-svfprintf.o)
 .rodata._setlocale_r.str1.1
                0x0000000008009715        0x8 C:/ST/STM32CubeIDE_1.14.1/STM32CubeIDE/plugins/com.st.stm32cube.ide.mcu.externaltools.gnu-tools-for-stm32.11.3.rel1.win32_1.1.100.202309141235/tools/bin/../lib/gcc/arm-none-eabi/11.3.1/../../../../arm-none-eabi/lib/thumb/v7e-m+fp/hard\libc_nano.a(libc_a-locale.o)
                                          0x9 (size before relaxing)
 .rodata.str1.1
                0x000000000800971d        0x2 C:/ST/STM32CubeIDE_1.14.1/STM32CubeIDE/plugins/com.st.stm32cube.ide.mcu.externaltools.gnu-tools-for-stm32.11.3.rel1.win32_1.1.100.202309141235/tools/bin/../lib/gcc/arm-none-eabi/11.3.1/../../../../arm-none-eabi/lib/thumb/v7e-m+fp/hard\libc_nano.a(libc_a-locale.o)
 .rodata.__assert_func.str1.1
                0x000000000800971f       0x3c C:/ST/STM32CubeIDE_1.14.1/STM32CubeIDE/plugins/com.st.stm32cube.ide.mcu.externaltools.gnu-tools-for-stm32.11.3.rel1.win32_1.1.100.202309141235/tools/bin/../lib/gcc/arm-none-eabi/11.3.1/../../../../arm-none-eabi/lib/thumb/v7e-m+fp/hard\libc_nano.a(libc_a-assert.o)
                                         0x3d (size before relaxing)
 .rodata._ctype_
                0x000000000800975b      0x101 C:/ST/STM32CubeIDE_1.14.1/STM32CubeIDE/plugins/com.st.stm32cube.ide.mcu.externaltools.gnu-tools-for-stm32.11.3.rel1.win32_1.1.100.202309141235/tools/bin/../lib/gcc/arm-none-eabi/11.3.1/../../../../arm-none-eabi/lib/thumb/v7e-m+fp/hard\libc_nano.a(libc_a-ctype_.o)
                0x000000000800975b                _ctype_
 .rodata._vfprintf_r.str1.1
                0x000000000800985c       0x11 C:/ST/STM32CubeIDE_1.14.1/STM32CubeIDE/plugins/com.st.stm32cube.ide.mcu.externaltools.gnu-tools-for-stm32.11.3.rel1.win32_1.1.100.202309141235/tools/bin/../lib/gcc/arm-none-eabi/11.3.1/../../../../arm-none-eabi/lib/thumb/v7e-m+fp/hard\libc_nano.a(libc_a-nano-vfprintf.o)
                0x0000000008009870                . = ALIGN (0x4)

.rel.dyn        0x000000000800985c        0x0
 .rel.iplt      0x000000000800985c        0x0 C:/ST/STM32CubeIDE_1.14.1/STM32CubeIDE/plugins/com.st.stm32cube.ide.mcu.externaltools.gnu-tools-for-stm32.11.3.rel1.win32_1.1.100.202309141235/tools/bin/../lib/gcc/arm-none-eabi/11.3.1/thumb/v7e-m+fp/hard/crtbegin.o

.ARM.extab      0x000000000800985c        0x0
                0x000000000800985c                . = ALIGN (0x4)
 *(.ARM.extab* .gnu.linkonce.armextab.*)
                0x000000000800985c                . = ALIGN (0x4)

.ARM            0x000000000800985c        0x0
                0x000000000800985c                . = ALIGN (0x4)
                0x000000000800985c                __exidx_start = .
 *(.ARM.exidx*)
                0x000000000800985c                __exidx_end = .
                0x000000000800985c                . = ALIGN (0x4)

.preinit_array  0x000000000800985c        0x0
                0x000000000800985c                . = ALIGN (0x4)
                0x000000000800985c                PROVIDE (__preinit_array_start = .)
 *(.preinit_array*)
                0x000000000800985c                PROVIDE (__preinit_array_end = .)
                0x000000000800985c                . = ALIGN (0x4)

.init_array     0x000000000800985c        0x4
                0x000000000800985c                . = ALIGN (0x4)
                0x000000000800985c                PROVIDE (__init_array_start = .)
 *(SORT_BY_NAME(.init_array.*))
 *(.init_array*)
 .init_array    0x000000000800985c        0x4 C:/ST/STM32CubeIDE_1.14.1/STM32CubeIDE/plugins/com.st.stm32cube.ide.mcu.externaltools.gnu-tools-for-stm32.11.3.rel1.win32_1.1.100.202309141235/tools/bin/../lib/gcc/arm-none-eabi/11.3.1/thumb/v7e-m+fp/hard/crtbegin.o
                0x0000000008009860                PROVIDE (__init_array_end = .)
                0x0000000008009860                . = ALIGN (0x4)

.fini_array     0x0000000008009860        0x4
                0x0000000008009860                . = ALIGN (0x4)
                [!provide]                        PROVIDE (__fini_array_start = .)
 *(SORT_BY_NAME(.fini_array.*))
 *(.fini_array*)
 .fini_array    0x0000000008009860        0x4 C:/ST/STM32CubeIDE_1.14.1/STM32CubeIDE/plugins/com.st.stm32cube.ide.mcu.externaltools.gnu-tools-for-stm32.11.3.rel1.win32_1.1.100.202309141235/tools/bin/../lib/gcc/arm-none-eabi/11.3.1/thumb/v7e-m+fp/hard/crtbegin.o
                [!provide]                        PROVIDE (__fini_array_end = .)
                0x0000000008009864                . = ALIGN (0x4)
                0x0000000008009864                _sidata = LOADADDR (.data)

.data           0x0000000020000000      0x2ec load address 0x0000000008009864
                0x0000000020000000                . = ALIGN (0x4)
                0x0000000020000000                _sdata = .
 *(.data)
 *(.data*)
 .data.USART1_PORT
                0x0000000020000000       0x40 ./Core/Src/serial.o
                0x0000000020000000                USART1_PORT
 .data.SystemCoreClock
                0x0000000020000040        0x4 ./Core/Src/system_stm32f3xx.o
                0x0000000020000040                SystemCoreClock
 .data.uwTickPrio
                0x0000000020000044        0x4 ./Drivers/STM32F3xx_HAL_Driver/Src/stm32f3xx_hal.o
                0x0000000020000044                uwTickPrio
 .data.uwTickFreq
                0x0000000020000048        0x1 ./Drivers/STM32F3xx_HAL_Driver/Src/stm32f3xx_hal.o
                0x0000000020000048                uwTickFreq
 *fill*         0x0000000020000049        0x3 
 .data.I3g4250Drv
                0x000000002000004c       0x34 C:\Users\61411\OneDrive\Desktop\MTRX2700-Game-Show\STMF3disco-BSP\Debug\libF3-components.a(i3g4250d.o)
                0x000000002000004c                I3g4250Drv
 .data.L3gd20Drv
                0x0000000020000080       0x34 C:\Users\61411\OneDrive\Desktop\MTRX2700-Game-Show\STMF3disco-BSP\Debug\libF3-components.a(l3gd20.o)
                0x0000000020000080                L3gd20Drv
 .data.Lsm303agrDrv
                0x00000000200000b4       0x34 C:\Users\61411\OneDrive\Desktop\MTRX2700-Game-Show\STMF3disco-BSP\Debug\libF3-components.a(lsm303agr.o)
                0x00000000200000b4                Lsm303agrDrv
 .data.Lsm303dlhcDrv
                0x00000000200000e8       0x34 C:\Users\61411\OneDrive\Desktop\MTRX2700-Game-Show\STMF3disco-BSP\Debug\libF3-components.a(lsm303dlhc.o)
                0x00000000200000e8                Lsm303dlhcDrv
 .data.SpixTimeout
                0x000000002000011c        0x4 C:\Users\61411\OneDrive\Desktop\MTRX2700-Game-Show\STMF3disco-BSP\Debug\libF3-components.a(stm32f3_discovery.o)
                0x000000002000011c                SpixTimeout
 .data.I2cxTimeout
                0x0000000020000120        0x4 C:\Users\61411\OneDrive\Desktop\MTRX2700-Game-Show\STMF3disco-BSP\Debug\libF3-components.a(stm32f3_discovery.o)
                0x0000000020000120                I2cxTimeout
 .data.__sglue  0x0000000020000124        0xc C:/ST/STM32CubeIDE_1.14.1/STM32CubeIDE/plugins/com.st.stm32cube.ide.mcu.externaltools.gnu-tools-for-stm32.11.3.rel1.win32_1.1.100.202309141235/tools/bin/../lib/gcc/arm-none-eabi/11.3.1/../../../../arm-none-eabi/lib/thumb/v7e-m+fp/hard\libc_nano.a(libc_a-findfp.o)
                0x0000000020000124                __sglue
 .data._impure_data
                0x0000000020000130       0x4c C:/ST/STM32CubeIDE_1.14.1/STM32CubeIDE/plugins/com.st.stm32cube.ide.mcu.externaltools.gnu-tools-for-stm32.11.3.rel1.win32_1.1.100.202309141235/tools/bin/../lib/gcc/arm-none-eabi/11.3.1/../../../../arm-none-eabi/lib/thumb/v7e-m+fp/hard\libc_nano.a(libc_a-impure.o)
                0x0000000020000130                _impure_data
 .data._impure_ptr
                0x000000002000017c        0x4 C:/ST/STM32CubeIDE_1.14.1/STM32CubeIDE/plugins/com.st.stm32cube.ide.mcu.externaltools.gnu-tools-for-stm32.11.3.rel1.win32_1.1.100.202309141235/tools/bin/../lib/gcc/arm-none-eabi/11.3.1/../../../../arm-none-eabi/lib/thumb/v7e-m+fp/hard\libc_nano.a(libc_a-impure.o)
                0x000000002000017c                _impure_ptr
 .data.__global_locale
                0x0000000020000180      0x16c C:/ST/STM32CubeIDE_1.14.1/STM32CubeIDE/plugins/com.st.stm32cube.ide.mcu.externaltools.gnu-tools-for-stm32.11.3.rel1.win32_1.1.100.202309141235/tools/bin/../lib/gcc/arm-none-eabi/11.3.1/../../../../arm-none-eabi/lib/thumb/v7e-m+fp/hard\libc_nano.a(libc_a-locale.o)
                0x0000000020000180                __global_locale
 *(.RamFunc)
 *(.RamFunc*)
                0x00000000200002ec                . = ALIGN (0x4)
                0x00000000200002ec                _edata = .
                0x0000000008009b50                _siccmram = LOADADDR (.ccmram)

.igot.plt       0x00000000200002ec        0x0 load address 0x0000000008009b50
 .igot.plt      0x00000000200002ec        0x0 C:/ST/STM32CubeIDE_1.14.1/STM32CubeIDE/plugins/com.st.stm32cube.ide.mcu.externaltools.gnu-tools-for-stm32.11.3.rel1.win32_1.1.100.202309141235/tools/bin/../lib/gcc/arm-none-eabi/11.3.1/thumb/v7e-m+fp/hard/crtbegin.o

.ccmram         0x0000000010000000        0x0 load address 0x0000000008009b50
                0x0000000010000000                . = ALIGN (0x4)
                0x0000000010000000                _sccmram = .
 *(.ccmram)
 *(.ccmram*)
                0x0000000010000000                . = ALIGN (0x4)
                0x0000000010000000                _eccmram = .
                0x0000000010000000                . = ALIGN (0x4)

.bss            0x00000000200002ec      0x5d4
                0x00000000200002ec                _sbss = .
                0x00000000200002ec                __bss_start__ = _sbss
 *(.bss)
 .bss           0x00000000200002ec       0x1c C:/ST/STM32CubeIDE_1.14.1/STM32CubeIDE/plugins/com.st.stm32cube.ide.mcu.externaltools.gnu-tools-for-stm32.11.3.rel1.win32_1.1.100.202309141235/tools/bin/../lib/gcc/arm-none-eabi/11.3.1/thumb/v7e-m+fp/hard/crtbegin.o
 *(.bss*)
 .bss.hi2c1     0x0000000020000308       0x54 ./Core/Src/main.o
                0x0000000020000308                hi2c1
 .bss.hspi1     0x000000002000035c       0x64 ./Core/Src/main.o
                0x000000002000035c                hspi1
 .bss.hpcd_USB_FS
                0x00000000200003c0      0x2ec ./Core/Src/main.o
                0x00000000200003c0                hpcd_USB_FS
 .bss.velocity  0x00000000200006ac        0x4 ./Core/Src/main.o
                0x00000000200006ac                velocity
 .bss.__sbrk_heap_end
                0x00000000200006b0        0x4 ./Core/Src/sysmem.o
 .bss.finished_interval
                0x00000000200006b4        0x4 ./Core/Src/timer.o
                0x00000000200006b4                finished_interval
 .bss.uwTick    0x00000000200006b8        0x4 ./Drivers/STM32F3xx_HAL_Driver/Src/stm32f3xx_hal.o
                0x00000000200006b8                uwTick
 .bss.AccelerometerDrv
                0x00000000200006bc        0x4 C:\Users\61411\OneDrive\Desktop\MTRX2700-Game-Show\STMF3disco-BSP\Debug\libF3-components.a(stm32f3_discovery_accelerometer.o)
 .bss.GyroscopeDrv
                0x00000000200006c0        0x4 C:\Users\61411\OneDrive\Desktop\MTRX2700-Game-Show\STMF3disco-BSP\Debug\libF3-components.a(stm32f3_discovery_gyroscope.o)
 .bss.SpiHandle
                0x00000000200006c4       0x64 C:\Users\61411\OneDrive\Desktop\MTRX2700-Game-Show\STMF3disco-BSP\Debug\libF3-components.a(stm32f3_discovery.o)
 .bss.I2cHandle
                0x0000000020000728       0x4c C:\Users\61411\OneDrive\Desktop\MTRX2700-Game-Show\STMF3disco-BSP\Debug\libF3-components.a(stm32f3_discovery.o)
 .bss.__sf      0x0000000020000774      0x138 C:/ST/STM32CubeIDE_1.14.1/STM32CubeIDE/plugins/com.st.stm32cube.ide.mcu.externaltools.gnu-tools-for-stm32.11.3.rel1.win32_1.1.100.202309141235/tools/bin/../lib/gcc/arm-none-eabi/11.3.1/../../../../arm-none-eabi/lib/thumb/v7e-m+fp/hard\libc_nano.a(libc_a-findfp.o)
                0x0000000020000774                __sf
 .bss.__stdio_exit_handler
                0x00000000200008ac        0x4 C:/ST/STM32CubeIDE_1.14.1/STM32CubeIDE/plugins/com.st.stm32cube.ide.mcu.externaltools.gnu-tools-for-stm32.11.3.rel1.win32_1.1.100.202309141235/tools/bin/../lib/gcc/arm-none-eabi/11.3.1/../../../../arm-none-eabi/lib/thumb/v7e-m+fp/hard\libc_nano.a(libc_a-findfp.o)
                0x00000000200008ac                __stdio_exit_handler
 .bss.errno     0x00000000200008b0        0x4 C:/ST/STM32CubeIDE_1.14.1/STM32CubeIDE/plugins/com.st.stm32cube.ide.mcu.externaltools.gnu-tools-for-stm32.11.3.rel1.win32_1.1.100.202309141235/tools/bin/../lib/gcc/arm-none-eabi/11.3.1/../../../../arm-none-eabi/lib/thumb/v7e-m+fp/hard\libc_nano.a(libc_a-reent.o)
                0x00000000200008b0                errno
 .bss.__lock___malloc_recursive_mutex
                0x00000000200008b4        0x1 C:/ST/STM32CubeIDE_1.14.1/STM32CubeIDE/plugins/com.st.stm32cube.ide.mcu.externaltools.gnu-tools-for-stm32.11.3.rel1.win32_1.1.100.202309141235/tools/bin/../lib/gcc/arm-none-eabi/11.3.1/../../../../arm-none-eabi/lib/thumb/v7e-m+fp/hard\libc_nano.a(libc_a-lock.o)
                0x00000000200008b4                __lock___malloc_recursive_mutex
 .bss.__lock___sfp_recursive_mutex