../Core/Src/main.c:78:6:USART1_IRQHandler	24	static
../Core/Src/main.c:112:6:enable_clocks	4	static
../Core/Src/main.c:120:6:read_and_transmit	128	static
../Core/Src/main.c:160:5:main	8	static
../Core/Src/main.c:220:6:SystemClock_Config	128	static
../Core/Src/main.c:269:13:MX_I2C1_Init	8	static
../Core/Src/main.c:317:13:MX_SPI1_Init	8	static
../Core/Src/main.c:357:13:MX_USB_PCD_Init	8	static
../Core/Src/main.c:388:13:MX_GPIO_Init	48	static
../Core/Src/main.c:439:6:Error_Handler	4	static,ignoring_inline_asm
