../Core/Src/main.c:73:6:USART1_IRQHandler	96	static
../Core/Src/main.c:93:6:enable_clocks	4	static
../Core/Src/main.c:101:6:read_and_transmit	112	static
../Core/Src/main.c:136:5:main	8	static
../Core/Src/main.c:196:6:SystemClock_Config	128	static
../Core/Src/main.c:245:13:MX_I2C1_Init	8	static
../Core/Src/main.c:293:13:MX_SPI1_Init	8	static
../Core/Src/main.c:333:13:MX_USB_PCD_Init	8	static
../Core/Src/main.c:364:13:MX_GPIO_Init	48	static
../Core/Src/main.c:415:6:Error_Handler	4	static,ignoring_inline_asm
